 cesta_sfun

 Timestamp is 52b0ecea (Wed Dec 18 01:31:38 2013)

 Preferred load address is 0000000180000000

 Start         Length     Name                   Class
 0001:00000000 0003c964H .text                   CODE
 0001:0003c970 00000092H .text$x                 CODE
 0002:00000000 000004b0H .idata$5                DATA
 0002:000004b0 00000008H .CRT$XCA                DATA
 0002:000004b8 00000008H .CRT$XCZ                DATA
 0002:000004c0 00000008H .CRT$XIA                DATA
 0002:000004c8 00000008H .CRT$XIAA               DATA
 0002:000004d0 00000008H .CRT$XIZ                DATA
 0002:000004e0 00004b4cH .rdata                  DATA
 0002:00005030 00000008H .rtc$IAA                DATA
 0002:00005038 00000008H .rtc$IZZ                DATA
 0002:00005040 00000008H .rtc$TAA                DATA
 0002:00005048 00000008H .rtc$TZZ                DATA
 0002:00005050 00004194H .xdata                  DATA
 0002:000091e4 000000a0H .idata$2                DATA
 0002:00009284 00000014H .idata$3                DATA
 0002:00009298 000004b0H .idata$4                DATA
 0002:00009748 00000b06H .idata$6                DATA
 0002:0000a250 00000050H .edata                  DATA
 0003:00000000 000026d8H .data                   DATA
 0003:000026e0 00002418H .bss                    DATA
 0004:00000000 00003138H .pdata                  DATA

  Address         Publics by Value              Rva+Base               Lib:Object

 0000:00000000       ___safe_se_handler_table   0000000000000000     <absolute>
 0000:00000000       ___safe_se_handler_count   0000000000000000     <absolute>
 0000:00000000       __ImageBase                0000000180000000     <linker-defined>
 0001:00000000       sf_c1_cesta_get_eml_resolved_functions_info 0000000180001000 f   c1_cesta.obj
 0001:00001050       sf_c1_cesta_get_check_sum  0000000180002050 f   c1_cesta.obj
 0001:000010d0       sf_c1_cesta_get_autoinheritance_info 00000001800020d0 f   c1_cesta.obj
 0001:00001ca0       sf_c1_cesta_third_party_uses_info 0000000180002ca0 f   c1_cesta.obj
 0001:00001cd0       sf_internal_get_sim_state_c1_cesta 0000000180002cd0 f   c1_cesta.obj
 0001:000021b0       sf_internal_set_sim_state_c1_cesta 00000001800031b0 f   c1_cesta.obj
 0001:00002640       c1_cesta_method_dispatcher 0000000180003640 f   c1_cesta.obj
 0001:0000a7e0       sf_process_check_sum_call  000000018000b7e0 f   cesta_sfun_registry.obj
 0001:0000a830       sf_process_autoinheritance_call 000000018000b830 f   cesta_sfun_registry.obj
 0001:0000a9d0       sf_process_get_third_party_uses_info_call 000000018000b9d0 f   cesta_sfun_registry.obj
 0001:0000ab70       sf_process_get_eml_resolved_functions_info_call 000000018000bb70 f   cesta_sfun_registry.obj
 0001:0000acf0       sf_mex_unlock_call         000000018000bcf0 f   cesta_sfun_registry.obj
 0001:0000ada0       sf_machine_global_initializer_called 000000018000bda0 f   cesta_sfun_registry.obj
 0001:0000add0       sf_machine_global_method_dispatcher 000000018000bdd0 f   cesta_sfun_registry.obj
 0001:0000ae30       sf_machine_global_terminator 000000018000be30 f   cesta_sfun_registry.obj
 0001:0000ae80       sf_register_machine_exported_symbols 000000018000be80 f   cesta_sfun_registry.obj
 0001:0000aea0       callCustomFcn              000000018000bea0 f   cesta_sfun_registry.obj
 0001:0000aeb0       sf_machine_global_initializer 000000018000beb0 f   cesta_sfun_registry.obj
 0001:0000af30       _ssSetStateAbsTol          000000018000bf30 f   cesta_sfun_registry.obj
 0001:0000b010       _ssGetAbsTol               000000018000c010 f   cesta_sfun_registry.obj
 0001:0000b080       _ssSetInputPortMatrixDimensions 000000018000c080 f   cesta_sfun_registry.obj
 0001:0000b190       _ssSetOutputPortMatrixDimensions 000000018000c190 f   cesta_sfun_registry.obj
 0001:0000b2a0       _ssSetInputPortVectorDimension 000000018000c2a0 f   cesta_sfun_registry.obj
 0001:0000b370       _ssSetOutputPortVectorDimension 000000018000c370 f   cesta_sfun_registry.obj
 0001:0000b440       ssIsRunTimeParamTunable    000000018000c440 f   cesta_sfun_registry.obj
 0001:0000b4b0       ssGetSFuncBlockHandle      000000018000c4b0 f   cesta_sfun_registry.obj
 0001:0000b520       _ssGetCurrentInputPortWidth 000000018000c520 f   cesta_sfun_registry.obj
 0001:0000b640       _ssGetCurrentOutputPortWidth 000000018000c640 f   cesta_sfun_registry.obj
 0001:0000b760       _ssGetCallSystemNumFcnCallDestinations 000000018000c760 f   cesta_sfun_registry.obj
 0001:0000b7d0       ssWarning                  000000018000c7d0 f   cesta_sfun_registry.obj
 0001:0000b8e0       ssGetIsZeroCrossControlDisabled 000000018000c8e0 f   cesta_sfun_registry.obj
 0001:0000b950       ssSetIsInputPortUsedForContZcSignal 000000018000c950 f   cesta_sfun_registry.obj
 0001:0000b9c0       ssSetZcSignalIsZcElementDisc 000000018000c9c0 f   cesta_sfun_registry.obj
 0001:0000ba70       ssSetZcSignalName          000000018000ca70 f   cesta_sfun_registry.obj
 0001:0000bae0       ssSetZcSignalWidth         000000018000cae0 f   cesta_sfun_registry.obj
 0001:0000bb50       ssSetZcSignalZcEventType   000000018000cb50 f   cesta_sfun_registry.obj
 0001:0000bbc0       ssSetZcSignalType          000000018000cbc0 f   cesta_sfun_registry.obj
 0001:0000bc30       ssSetZcSignalZcTol         000000018000cc30 f   cesta_sfun_registry.obj
 0001:0000bca0       ssSetZcSignalNeedsEventNotification 000000018000cca0 f   cesta_sfun_registry.obj
 0001:0000bd10       ssCreateAndAddZcSignalInfo 000000018000cd10 f   cesta_sfun_registry.obj
 0001:0000bd80       ssCloneAndAddZcSignalInfo  000000018000cd80 f   cesta_sfun_registry.obj
 0001:0000bdf0       ssGetNumZcSignals          000000018000cdf0 f   cesta_sfun_registry.obj
 0001:0000be60       ssGetZcSignalVector        000000018000ce60 f   cesta_sfun_registry.obj
 0001:0000bed0       ssGetZcSignalZcEvents      000000018000ced0 f   cesta_sfun_registry.obj
 0001:0000bf40       ssGetZcSignalName          000000018000cf40 f   cesta_sfun_registry.obj
 0001:0000bfb0       ssGetZcSignalWidth         000000018000cfb0 f   cesta_sfun_registry.obj
 0001:0000c020       ssGetZcSignalZcEventType   000000018000d020 f   cesta_sfun_registry.obj
 0001:0000c090       ssGetZcSignalType          000000018000d090 f   cesta_sfun_registry.obj
 0001:0000c100       ssGetZcSignalZcTol         000000018000d100 f   cesta_sfun_registry.obj
 0001:0000c180       ssGetZcSignalNeedsEventNotification 000000018000d180 f   cesta_sfun_registry.obj
 0001:0000c1f0       ssGetZcSignalIsZcElementDisc 000000018000d1f0 f   cesta_sfun_registry.obj
 0001:0000c290       ssGetIsInputPortElementContinuous 000000018000d290 f   cesta_sfun_registry.obj
 0001:0000c330       _ssGetInputPortSignalPtrsFcn 000000018000d330 f   cesta_sfun_registry.obj
 0001:0000c5f0       _ssGetInputPortSignalFcn   000000018000d5f0 f   cesta_sfun_registry.obj
 0001:0000c810       _ssSetInputPortDirectFeedThroughFcn 000000018000d810 f   cesta_sfun_registry.obj
 0001:0000c970       _ssSetInputPortReusableFcn 000000018000d970 f   cesta_sfun_registry.obj
 0001:0000ca60       _ssSetOutputPortReusableFcn 000000018000da60 f   cesta_sfun_registry.obj
 0001:0000cb40       ssGetDTypeIdFromMxArray    000000018000db40 f   cesta_sfun_registry.obj
 0001:0000cc60       ssWriteRTWStr              000000018000dc60 f   cesta_sfun_registry.obj
 0001:0000ccc0       ssWriteRTWMxVectParam      000000018000dcc0 f   cesta_sfun_registry.obj
 0001:0000cd20       ssWriteRTWMx2dMatParam     000000018000dd20 f   cesta_sfun_registry.obj
 0001:0000cda0       ssWriteRTWNameValuePair    000000018000dda0 f   cesta_sfun_registry.obj
 0001:0000d290       ssWriteRTWParameters       000000018000e290 f   cesta_sfun_registry.obj
 0001:0000d890       ssWriteRTWParamSettings    000000018000e890 f   cesta_sfun_registry.obj
 0001:0000df60       ssWriteRTWWorkVect         000000018000ef60 f   cesta_sfun_registry.obj
 0001:0000e460       mexFunction                000000018000f460 f   cesta_sfun_registry.obj
 0001:00010190       ProcessMexSfunctionEveryCall 0000000180011190 f   cesta_sfun_registry.obj
 0001:00010300       cesta_initializer          0000000180011300 f   cesta_sfun.obj
 0001:00010310       cesta_terminator           0000000180011310 f   cesta_sfun.obj
 0001:00010320       sf_cesta_method_dispatcher 0000000180011320 f   cesta_sfun.obj
 0001:00010370       sf_cesta_process_check_sum_call 0000000180011370 f   cesta_sfun.obj
 0001:00010780       sf_cesta_autoinheritance_info 0000000180011780 f   cesta_sfun.obj
 0001:000108f0       sf_cesta_get_eml_resolved_functions_info 00000001800118f0 f   cesta_sfun.obj
 0001:00010a20       sf_cesta_third_party_uses_info 0000000180011a20 f   cesta_sfun.obj
 0001:00010b70       cesta_debug_initialize     0000000180011b70 f   cesta_sfun.obj
 0001:00010bf0       cesta_register_exported_symbols 0000000180011bf0 f   cesta_sfun.obj
 0001:00010c00       load_cesta_optimization_info 0000000180011c00 f   cesta_sfun.obj
 0001:00010c50       unload_cesta_optimization_info 0000000180011c50 f   cesta_sfun.obj
 0001:00010d70       sf_mex_mx_is_numeric       0000000180011d70 f   sfc_mex:sfc_mex.obj
 0001:00010db0       strcmp_ignore_ws           0000000180011db0 f   sfc_mex:sfc_mex.obj
 0001:00010ef0       sf_mex_duplicatearraysafe  0000000180011ef0 f   sfc_mex:sfc_mex.obj
 0001:00011050       sf_set_error_debugger_context_message_fcn 0000000180012050 f   sfc_mex:sfc_mex.obj
 0001:00011060       sf_set_debugger_matlab_error_fcn 0000000180012060 f   sfc_mex:sfc_mex.obj
 0001:000110a0       sf_set_error_prefix_string 00000001800120a0 f   sfc_mex:sfc_mex.obj
 0001:000110d0       sf_get_error_prefix_string 00000001800120d0 f   sfc_mex:sfc_mex.obj
 0001:000110e0       sf_mex_enter_parallel_region 00000001800120e0 f   sfc_mex:sfc_mex.obj
 0001:000110f0       sf_mex_exit_parallel_region 00000001800120f0 f   sfc_mex:sfc_mex.obj
 0001:00011100       sf_get_current_jmp_buf_ptr 0000000180012100 f   sfc_mex:sfc_mex.obj
 0001:00011110       sf_set_current_jmp_buf_ptr 0000000180012110 f   sfc_mex:sfc_mex.obj
 0001:00011120       sf_mex_set_halt_simulation 0000000180012120 f   sfc_mex:sfc_mex.obj
 0001:00011130       sf_mex_get_halt_simulation 0000000180012130 f   sfc_mex:sfc_mex.obj
 0001:00011140       sf_mex_clear_error_message 0000000180012140 f   sfc_mex:sfc_mex.obj
 0001:00011160       sf_mex_get_error_message_for_read 0000000180012160 f   sfc_mex:sfc_mex.obj
 0001:00011170       sf_mex_get_error_message_buffer_length 0000000180012170 f   sfc_mex:sfc_mex.obj
 0001:00011250       sf_mex_warning_message     0000000180012250 f   sfc_mex:sfc_mex.obj
 0001:000112c0       sf_mex_v_errbuf_createf    00000001800122c0 f   sfc_mex:sfc_mex.obj
 0001:000112d0       sf_mex_errbuf_createf      00000001800122d0 f   sfc_mex:sfc_mex.obj
 0001:00011300       sf_mex_v_errbuf_catf       0000000180012300 f   sfc_mex:sfc_mex.obj
 0001:00011340       sf_mex_errbuf_catf         0000000180012340 f   sfc_mex:sfc_mex.obj
 0001:00011390       sf_mex_errbuf_copy         0000000180012390 f   sfc_mex:sfc_mex.obj
 0001:000113a0       sf_mex_errbuf_clear        00000001800123a0 f   sfc_mex:sfc_mex.obj
 0001:000113b0       sf_mex_errbuf_isempty      00000001800123b0 f   sfc_mex:sfc_mex.obj
 0001:000114b0       sf_mex_set_error_status    00000001800124b0 f   sfc_mex:sfc_mex.obj
 0001:00011500       sf_mex_error_direct_call   0000000180012500 f   sfc_mex:sfc_mex.obj
 0001:00011520       sf_mex_error_message_no_long_jump 0000000180012520 f   sfc_mex:sfc_mex.obj
 0001:00011540       sf_mex_long_jump_on_error  0000000180012540 f   sfc_mex:sfc_mex.obj
 0001:00011570       sf_mex_call_matlab         0000000180012570 f   sfc_mex:sfc_mex.obj
 0001:00011690       sf_mex_check_builtin       0000000180012690 f   sfc_mex:sfc_mex.obj
 0001:00011730       sf_mex_check_builtin_vs    0000000180012730 f   sfc_mex:sfc_mex.obj
 0001:000117f0       sf_mex_check_enum          00000001800127f0 f   sfc_mex:sfc_mex.obj
 0001:00011870       sf_mex_create_enum         0000000180012870 f   sfc_mex:sfc_mex.obj
 0001:000118e0       sf_mex_get_enum_element    00000001800128e0 f   sfc_mex:sfc_mex.obj
 0001:000118f0       sf_mex_createcellarray     00000001800128f0 f   sfc_mex:sfc_mex.obj
 0001:00011900       sf_mex_setcell             0000000180012900 f   sfc_mex:sfc_mex.obj
 0001:00011910       sf_mex_getcell             0000000180012910 f   sfc_mex:sfc_mex.obj
 0001:00011920       sf_mex_dup                 0000000180012920 f   sfc_mex:sfc_mex.obj
 0001:00011940       sf_mex_assign              0000000180012940 f   sfc_mex:sfc_mex.obj
 0001:000119c0       sf_mex_destroy             00000001800129c0 f   sfc_mex:sfc_mex.obj
 0001:000119f0       mx_array_has_fi_type       00000001800129f0 f   sfc_mex:sfc_mex.obj
 0001:00011a20       sf_mex_convert_from_fi     0000000180012a20 f   sfc_mex:sfc_mex.obj
 0001:00011b50       sf_mex_convert_to_double   0000000180012b50 f   sfc_mex:sfc_mex.obj
 0001:00011c70       sf_mex_import_fi_vs        0000000180012c70 f   sfc_mex:sfc_mex.obj
 0001:00011ea0       sf_matrix_matrix_index_ok  0000000180012ea0 f   sfc_mex:sfc_mex.obj
 0001:00011f30       sf_vector_vector_index_ok  0000000180012f30 f   sfc_mex:sfc_mex.obj
 0001:00011f60       ssGetCurrentInputPortDimensions_wrapper 0000000180012f60 f   sfc_mex:sfc_mex.obj
 0001:00011f80       ssGetCurrentOutputPortDimensions_wrapper 0000000180012f80 f   sfc_mex:sfc_mex.obj
 0001:00011fa0       sf_mex_emlrt_context_is_debug_mode 0000000180012fa0 f   sfc_mex:sfc_mex.obj
 0001:00011fb0       sf_mex_emlrt_context_set_debug_mode 0000000180012fb0 f   sfc_mex:sfc_mex.obj
 0001:00011fc0       sf_mex_emlrtNameCapturePostProcessR2012a 0000000180012fc0 f   sfc_mex:sfc_mex.obj
 0001:00012030       sf_clear_error_manager_info 0000000180013030 f   sfc_mex:sfc_mex.obj
 0001:00012090       sf_mex_stop_simulation_abruptly_wo_error 0000000180013090 f   sfc_mex:sfc_mex.obj
 0001:000120d0       sf_mex_error_message       00000001800130d0 f   sfc_mex:sfc_mex.obj
 0001:00012140       sf_react_to_error_in_matlab_call 0000000180013140 f   sfc_mex:sfc_mex.obj
 0001:00012170       sf_mex_addfield            0000000180013170 f   sfc_mex:sfc_mex.obj
 0001:00012210       sf_mex_getfield            0000000180013210 f   sfc_mex:sfc_mex.obj
 0001:00012510       sf_mex_check_class         0000000180013510 f   sfc_mex:sfc_mex.obj
 0001:000125b0       sf_mex_is_real             00000001800135b0 f   sfc_mex:sfc_mex.obj
 0001:00012a20       sf_mex_decode_encoded_mx_struct_array 0000000180013a20 f   sfc_mex:sfc_mex.obj
 0001:00012d10       sf_mex_lw_bounds_check     0000000180013d10 f   sfc_mex:sfc_mex.obj
 0001:00012d40       sf_mex_lw_size_eq_check_1d 0000000180013d40 f   sfc_mex:sfc_mex.obj
 0001:00012d60       sf_mex_lw_size_eq_check_nd 0000000180013d60 f   sfc_mex:sfc_mex.obj
 0001:00012f40       sf_mex_lw_dim_size_eq_check 0000000180013f40 f   sfc_mex:sfc_mex.obj
 0001:00012f70       sf_mex_lw_dim_size_geq_check 0000000180013f70 f   sfc_mex:sfc_mex.obj
 0001:00012fa0       sf_mex_lw_sub_assign_size_check_nd 0000000180013fa0 f   sfc_mex:sfc_mex.obj
 0001:00013170       sf_mex_lw_runtime_error_msgid 0000000180014170 f   sfc_mex:sfc_mex.obj
 0001:00013260       sf_mex_lw_matrix_matrix_index_check 0000000180014260 f   sfc_mex:sfc_mex.obj
 0001:00013280       sf_mex_lw_vector_vector_index_check 0000000180014280 f   sfc_mex:sfc_mex.obj
 0001:000132c0       sf_mex_lw_for_loop_vector_check 00000001800142c0 f   sfc_mex:sfc_mex.obj
 0001:00013350       sf_mex_lw_non_negative_check 0000000180014350 f   sfc_mex:sfc_mex.obj
 0001:00013390       sf_mex_overflow_error      0000000180014390 f   sfc_mex:sfc_mex.obj
 0001:000133a0       sf_mex_dividebyzero_error  00000001800143a0 f   sfc_mex:sfc_mex.obj
 0001:000133b0       sf_mex_unsafe_enum_error   00000001800143b0 f   sfc_mex:sfc_mex.obj
 0001:000133c0       sf_emlrtErrHandler         00000001800143c0 f   sfc_mex:sfc_mex.obj
 0001:000134a0       sf_mex_size_one_check      00000001800144a0 f   sfc_mex:sfc_mex.obj
 0001:000134c0       sf_mex_printf              00000001800144c0 f   sfc_mex:sfc_mex.obj
 0001:00013690       sf_mex_check_size          0000000180014690 f   sfc_mex:sfc_mex.obj
 0001:00013930       sf_mex_check_struct        0000000180014930 f   sfc_mex:sfc_mex.obj
 0001:00013b90       sf_mex_check_struct_vs     0000000180014b90 f   sfc_mex:sfc_mex.obj
 0001:00013c20       sf_mex_check_fi            0000000180014c20 f   sfc_mex:sfc_mex.obj
 0001:00013d20       sf_mex_check_fi_vs         0000000180014d20 f   sfc_mex:sfc_mex.obj
 0001:00013dc0       sf_echo_expression         0000000180014dc0 f   sfc_mex:sfc_mex.obj
 0001:00013e20       sf_assertion_failed        0000000180014e20 f   sfc_mex:sfc_mex.obj
 0001:00014100       sf_mex_evalin              0000000180015100 f   sfc_mex:sfc_mex.obj
 0001:00014370       sf_mex_export              0000000180015370 f   sfc_mex:sfc_mex.obj
 0001:00014430       sf_mex_get_ml_var_no_error 0000000180015430 f   sfc_mex:sfc_mex.obj
 0001:000145d0       sf_mex_get_ml_var          00000001800155d0 f   sfc_mex:sfc_mex.obj
 0001:00014a60       ml_set_element_value_in_array 0000000180015a60 f   sfc_mex:sfc_mex.obj
 0001:00015b20       sf_mex_call_impl           0000000180016b20 f   sfc_mex:sfc_mex.obj
 0001:00015f40       sf_mex_call_debug          0000000180016f40 f   sfc_mex:sfc_mex.obj
 0001:00015f70       sf_mex_call                0000000180016f70 f   sfc_mex:sfc_mex.obj
 0001:000165c0       sf_mex_createstruct        00000001800175c0 f   sfc_mex:sfc_mex.obj
 0001:000166d0       sf_mex_createstructarray   00000001800176d0 f   sfc_mex:sfc_mex.obj
 0001:00016750       sf_mex_get_mx_datatype_from_sf_datatype 0000000180017750 f   sfc_mex:sfc_mex.obj
 0001:00016a60       sf_mex_ml_var_sub          0000000180017a60 f   sfc_mex:sfc_mex.obj
 0001:00016c40       sf_mex_ml_var_subsasgn     0000000180017c40 f   sfc_mex:sfc_mex.obj
 0001:00017040       sf_mex_sub                 0000000180018040 f   sfc_mex:sfc_mex.obj
 0001:00017250       sf_mex_subsasgn            0000000180018250 f   sfc_mex:sfc_mex.obj
 0001:00017760       sf_mex_create              0000000180018760 f   sfc_mex:sfc_mex.obj
 0001:00018100       sf_mex_import_named        0000000180019100 f   sfc_mex:sfc_mex.obj
 0001:00018160       sf_mex_import              0000000180019160 f   sfc_mex:sfc_mex.obj
 0001:000181b0       sf_mex_import_vs           00000001800191b0 f   sfc_mex:sfc_mex.obj
 0001:000182c0       sf_mex_lower_fixpt_mx_array 00000001800192c0 f   sfc_mex:sfc_mex.obj
 0001:000185c0       sf_send_message_wrapper    00000001800195c0 f   sfc_mex:sfc_sf.obj
 0001:000185f0       sf_receive_message_wrapper 00000001800195f0 f   sfc_mex:sfc_sf.obj
 0001:00018630       sf_check_out_message_wrapper 0000000180019630 f   sfc_mex:sfc_sf.obj
 0001:00018670       sf_check_in_message_wrapper 0000000180019670 f   sfc_mex:sfc_sf.obj
 0001:000186b0       sf_no_message_wrapper      00000001800196b0 f   sfc_mex:sfc_sf.obj
 0001:00018a40       sim_mode_is_rtw_gen        0000000180019a40 f   sfc_mex:sfc_sf.obj
 0001:00018a70       sim_mode_is_external       0000000180019a70 f   sfc_mex:sfc_sf.obj
 0001:00018a80       sim_mode_is_modelref_sim   0000000180019a80 f   sfc_mex:sfc_sf.obj
 0001:00018aa0       mdlInitializeSizes         0000000180019aa0 f   sfc_mex:sfc_sf.obj
 0001:00018ac0       mdlInitializeSampleTimes   0000000180019ac0 f   sfc_mex:sfc_sf.obj
 0001:00018b00       mdlZeroCrossings           0000000180019b00 f   sfc_mex:sfc_sf.obj
 0001:00018bf0       mdlDerivatives             0000000180019bf0 f   sfc_mex:sfc_sf.obj
 0001:00018cb0       mdl_initialize_conditions_processing 0000000180019cb0 f   sfc_mex:sfc_sf.obj
 0001:00018ce0       mdlInitializeConditions    0000000180019ce0 f   sfc_mex:sfc_sf.obj
 0001:00018da0       mdlGetSimState             0000000180019da0 f   sfc_mex:sfc_sf.obj
 0001:00018db0       mdlSetSimState             0000000180019db0 f   sfc_mex:sfc_sf.obj
 0001:00018dc0       mdl_ext_mode_exec_processing 0000000180019dc0 f   sfc_mex:sfc_sf.obj
 0001:00018de0       mdlExtModeExec             0000000180019de0 f   sfc_mex:sfc_sf.obj
 0001:00018f80       mdlTerminate               0000000180019f80 f   sfc_mex:sfc_sf.obj
 0001:00018ff0       mdlRTW                     0000000180019ff0 f   sfc_mex:sfc_sf.obj
 0001:00019020       mdlSetWorkWidths           000000018001a020 f   sfc_mex:sfc_sf.obj
 0001:00019030       mdlProcessParameters       000000018001a030 f   sfc_mex:sfc_sf.obj
 0001:00019040       mdl_start_processing       000000018001a040 f   sfc_mex:sfc_sf.obj
 0001:000190a0       mdlStart                   000000018001a0a0 f   sfc_mex:sfc_sf.obj
 0001:000191b0       mdlEnable                  000000018001a1b0 f   sfc_mex:sfc_sf.obj
 0001:00019290       mdlDisable                 000000018001a290 f   sfc_mex:sfc_sf.obj
 0001:00019350       sf_get_chart_instance_ptr  000000018001a350 f   sfc_mex:sfc_sf.obj
 0001:00019370       sf_load_rtw_optimization_info 000000018001a370 f   sfc_mex:sfc_sf.obj
 0001:00019440       sf_update_buildInfo        000000018001a440 f   sfc_mex:sfc_sf.obj
 0001:00019540       sf_rtw_info_uint_prop      000000018001a540 f   sfc_mex:sfc_sf.obj
 0001:00019680       sf_is_chart_inlinable      000000018001a680 f   sfc_mex:sfc_sf.obj
 0001:000196a0       sf_mark_output_events_with_multiple_callers 000000018001a6a0 f   sfc_mex:sfc_sf.obj
 0001:00019830       sf_mark_chart_reusable_outputs 000000018001a830 f   sfc_mex:sfc_sf.obj
 0001:00019a90       sf_mark_chart_expressionable_inputs 000000018001aa90 f   sfc_mex:sfc_sf.obj
 0001:00019cf0       sf_get_subchart_simstruct  000000018001acf0 f   sfc_mex:sfc_sf.obj
 0001:00019d40       sf_get_fixpt_data_type_id  000000018001ad40 f   sfc_mex:sfc_sf.obj
 0001:00019d80       sf_get_enum_data_type_id   000000018001ad80 f   sfc_mex:sfc_sf.obj
 0001:00019dc0       sf_get_param_data_type_id  000000018001adc0 f   sfc_mex:sfc_sf.obj
 0001:00019df0       sf_mex_listen_for_ctrl_c_force 000000018001adf0 f   sfc_mex:sfc_sf.obj
 0001:00019f00       sf_mex_draw_now            000000018001af00 f   sfc_mex:sfc_sf.obj
 0001:00019f40       sf_mex_set_debugger_sim_status_listener_fcn 000000018001af40 f   sfc_mex:sfc_sf.obj
 0001:00019f50       sf_mex_listen_for_ctrl_c   000000018001af50 f   sfc_mex:sfc_sf.obj
 0001:00019ff0       sf_mex_get_sfun_param      000000018001aff0 f   sfc_mex:sfc_sf.obj
 0001:0001a040       sf_get_runtime_param_data  000000018001b040 f   sfc_mex:sfc_sf.obj
 0001:0001a080       sf_call_output_fcn_call    000000018001b080 f   sfc_mex:sfc_sf.obj
 0001:0001a1c0       sf_call_output_fcn_enable  000000018001b1c0 f   sfc_mex:sfc_sf.obj
 0001:0001a250       sf_call_output_fcn_disable 000000018001b250 f   sfc_mex:sfc_sf.obj
 0001:0001a2e0       sf_clear_rtw_identifier    000000018001b2e0 f   sfc_mex:sfc_sf.obj
 0001:0001ab00       sf_set_encoded_dwork_info  000000018001bb00 f   sfc_mex:sfc_sf.obj
 0001:0001ab50       sf_get_dwork_info_from_mat_file 000000018001bb50 f   sfc_mex:sfc_sf.obj
 0001:0001ad10       sf_set_rtw_dwork_info      000000018001bd10 f   sfc_mex:sfc_sf.obj
 0001:0001ae80       mdlOutputs                 000000018001be80 f   sfc_mex:sfc_sf.obj
 0001:0001afa0       sf_debug_chart_instance_initialized_quick 000000018001bfa0 f   sfc_debug:sfcdebug.obj
 0001:0001b020       sf_debug_disp              000000018001c020 f   sfc_debug:sfcdebug.obj
 0001:0001b2f0       sf_debug_data_runtime_size_mismatch_error_check 000000018001c2f0 f   sfc_debug:sfcdebug.obj
 0001:0001b3a0       sf_debug_try_loading_machine 000000018001c3a0 f   sfc_debug:sfcdebug.obj
 0001:0001b4a0       sf_debug_reset_current_state_configuration 000000018001c4a0 f   sfc_debug:sfcdebug.obj
 0001:0001b520       sf_debug_store_current_state_configuration 000000018001c520 f   sfc_debug:sfcdebug.obj
 0001:0001b5a0       sf_debug_restore_previous_state_configuration 000000018001c5a0 f   sfc_debug:sfcdebug.obj
 0001:0001b620       sf_debug_restore_previous_state_configuration2 000000018001c620 f   sfc_debug:sfcdebug.obj
 0001:0001b6a0       sf_debug_get_event_scope   000000018001c6a0 f   sfc_debug:sfcdebug.obj
 0001:0001b810       use_debugger_step_animation 000000018001c810 f   sfc_debug:sfcdebug.obj
 0001:0001b830       sf_debug_get_script_id     000000018001c830 f   sfc_debug:sfcdebug.obj
 0001:0001b8c0       sf_debug_set_script_translation 000000018001c8c0 f   sfc_debug:sfcdebug.obj
 0001:0001ba40       sf_debug_extract_message_post_receive_info 000000018001ca40 f   sfc_debug:sfcdebug.obj
 0001:0001bc00       sf_debug_get_current_machine_id 000000018001cc00 f   sfc_debug:sfcdebug.obj
 0001:0001bc20       sf_debug_get_current_optional_integer 000000018001cc20 f   sfc_debug:sfcdebug.obj
 0001:0001bc30       sf_debug_get_current_machine_number 000000018001cc30 f   sfc_debug:sfcdebug.obj
 0001:0001bc50       sf_debug_get_current_machine_name 000000018001cc50 f   sfc_debug:sfcdebug.obj
 0001:0001bc70       sf_debug_get_current_chart_id 000000018001cc70 f   sfc_debug:sfcdebug.obj
 0001:0001bcb0       sf_debug_get_current_chart_number 000000018001ccb0 f   sfc_debug:sfcdebug.obj
 0001:0001bcc0       sf_debug_get_current_instance_number 000000018001ccc0 f   sfc_debug:sfcdebug.obj
 0001:0001bcd0       sf_debug_get_current_is_minor_time_step 000000018001ccd0 f   sfc_debug:sfcdebug.obj
 0001:0001bd50       sf_debug_get_current_object_type 000000018001cd50 f   sfc_debug:sfcdebug.obj
 0001:0001bd60       sf_debug_get_current_instance_handle 000000018001cd60 f   sfc_debug:sfcdebug.obj
 0001:0001bdc0       sf_debug_get_current_event_type 000000018001cdc0 f   sfc_debug:sfcdebug.obj
 0001:0001bdd0       sf_debug_get_current_object_id 000000018001cdd0 f   sfc_debug:sfcdebug.obj
 0001:0001be10       sf_debug_get_current_active_event_type 000000018001ce10 f   sfc_debug:sfcdebug.obj
 0001:0001be20       sf_debug_get_current_active_event_id 000000018001ce20 f   sfc_debug:sfcdebug.obj
 0001:0001be60       sf_debug_get_current_tag_type 000000018001ce60 f   sfc_debug:sfcdebug.obj
 0001:0001be70       sf_debug_get_current_simulation_time 000000018001ce70 f   sfc_debug:sfcdebug.obj
 0001:0001be80       sf_debug_get_current_coverage_percentage 000000018001ce80 f   sfc_debug:sfcdebug.obj
 0001:0001be90       sf_debug_current_statement_context 000000018001ce90 f   sfc_debug:sfcdebug.obj
 0001:0001bf10       sf_debug_get_current_statement_info 000000018001cf10 f   sfc_debug:sfcdebug.obj
 0001:0001c0b0       sf_debug_terminate_instance 000000018001d0b0 f   sfc_debug:sfcdebug.obj
 0001:0001c3d0       sf_debug_assertion_failed  000000018001d3d0 f   sfc_debug:sfcdebug.obj
 0001:0001c5a0       sf_debug_create_debug_instance_struct 000000018001d5a0 f   sfc_debug:sfcdebug.obj
 0001:0001c5f0       sf_debug_set_number_of_data_with_change_event_for_machine 000000018001d5f0 f   sfc_debug:sfcdebug.obj
 0001:0001c640       sf_debug_set_machine_event_thresholds 000000018001d640 f   sfc_debug:sfcdebug.obj
 0001:0001c660       sf_debug_set_machine_event_scope 000000018001d660 f   sfc_debug:sfcdebug.obj
 0001:0001c6b0       sf_debug_set_machine_data_thresholds 000000018001d6b0 f   sfc_debug:sfcdebug.obj
 0001:0001c700       sf_debug_set_machine_data_scope 000000018001d700 f   sfc_debug:sfcdebug.obj
 0001:0001c7a0       sf_debug_set_machine_data_name 000000018001d7a0 f   sfc_debug:sfcdebug.obj
 0001:0001c850       sf_debug_set_machine_data_size 000000018001d850 f   sfc_debug:sfcdebug.obj
 0001:0001c9a0       sf_debug_set_machine_data_type 000000018001d9a0 f   sfc_debug:sfcdebug.obj
 0001:0001cb10       sf_debug_get_chart_data_number 000000018001db10 f   sfc_debug:sfcdebug.obj
 0001:0001cb30       sf_debug_get_chart_event_number 000000018001db30 f   sfc_debug:sfcdebug.obj
 0001:0001cb50       sf_debug_set_chart_state_info 000000018001db50 f   sfc_debug:sfcdebug.obj
 0001:0001cbe0       sf_debug_set_chart_decomposition 000000018001dbe0 f   sfc_debug:sfcdebug.obj
 0001:0001cc50       sf_debug_set_chart_substate_count 000000018001dc50 f   sfc_debug:sfcdebug.obj
 0001:0001cd30       sf_debug_set_chart_substate_index 000000018001dd30 f   sfc_debug:sfcdebug.obj
 0001:0001cdb0       sf_debug_set_chart_state_substate_count 000000018001ddb0 f   sfc_debug:sfcdebug.obj
 0001:0001ced0       sf_debug_set_chart_state_substate_index 000000018001ded0 f   sfc_debug:sfcdebug.obj
 0001:0001cf60       sf_debug_set_number_of_data_with_change_event_for_chart 000000018001df60 f   sfc_debug:sfcdebug.obj
 0001:0001cff0       sf_debug_set_number_of_states_with_entry_event_for_chart 000000018001dff0 f   sfc_debug:sfcdebug.obj
 0001:0001d070       sf_debug_set_number_of_states_with_exit_event_for_chart 000000018001e070 f   sfc_debug:sfcdebug.obj
 0001:0001d0f0       sf_debug_set_chart_disable_implicit_casting 000000018001e0f0 f   sfc_debug:sfcdebug.obj
 0001:0001d160       sf_debug_set_chart_event_thresholds 000000018001e160 f   sfc_debug:sfcdebug.obj
 0001:0001d1e0       sf_debug_set_chart_data_compiled_props 000000018001e1e0 f   sfc_debug:sfcdebug.obj
 0001:0001d520       sf_debug_set_chart_data_props 000000018001e520 f   sfc_debug:sfcdebug.obj
 0001:0001d840       sf_debug_check_fi_license  000000018001e840 f   sfc_debug:sfcdebug.obj
 0001:0001da00       sf_debug_symbol_scope_push 000000018001ea00 f   sfc_debug:sfcdebug.obj
 0001:0001da40       sf_debug_symbol_scope_push_eml 000000018001ea40 f   sfc_debug:sfcdebug.obj
 0001:0001da90       sf_debug_symbol_scope_pop  000000018001ea90 f   sfc_debug:sfcdebug.obj
 0001:0001dad0       sf_debug_symbol_scope_add_importable 000000018001ead0 f   sfc_debug:sfcdebug.obj
 0001:0001db50       sf_debug_symbol_scope_add  000000018001eb50 f   sfc_debug:sfcdebug.obj
 0001:0001dbd0       sf_debug_symbol_scope_add_dyn_importable 000000018001ebd0 f   sfc_debug:sfcdebug.obj
 0001:0001dc90       sf_debug_symbol_scope_add_dyn 000000018001ec90 f   sfc_debug:sfcdebug.obj
 0001:0001dcd0       sf_debug_symbol_scope_add_eml_importable 000000018001ecd0 f   sfc_debug:sfcdebug.obj
 0001:0001dd10       sf_debug_symbol_scope_add_eml 000000018001ed10 f   sfc_debug:sfcdebug.obj
 0001:0001dd50       sf_debug_symbol_scope_add_eml_dyn_importable 000000018001ed50 f   sfc_debug:sfcdebug.obj
 0001:0001ddb0       sf_debug_symbol_scope_add_eml_dyn 000000018001edb0 f   sfc_debug:sfcdebug.obj
 0001:0001de10       sf_debug_symbol_switch     000000018001ee10 f   sfc_debug:sfcdebug.obj
 0001:0001de30       sf_debug_symbol_scope_add_verbose 000000018001ee30 f   sfc_debug:sfcdebug.obj
 0001:0001df00       sf_debug_set_machine_data_value_ptr 000000018001ef00 f   sfc_debug:sfcdebug.obj
 0001:0001df40       sf_debug_set_instance_data_value_ptr 000000018001ef40 f   sfc_debug:sfcdebug.obj
 0001:0001e010       sf_debug_unset_instance_data_value_ptr 000000018001f010 f   sfc_debug:sfcdebug.obj
 0001:0001e0c0       sf_debug_set_chart_event_scope 000000018001f0c0 f   sfc_debug:sfcdebug.obj
 0001:0001e140       sf_debug_set_chart_transition_coverage_maps 000000018001f140 f   sfc_debug:sfcdebug.obj
 0001:0001e240       sf_debug_set_chart_state_coverage_maps 000000018001f240 f   sfc_debug:sfcdebug.obj
 0001:0001e310       sf_debug_set_instance_transition_coverage_weights 000000018001f310 f   sfc_debug:sfcdebug.obj
 0001:0001e3a0       sf_debug_set_instance_state_coverage_weights 000000018001f3a0 f   sfc_debug:sfcdebug.obj
 0001:0001e5f0       sf_debug_unload_machine    000000018001f5f0 f   sfc_debug:sfcdebug.obj
 0001:0001e640       sf_debug_load_machine      000000018001f640 f   sfc_debug:sfcdebug.obj
 0001:0001e750       sf_debug_set_active_instance_in_data_dictionary 000000018001f750 f   sfc_debug:sfcdebug.obj
 0001:0001e930       sf_debug_set_active_instance 000000018001f930 f   sfc_debug:sfcdebug.obj
 0001:0001ea90       sf_debug_chart_visiblity_change 000000018001fa90 f   sfc_debug:sfcdebug.obj
 0001:0001eb80       sf_debug_select_chart      000000018001fb80 f   sfc_debug:sfcdebug.obj
 0001:0001ece0       sf_debug_set_instance_cv_ids 000000018001fce0 f   sfc_debug:sfcdebug.obj
 0001:0001f010       sf_debug_select_charts     0000000180020010 f   sfc_debug:sfcdebug.obj
 0001:0001f1c0       sf_debug_initialized       00000001800201c0 f   sfc_debug:sfcdebug.obj
 0001:0001f1e0       sf_debug_is_uninterruptible 00000001800201e0 f   sfc_debug:sfcdebug.obj
 0001:0001f210       sf_debug_initialize_debugger_gui 0000000180020210 f   sfc_debug:sfcdebug.obj
 0001:0001f5f0       sf_debug_resume            00000001800205f0 f   sfc_debug:sfcdebug.obj
 0001:0001f610       sf_debug_go                0000000180020610 f   sfc_debug:sfcdebug.obj
 0001:0001f620       sf_debug_break             0000000180020620 f   sfc_debug:sfcdebug.obj
 0001:0001f630       sf_debug_step_over         0000000180020630 f   sfc_debug:sfcdebug.obj
 0001:0001f640       sf_debug_step_out          0000000180020640 f   sfc_debug:sfcdebug.obj
 0001:0001f650       sf_debug_set_disable_all_breakpoints 0000000180020650 f   sfc_debug:sfcdebug.obj
 0001:0001f660       sf_debug_disable_all_breakpoints_and_go 0000000180020660 f   sfc_debug:sfcdebug.obj
 0001:0001f670       sf_debug_break_on_chart_entry 0000000180020670 f   sfc_debug:sfcdebug.obj
 0001:0001f680       sf_debug_break_on_event_broadcast 0000000180020680 f   sfc_debug:sfcdebug.obj
 0001:0001f690       sf_debug_break_on_state_entry 0000000180020690 f   sfc_debug:sfcdebug.obj
 0001:0001f6a0       sf_debug_break_between_times 00000001800206a0 f   sfc_debug:sfcdebug.obj
 0001:0001f6c0       sf_debug_browse_data       00000001800206c0 f   sfc_debug:sfcdebug.obj
 0001:0001f6d0       sf_debug_watch_data        00000001800206d0 f   sfc_debug:sfcdebug.obj
 0001:0001f700       sf_debug_assign_data       0000000180020700 f   sfc_debug:sfcdebug.obj
 0001:0001f710       sf_debug_whos              0000000180020710 f   sfc_debug:sfcdebug.obj
 0001:0001f730       sf_debug_get_consistency_info 0000000180020730 f   sfc_debug:sfcdebug.obj
 0001:0001f740       sf_debug_browse_trace      0000000180020740 f   sfc_debug:sfcdebug.obj
 0001:0001f750       sf_debug_set_breakpoints   0000000180020750 f   sfc_debug:sfcdebug.obj
 0001:0001f8c0       sf_debug_set_eml_breakpoints 00000001800208c0 f   sfc_debug:sfcdebug.obj
 0001:0001fa20       sf_debug_set_script_breakpoints 0000000180020a20 f   sfc_debug:sfcdebug.obj
 0001:0001faa0       sf_debug_add_script_breakpoints 0000000180020aa0 f   sfc_debug:sfcdebug.obj
 0001:0001fb10       sf_debug_clear_script_breakpoints 0000000180020b10 f   sfc_debug:sfcdebug.obj
 0001:0001fb80       sf_debug_query_script_breakpoints 0000000180020b80 f   sfc_debug:sfcdebug.obj
 0001:0001fc30       sf_debug_get_eml_script_id 0000000180020c30 f   sfc_debug:sfcdebug.obj
 0001:0001fc80       sf_debug_set_watch         0000000180020c80 f   sfc_debug:sfcdebug.obj
 0001:0001fea0       sf_debug_get_instance_handle 0000000180020ea0 f   sfc_debug:sfcdebug.obj
 0001:0001ff30       sf_debug_get_active_states 0000000180020f30 f   sfc_debug:sfcdebug.obj
 0001:0001ff40       sf_debug_set_honor_breakpoints 0000000180020f40 f   sfc_debug:sfcdebug.obj
 0001:0001ff50       sf_debug_get_animation     0000000180020f50 f   sfc_debug:sfcdebug.obj
 0001:0001ff60       sf_debug_set_animation     0000000180020f60 f   sfc_debug:sfcdebug.obj
 0001:0001ff70       sf_debug_animate           0000000180020f70 f   sfc_debug:sfcdebug.obj
 0001:0001ff90       sf_debug_cycle_detection_check 0000000180020f90 f   sfc_debug:sfcdebug.obj
 0001:0001ffa0       sf_debug_data_range_check  0000000180020fa0 f   sfc_debug:sfcdebug.obj
 0001:0001ffb0       sf_debug_transition_conflict_check 0000000180020fb0 f   sfc_debug:sfcdebug.obj
 0001:0001ffc0       sf_debug_state_consistency_check 0000000180020fc0 f   sfc_debug:sfcdebug.obj
 0001:0001ffd0       sf_debug_data_range_check_enabled 0000000180020fd0 f   sfc_debug:sfcdebug.obj
 0001:0001fff0       sf_debug_transition_conflict_check_enabled 0000000180020ff0 f   sfc_debug:sfcdebug.obj
 0001:00020010       sf_debug_transition_conflict_check_begin 0000000180021010 f   sfc_debug:sfcdebug.obj
 0001:00020030       sf_debug_transition_conflict_check_end 0000000180021030 f   sfc_debug:sfcdebug.obj
 0001:00020050       sf_debug_stop_debugging    0000000180021050 f   sfc_debug:sfcdebug.obj
 0001:00020080       sf_debug_is_cycle_detected 0000000180021080 f   sfc_debug:sfcdebug.obj
 0001:00020090       sf_debug_is_array_bounds_detected 0000000180021090 f   sfc_debug:sfcdebug.obj
 0001:000200a0       sf_debug_get_state_vectors_data_size 00000001800210a0 f   sfc_debug:sfcdebug.obj
 0001:000200e0       sf_debug_get_state_vectors_data 00000001800210e0 f   sfc_debug:sfcdebug.obj
 0001:000201f0       sf_debug_set_state_vectors_data 00000001800211f0 f   sfc_debug:sfcdebug.obj
 0001:00020480       sf_debug_get_script_index  0000000180021480 f   sfc_debug:sfcdebug.obj
 0001:00020610       sf_debug_add_script        0000000180021610 f   sfc_debug:sfcdebug.obj
 0001:000207a0       cv_eval_point              00000001800217a0 f   sfc_debug:sfcdebug.obj
 0001:00020910       cv_eval_testobjective      0000000180021910 f   sfc_debug:sfcdebug.obj
 0001:00020a20       sf_debug_cv_init_state     0000000180021a20 f   sfc_debug:sfcdebug.obj
 0001:00020b50       sf_debug_cv_init_chart     0000000180021b50 f   sfc_debug:sfcdebug.obj
 0001:00020c40       sf_debug_cv_init_trans     0000000180021c40 f   sfc_debug:sfcdebug.obj
 0001:00020d50       sf_debug_cv_init_saturation 0000000180021d50 f   sfc_debug:sfcdebug.obj
 0001:00020e50       sf_debug_cv_init_testobjectives 0000000180021e50 f   sfc_debug:sfcdebug.obj
 0001:00021030       cv_eml_init_script         0000000180022030 f   sfc_debug:sfcdebug.obj
 0001:00021150       cv_eml_init_fcn            0000000180022150 f   sfc_debug:sfcdebug.obj
 0001:00021260       cv_eml_init_testobjective  0000000180022260 f   sfc_debug:sfcdebug.obj
 0001:00021340       cv_eml_init_saturation     0000000180022340 f   sfc_debug:sfcdebug.obj
 0001:00021410       cv_eml_init_if             0000000180022410 f   sfc_debug:sfcdebug.obj
 0001:000214f0       cv_eml_init_for            00000001800224f0 f   sfc_debug:sfcdebug.obj
 0001:000215c0       cv_eml_init_while          00000001800225c0 f   sfc_debug:sfcdebug.obj
 0001:00021690       cv_eml_init_mcdc           0000000180022690 f   sfc_debug:sfcdebug.obj
 0001:000217b0       cv_eml_init_switch         00000001800227b0 f   sfc_debug:sfcdebug.obj
 0001:000218b0       cv_eml_eval                00000001800228b0 f   sfc_debug:sfcdebug.obj
 0001:000219a0       sf_debug_bm_is_a_eml_breakpoint 00000001800229a0 f   sfc_debug:sfcdebug.obj
 0001:00021af0       sf_debug_temporal_threshold 0000000180022af0 f   sfc_debug:sfcdebug.obj
 0001:00021e60       sf_debug_transition_conflict_error 0000000180022e60 f   sfc_debug:sfcdebug.obj
 0001:000221c0       sf_debug_state_inconsistency_error 00000001800231c0 f   sfc_debug:sfcdebug.obj
 0001:000222e0       sf_debug_check_for_state_inconsistency 00000001800232e0 f   sfc_debug:sfcdebug.obj
 0001:00022320       sf_debug_cycle_detecton_error 0000000180023320 f   sfc_debug:sfcdebug.obj
 0001:00022a70       sf_debug_size_eq_check_1d  0000000180023a70 f   sfc_debug:sfcdebug.obj
 0001:00022a90       sf_debug_size_eq_check_nd  0000000180023a90 f   sfc_debug:sfcdebug.obj
 0001:00022c90       sf_debug_dim_size_eq_check 0000000180023c90 f   sfc_debug:sfcdebug.obj
 0001:00022cc0       sf_debug_dim_size_geq_check 0000000180023cc0 f   sfc_debug:sfcdebug.obj
 0001:00022cf0       sf_debug_sub_assign_size_check_nd 0000000180023cf0 f   sfc_debug:sfcdebug.obj
 0001:00022ed0       sf_debug_matrix_matrix_index_check 0000000180023ed0 f   sfc_debug:sfcdebug.obj
 0001:00022f20       sf_debug_vector_vector_index_check 0000000180023f20 f   sfc_debug:sfcdebug.obj
 0001:00022f70       sf_debug_for_loop_vector_check 0000000180023f70 f   sfc_debug:sfcdebug.obj
 0001:00023010       sf_debug_runtime_error_msgid 0000000180024010 f   sfc_debug:sfcdebug.obj
 0001:000230b0       sf_debug_data_array_bounds_error_check 00000001800240b0 f   sfc_debug:sfcdebug.obj
 0001:000231c0       sf_debug_eml_data_array_bounds_error_check 00000001800241c0 f   sfc_debug:sfcdebug.obj
 0001:00023680       sf_debug_integer_check     0000000180024680 f   sfc_debug:sfcdebug.obj
 0001:00023770       sf_debug_not_nan_check     0000000180024770 f   sfc_debug:sfcdebug.obj
 0001:00023840       sf_debug_non_negative_check 0000000180024840 f   sfc_debug:sfcdebug.obj
 0001:00023910       sf_debug_overflow_detection 0000000180024910 f   sfc_debug:sfcdebug.obj
 0001:00023f70       sf_debug_cast_to_real32_T  0000000180024f70 f   sfc_debug:sfcdebug.obj
 0001:00024040       sf_debug_cast_to_int8_T    0000000180025040 f   sfc_debug:sfcdebug.obj
 0001:00024110       sf_debug_cast_to_uint8_T   0000000180025110 f   sfc_debug:sfcdebug.obj
 0001:000241e0       sf_debug_cast_to_int16_T   00000001800251e0 f   sfc_debug:sfcdebug.obj
 0001:000242b0       sf_debug_cast_to_uint16_T  00000001800252b0 f   sfc_debug:sfcdebug.obj
 0001:00024380       sf_debug_cast_to_int32_T   0000000180025380 f   sfc_debug:sfcdebug.obj
 0001:00024450       sf_debug_cast_to_uint32_T  0000000180025450 f   sfc_debug:sfcdebug.obj
 0001:00024520       sf_debug_data_range_error  0000000180025520 f   sfc_debug:sfcdebug.obj
 0001:00024830       sf_debug_read_before_write_check 0000000180025830 f   sfc_debug:sfcdebug.obj
 0001:00024c60       sf_debug_data_range_error_wrapper_min_max 0000000180025c60 f   sfc_debug:sfcdebug.obj
 0001:00024d80       sf_debug_data_range_error_wrapper_min 0000000180025d80 f   sfc_debug:sfcdebug.obj
 0001:00024e90       sf_debug_data_range_error_wrapper_max 0000000180025e90 f   sfc_debug:sfcdebug.obj
 0001:00024fa0       sf_debug_data_range_wrapper 0000000180025fa0 f   sfc_debug:sfcdebug.obj
 0001:00025060       sf_debug_set_current_status_info 0000000180026060 f   sfc_debug:sfcdebug.obj
 0001:00025400       sf_debug_register_message_post_receive_info 0000000180026400 f   sfc_debug:sfcdebug.obj
 0001:00025650       sf_debug_call              0000000180026650 f   sfc_debug:sfcdebug.obj
 0001:00025fb0       sf_debug_initialize_machine 0000000180026fb0 f   sfc_debug:sfcdebug.obj
 0001:00026260       sf_debug_initialize_chart  0000000180027260 f   sfc_debug:sfcdebug.obj
 0001:000266b0       sf_debug_ensure_script     00000001800276b0 f   sfc_debug:sfcdebug.obj
 0001:00026760       cv_eval_saturation         0000000180027760 f   sfc_debug:sfcdebug.obj
 0001:000268e0       cv_saturation_accum        00000001800278e0 f   sfc_debug:sfcdebug.obj
 0001:00026a20       cv_script_init_script      0000000180027a20 f   sfc_debug:sfcdebug.obj
 0001:00026b10       cv_script_init_fcn         0000000180027b10 f   sfc_debug:sfcdebug.obj
 0001:00026bd0       cv_script_init_testobjective 0000000180027bd0 f   sfc_debug:sfcdebug.obj
 0001:00026c90       cv_script_init_saturation  0000000180027c90 f   sfc_debug:sfcdebug.obj
 0001:00026d40       cv_script_init_if          0000000180027d40 f   sfc_debug:sfcdebug.obj
 0001:00026e00       cv_script_init_for         0000000180027e00 f   sfc_debug:sfcdebug.obj
 0001:00026eb0       cv_script_init_while       0000000180027eb0 f   sfc_debug:sfcdebug.obj
 0001:00026f60       cv_script_init_mcdc        0000000180027f60 f   sfc_debug:sfcdebug.obj
 0001:00027060       cv_script_init_switch      0000000180028060 f   sfc_debug:sfcdebug.obj
 0001:00027140       cv_script_eval             0000000180028140 f   sfc_debug:sfcdebug.obj
 0001:00027210       eml_debug_line_call        0000000180028210 f   sfc_debug:sfcdebug.obj
 0001:000273e0       sf_debug_terminate         00000001800283e0 f   sfc_debug:sfcdebug.obj
 0001:000275f0       sf_debug_set_script_cv_ids 00000001800285f0 f   sfc_debug:sfcdebug.obj
 0001:00027720       sf_debug_api               0000000180028720 f   sfc_debug:sfc_api.obj
 0001:00029010       sf_debug_sm_terminate      000000018002a010 f   sfc_debug:sfdb_animation.obj
 0001:000291c0       sf_debug_reset_path_objects 000000018002a1c0 f   sfc_debug:sfdb_animation.obj
 0001:00029240       sf_debug_sm_reset_object_selection_status 000000018002a240 f   sfc_debug:sfdb_animation.obj
 0001:000292e0       sf_debug_sm_reset_state_buffer 000000018002a2e0 f   sfc_debug:sfdb_animation.obj
 0001:000293b0       sf_debug_sm_store_state_buffer 000000018002a3b0 f   sfc_debug:sfdb_animation.obj
 0001:00029430       sf_debug_sm_restore_state_buffer1 000000018002a430 f   sfc_debug:sfdb_animation.obj
 0001:000294a0       sf_debug_sm_restore_state_buffer2 000000018002a4a0 f   sfc_debug:sfdb_animation.obj
 0001:00029510       sf_debug_sm_chart_active   000000018002a510 f   sfc_debug:sfdb_animation.obj
 0001:00029560       sf_debug_sm_select_active_objects 000000018002a560 f   sfc_debug:sfdb_animation.obj
 0001:00029a30       sf_debug_sm_is_chart_active 000000018002aa30 f   sfc_debug:sfdb_animation.obj
 0001:00029a70       sf_debug_sm_is_state_active 000000018002aa70 f   sfc_debug:sfdb_animation.obj
 0001:00029cb0       sf_debug_sm_get_active_states 000000018002acb0 f   sfc_debug:sfdb_animation.obj
 0001:0002a260       sf_debug_sm_initialize_instance 000000018002b260 f   sfc_debug:sfdb_animation.obj
 0001:0002a470       sf_debug_sm_change_object_selection_status 000000018002b470 f   sfc_debug:sfdb_animation.obj
 0001:0002a740       cv_create_interface        000000018002b740 f   sfc_debug:cv_sfinterface.obj
 0001:0002aa50       cv_init_trans              000000018002ba50 f   sfc_debug:cv_sfinterface.obj
 0001:0002aaa0       cv_init_saturation         000000018002baa0 f   sfc_debug:cv_sfinterface.obj
 0001:0002aae0       cv_init_testobjective      000000018002bae0 f   sfc_debug:cv_sfinterface.obj
 0001:0002ab20       cv_init_state              000000018002bb20 f   sfc_debug:cv_sfinterface.obj
 0001:0002ab90       cv_init_chart              000000018002bb90 f   sfc_debug:cv_sfinterface.obj
 0001:0002abe0       cv_dec_update_call         000000018002bbe0 f   sfc_debug:cv_sfinterface.obj
 0001:0002ac20       cv_cond_update_call        000000018002bc20 f   sfc_debug:cv_sfinterface.obj
 0001:0002ac60       cv_saturation_update_call  000000018002bc60 f   sfc_debug:cv_sfinterface.obj
 0001:0002aca0       cv_saturation_update_accum 000000018002bca0 f   sfc_debug:cv_sfinterface.obj
 0001:0002ace0       cv_testobjective_update_call 000000018002bce0 f   sfc_debug:cv_sfinterface.obj
 0001:0002ad20       cv_sigrange_update         000000018002bd20 f   sfc_debug:cv_sfinterface.obj
 0001:0002ad60       cvsf_eml_eval              000000018002bd60 f   sfc_debug:cv_sfinterface.obj
 0001:0002ae40       cvsf_eml_init_script       000000018002be40 f   sfc_debug:cv_sfinterface.obj
 0001:0002aed0       cvsf_eml_init_fcn          000000018002bed0 f   sfc_debug:cv_sfinterface.obj
 0001:0002af30       cvsf_eml_init_testobjective 000000018002bf30 f   sfc_debug:cv_sfinterface.obj
 0001:0002af90       cvsf_eml_init_saturation   000000018002bf90 f   sfc_debug:cv_sfinterface.obj
 0001:0002afe0       cvsf_eml_init_if           000000018002bfe0 f   sfc_debug:cv_sfinterface.obj
 0001:0002b040       cvsf_eml_init_for          000000018002c040 f   sfc_debug:cv_sfinterface.obj
 0001:0002b090       cvsf_eml_init_while        000000018002c090 f   sfc_debug:cv_sfinterface.obj
 0001:0002b0e0       cvsf_eml_init_mcdc         000000018002c0e0 f   sfc_debug:cv_sfinterface.obj
 0001:0002b170       cvsf_eml_init_switch       000000018002c170 f   sfc_debug:cv_sfinterface.obj
 0001:0002b1e0       cvsf_script_eval           000000018002c1e0 f   sfc_debug:cv_sfinterface.obj
 0001:0002b2c0       cvsf_script_init_script    000000018002c2c0 f   sfc_debug:cv_sfinterface.obj
 0001:0002b350       cvsf_script_init_fcn       000000018002c350 f   sfc_debug:cv_sfinterface.obj
 0001:0002b3b0       cvsf_script_init_testobjective 000000018002c3b0 f   sfc_debug:cv_sfinterface.obj
 0001:0002b410       cvsf_script_init_saturation 000000018002c410 f   sfc_debug:cv_sfinterface.obj
 0001:0002b460       cvsf_script_init_if        000000018002c460 f   sfc_debug:cv_sfinterface.obj
 0001:0002b4c0       cvsf_script_init_for       000000018002c4c0 f   sfc_debug:cv_sfinterface.obj
 0001:0002b510       cvsf_script_init_while     000000018002c510 f   sfc_debug:cv_sfinterface.obj
 0001:0002b560       cvsf_script_init_mcdc      000000018002c560 f   sfc_debug:cv_sfinterface.obj
 0001:0002b5f0       cvsf_script_init_switch    000000018002c5f0 f   sfc_debug:cv_sfinterface.obj
 0001:0002b660       cv_destroy_interface       000000018002c660 f   sfc_debug:cv_sfinterface.obj
 0001:0002b680       cv_create_instance_objects 000000018002c680 f   sfc_debug:cv_sfinterface.obj
 0001:0002baf0       cv_is_enabled              000000018002caf0 f   sfc_debug:cv_sfinterface.obj
 0001:0002bb00       sf_debug_cv_initialize_script 000000018002cb00 f   sfc_debug:cv_sfinterface.obj
 0001:0002bc90       sf_debug_cv_initialize_instance 000000018002cc90 f   sfc_debug:cv_sfinterface.obj
 0001:0002c020       sf_debug_cv_terminate_chart 000000018002d020 f   sfc_debug:cv_sfinterface.obj
 0001:0002c140       cv_call_trans_test         000000018002d140 f   sfc_debug:cv_sfinterface.obj
 0001:0002c150       cv_call_sub_cond_test      000000018002d150 f   sfc_debug:cv_sfinterface.obj
 0001:0002c190       sf_debug_st_initialize_machine 000000018002d190 f   sfc_debug:sfdb_data_browse.obj
 0001:0002c240       sf_debug_st_initialize_instance 000000018002d240 f   sfc_debug:sfdb_data_browse.obj
 0001:0002c450       sf_debug_st_terminate      000000018002d450 f   sfc_debug:sfdb_data_browse.obj
 0001:0002c7f0       sf_debug_st_set_data_value_ptr_in_machine 000000018002d7f0 f   sfc_debug:sfdb_data_browse.obj
 0001:0002c880       sf_debug_st_set_data_value_ptr_in_instance 000000018002d880 f   sfc_debug:sfdb_data_browse.obj
 0001:0002c960       sf_debug_st_unset_data_value_ptr_in_machine 000000018002d960 f   sfc_debug:sfdb_data_browse.obj
 0001:0002c9d0       sf_debug_st_unset_data_value_ptr_in_instance 000000018002d9d0 f   sfc_debug:sfdb_data_browse.obj
 0001:0002cc90       sf_debug_mx_value          000000018002dc90 f   sfc_debug:sfdb_data_browse.obj
 0001:0002ccf0       sf_debug_mx_packed_vector  000000018002dcf0 f   sfc_debug:sfdb_data_browse.obj
 0001:0002cdd0       sf_debug_mx_uint_vector    000000018002ddd0 f   sfc_debug:sfdb_data_browse.obj
 0001:0002ce80       sf_debug_st_get_double_value_from_void_ptr_vector 000000018002de80 f   sfc_debug:sfdb_data_browse.obj
 0001:0002d960       sf_debug_st_browse_data    000000018002e960 f   sfc_debug:sfdb_data_browse.obj
 0001:0002e1a0       sf_debug_hm_initialize_instance 000000018002f1a0 f   sfc_debug:sfdb_handle_management.obj
 0001:0002e680       sf_debug_hm_get_object_id  000000018002f680 f   sfc_debug:sfdb_handle_management.obj
 0001:0002f230       sf_debug_hm_update_chart_visibility 0000000180030230 f   sfc_debug:sfdb_handle_management.obj
 0001:00030420       sf_debug_object_is_eml_function 0000000180031420 f   sfc_debug:sfdb_handle_management.obj
 0001:00030490       sf_debug_hm_initialize_ids_in_machine 0000000180031490 f   sfc_debug:sfdb_handle_management.obj
 0001:00030600       sf_debug_hm_initialize_ids_in_chart 0000000180031600 f   sfc_debug:sfdb_handle_management.obj
 0001:00030700       sf_debug_hm_initialize_chart 0000000180031700 f   sfc_debug:sfdb_handle_management.obj
 0001:00030e00       sf_debug_hm_terminate      0000000180031e00 f   sfc_debug:sfdb_handle_management.obj
 0001:00030e60       sf_debug_hm_initialize_machine 0000000180031e60 f   sfc_debug:sfdb_handle_management.obj
 0001:00031580       sf_debug_ss_initialize     0000000180032580 f   sfc_debug:sfdb_symbol_scope.obj
 0001:000315a0       sf_debug_ss_terminate      00000001800325a0 f   sfc_debug:sfdb_symbol_scope.obj
 0001:00031630       sf_debug_ss_push_symbol_scope 0000000180032630 f   sfc_debug:sfdb_symbol_scope.obj
 0001:00031730       sf_debug_ss_push_symbol_scope_eml 0000000180032730 f   sfc_debug:sfdb_symbol_scope.obj
 0001:00031790       sf_debug_ss_pop_symbol_scope 0000000180032790 f   sfc_debug:sfdb_symbol_scope.obj
 0001:00031840       sf_debug_ss_add_symbol     0000000180032840 f   sfc_debug:sfdb_symbol_scope.obj
 0001:000319b0       sf_debug_ss_add_symbol_eml 00000001800329b0 f   sfc_debug:sfdb_symbol_scope.obj
 0001:000328b0       sf_debug_ss_set_data_value 00000001800338b0 f   sfc_debug:sfdb_symbol_scope.obj
 0001:00032d00       getInstanceNumber          0000000180033d00 f   sfc_debug:sfdb_symbol_scope.obj
 0001:00032dd0       sf_debug_ss_watch_data     0000000180033dd0 f   sfc_debug:sfdb_symbol_scope.obj
 0001:00032fc0       sf_debug_ss_assign_data    0000000180033fc0 f   sfc_debug:sfdb_symbol_scope.obj
 0001:000339d0       get_data_entry_name        00000001800349d0 f   sfc_debug:sfdb_symbol_scope.obj
 0001:00033a20       sf_debug_ss_whos           0000000180034a20 f   sfc_debug:sfdb_symbol_scope.obj
 0001:00034070       sf_debug_cc_initialize_chart 0000000180035070 f   sfc_debug:sfdb_coverage.obj
 0001:00034a60       sf_debug_cc_initialize_instance 0000000180035a60 f   sfc_debug:sfdb_coverage.obj
 0001:000357a0       sf_debug_cc_terminate      00000001800367a0 f   sfc_debug:sfdb_coverage.obj
 0001:00035890       sf_debug_cc_set_transition_maps 0000000180036890 f   sfc_debug:sfdb_coverage.obj
 0001:000359c0       sf_debug_cc_set_state_maps 00000001800369c0 f   sfc_debug:sfdb_coverage.obj
 0001:00035aa0       sf_debug_cc_set_transition_weights 0000000180036aa0 f   sfc_debug:sfdb_coverage.obj
 0001:00035d60       sf_debug_cc_set_state_weights 0000000180036d60 f   sfc_debug:sfdb_coverage.obj
 0001:00036030       sf_debug_cc_mark_transition_guard 0000000180037030 f   sfc_debug:sfdb_coverage.obj
 0001:000360c0       sf_debug_cc_mark_transition_trigger 00000001800370c0 f   sfc_debug:sfdb_coverage.obj
 0001:00036150       sf_debug_cc_mark_transition_decision 0000000180037150 f   sfc_debug:sfdb_coverage.obj
 0001:000361c0       sf_debug_cc_mark_transition_condition_action 00000001800371c0 f   sfc_debug:sfdb_coverage.obj
 0001:00036210       sf_debug_cc_mark_transition_transition_action 0000000180037210 f   sfc_debug:sfdb_coverage.obj
 0001:00036260       sf_debug_cc_mark_state_entry 0000000180037260 f   sfc_debug:sfdb_coverage.obj
 0001:000362b0       sf_debug_cc_mark_state_during 00000001800372b0 f   sfc_debug:sfdb_coverage.obj
 0001:00036300       sf_debug_cc_mark_state_exit 0000000180037300 f   sfc_debug:sfdb_coverage.obj
 0001:00036350       sf_debug_bm_clear_script_breakpoints 0000000180037350 f   sfc_debug:sfdb_breakpoints.obj
 0001:00036380       sf_debug_bm_set_script_breakpoint 0000000180037380 f   sfc_debug:sfdb_breakpoints.obj
 0001:00036400       sf_debug_bm_clear_single_script_breakpoint 0000000180037400 f   sfc_debug:sfdb_breakpoints.obj
 0001:00036480       sf_debug_bm_query_script_breakpoint 0000000180037480 f   sfc_debug:sfdb_breakpoints.obj
 0001:000364d0       sf_debug_bm_initialize_scripts 00000001800374d0 f   sfc_debug:sfdb_breakpoints.obj
 0001:00036b60       sf_debug_bm_terminate      0000000180037b60 f   sfc_debug:sfdb_breakpoints.obj
 0001:00036e40       sf_debug_bm_remove_all_breakpoints_in_machine 0000000180037e40 f   sfc_debug:sfdb_breakpoints.obj
 0001:00036ea0       sf_debug_bm_remove_all_breakpoints_in_chart 0000000180037ea0 f   sfc_debug:sfdb_breakpoints.obj
 0001:00036ff0       sf_debug_bm_initialize_global_breakpoints 0000000180037ff0 f   sfc_debug:sfdb_breakpoints.obj
 0001:00037170       sf_debug_bm_set_breakpoint 0000000180038170 f   sfc_debug:sfdb_breakpoints.obj
 0001:00037730       sf_debug_bm_set_eml_breakpoint 0000000180038730 f   sfc_debug:sfdb_breakpoints.obj
 0001:000377c0       sf_debug_bm_initialize_machine_breakpoint_map 00000001800387c0 f   sfc_debug:sfdb_breakpoints.obj
 0001:00037be0       sf_debug_bm_is_a_breakpoint 0000000180038be0 f   sfc_debug:sfdb_breakpoints.obj
 0001:00038100       sf_debug_bm_get_all_breakpoints_in_machine 0000000180039100 f   sfc_debug:sfdb_breakpoints.obj
 0001:00038400       sf_debug_bm_get_all_breakpoints_in_chart 0000000180039400 f   sfc_debug:sfdb_breakpoints.obj
 0001:00038f90       sf_debug_bm_initialize_machine 0000000180039f90 f   sfc_debug:sfdb_breakpoints.obj
 0001:00039060       sf_debug_bm_initialize_chart 000000018003a060 f   sfc_debug:sfdb_breakpoints.obj
 0001:00039450       sf_debug_sc_terminate      000000018003a450 f   sfc_debug:sfdb_state_consistency.obj
 0001:00039770       sf_debug_sc_is_chart_consistent 000000018003a770 f   sfc_debug:sfdb_state_consistency.obj
 0001:00039a20       sf_debug_sc_get_consistency_error_info 000000018003aa20 f   sfc_debug:sfdb_state_consistency.obj
 0001:00039e30       sf_debug_tm_terminate      000000018003ae30 f   sfc_debug:sfdb_call_stack.obj
 0001:00039ee0       sf_debug_tm_push_chart_instance 000000018003aee0 f   sfc_debug:sfdb_call_stack.obj
 0001:0003a020       sf_debug_tm_pop_chart_instance 000000018003b020 f   sfc_debug:sfdb_call_stack.obj
 0001:0003a080       sf_debug_tm_push_trace_node 000000018003b080 f   sfc_debug:sfdb_call_stack.obj
 0001:0003a200       sf_debug_tm_pop_trace_node 000000018003b200 f   sfc_debug:sfdb_call_stack.obj
 0001:0003a280       sf_debug_tm_get_current_global_trace_index 000000018003b280 f   sfc_debug:sfdb_call_stack.obj
 0001:0003a290       sf_debug_tm_get_current_local_trace_index 000000018003b290 f   sfc_debug:sfdb_call_stack.obj
 0001:0003a2c0       sf_debug_tm_set_cycle_detected_flag 000000018003b2c0 f   sfc_debug:sfdb_call_stack.obj
 0001:0003a300       sf_debug_tm_set_cycle_started_flag 000000018003b300 f   sfc_debug:sfdb_call_stack.obj
 0001:0003a340       sf_debug_tm_get_chart_number_from_stack 000000018003b340 f   sfc_debug:sfdb_call_stack.obj
 0001:0003a540       sf_debug_tm_browse_trace   000000018003b540 f   sfc_debug:sfdb_call_stack.obj
 0001:0003a850       sf_debug_cd_initialize_instance 000000018003b850 f   sfc_debug:sfdb_cycle_detection.obj
 0001:0003ab00       sf_debug_cd_mark_processed_transition_in_instance 000000018003bb00 f   sfc_debug:sfdb_cycle_detection.obj
 0001:0003aba0       sf_debug_cd_checksum_push  000000018003bba0 f   sfc_debug:sfdb_cycle_detection.obj
 0001:0003ae50       sf_debug_cd_checksum_pop   000000018003be50 f   sfc_debug:sfdb_cycle_detection.obj
 0001:0003aec0       sf_debug_cd_turn_off_cycle_detection 000000018003bec0 f   sfc_debug:sfdb_cycle_detection.obj
 0001:0003af10       sf_debug_cd_terminate      000000018003bf10 f   sfc_debug:sfdb_cycle_detection.obj
 0001:0003b140       md5_initialize_state       000000018003c140 f   sfc_debug:ckmd5.obj
 0001:0003bbd0       md5_update_state           000000018003cbd0 f   sfc_debug:ckmd5.obj
 0001:0003bbf0       md5_get_hash               000000018003cbf0 f   sfc_debug:ckmd5.obj
 0001:0003bc20       md5_get_hash_for_a_single_string 000000018003cc20 f   sfc_debug:ckmd5.obj
 0001:0003bc80       mxGetPr                    000000018003cc80 f   libmx:libmx.dll
 0001:0003bc86       mxCreateDoubleScalar       000000018003cc86 f   libmx:libmx.dll
 0001:0003bc8c       mxCreateDoubleMatrix_730   000000018003cc8c f   libmx:libmx.dll
 0001:0003bc92       mxSetField_730             000000018003cc92 f   libmx:libmx.dll
 0001:0003bc98       mxCreateString             000000018003cc98 f   libmx:libmx.dll
 0001:0003bc9e       mxCreateStructMatrix_730   000000018003cc9e f   libmx:libmx.dll
 0001:0003bca4       mxCreateCellMatrix_730     000000018003cca4 f   libmx:libmx.dll
 0001:0003bcaa       mxDestroyArray             000000018003ccaa f   libmx:libmx.dll
 0001:0003bcb0       mxDuplicateArray           000000018003ccb0 f   libmx:libmx.dll
 0001:0003bcb6       mxGetString_730            000000018003ccb6 f   libmx:libmx.dll
 0001:0003bcbc       mxIsChar                   000000018003ccbc f   libmx:libmx.dll
 0001:0003bcc2       mxGetClassID               000000018003ccc2 f   libmx:libmx.dll
 0001:0003bcc8       mxIsNumeric                000000018003ccc8 f   libmx:libmx.dll
 0001:0003bcce       mxIsComplex                000000018003ccce f   libmx:libmx.dll
 0001:0003bcd4       mxGetN                     000000018003ccd4 f   libmx:libmx.dll
 0001:0003bcda       mxGetM                     000000018003ccda f   libmx:libmx.dll
 0001:0003bce0       mxCalloc                   000000018003cce0 f   libmx:libmx.dll
 0001:0003bce6       mxGetScalar                000000018003cce6 f   libmx:libmx.dll
 0001:0003bcec       mxIsLogical                000000018003ccec f   libmx:libmx.dll
 0001:0003bcf2       mxCreateDoubleMatrix_700   000000018003ccf2 f   libmx:libmx.dll
 0001:0003bcf8       mxFree                     000000018003ccf8 f   libmx:libmx.dll
 0001:0003bcfe       mxArrayToString            000000018003ccfe f   libmx:libmx.dll
 0001:0003bd04       mxCreateCellMatrix_700     000000018003cd04 f   libmx:libmx.dll
 0001:0003bd0a       mxSetCell_700              000000018003cd0a f   libmx:libmx.dll
 0001:0003bd10       mxGetCell_700              000000018003cd10 f   libmx:libmx.dll
 0001:0003bd16       mxGetClassName             000000018003cd16 f   libmx:libmx.dll
 0001:0003bd1c       mxSetField_700             000000018003cd1c f   libmx:libmx.dll
 0001:0003bd22       mxAddField                 000000018003cd22 f   libmx:libmx.dll
 0001:0003bd28       mxGetField_700             000000018003cd28 f   libmx:libmx.dll
 0001:0003bd2e       mxGetNumberOfElements      000000018003cd2e f   libmx:libmx.dll
 0001:0003bd34       mxIsStruct                 000000018003cd34 f   libmx:libmx.dll
 0001:0003bd3a       mxIsA                      000000018003cd3a f   libmx:libmx.dll
 0001:0003bd40       mxIsClass                  000000018003cd40 f   libmx:libmx.dll
 0001:0003bd46       mxGetLogicals              000000018003cd46 f   libmx:libmx.dll
 0001:0003bd4c       mxIsSparse                 000000018003cd4c f   libmx:libmx.dll
 0001:0003bd52       mxSetFieldByNumber_700     000000018003cd52 f   libmx:libmx.dll
 0001:0003bd58       mxGetFieldByNumber_700     000000018003cd58 f   libmx:libmx.dll
 0001:0003bd5e       mxGetFieldNameByNumber     000000018003cd5e f   libmx:libmx.dll
 0001:0003bd64       mxGetNumberOfFields        000000018003cd64 f   libmx:libmx.dll
 0001:0003bd6a       mxCreateStructMatrix_700   000000018003cd6a f   libmx:libmx.dll
 0001:0003bd70       mxGetFieldNumber           000000018003cd70 f   libmx:libmx.dll
 0001:0003bd76       mxIsNaN                    000000018003cd76 f   libmx:libmx.dll
 0001:0003bd7c       mxIsEmpty                  000000018003cd7c f   libmx:libmx.dll
 0001:0003bd82       mxGetData                  000000018003cd82 f   libmx:libmx.dll
 0001:0003bd88       mxGetImagData              000000018003cd88 f   libmx:libmx.dll
 0001:0003bd8e       mxArrayClassIDName         000000018003cd8e f   libmx:libmx.dll
 0001:0003bd94       mxCreateNumericMatrix_700  000000018003cd94 f   libmx:libmx.dll
 0001:0003bd9a       mxCreateStructArray_700    000000018003cd9a f   libmx:libmx.dll
 0001:0003bda0       mxCalcSingleSubscript_700  000000018003cda0 f   libmx:libmx.dll
 0001:0003bda6       mxGetDimensions_700        000000018003cda6 f   libmx:libmx.dll
 0001:0003bdac       mxGetNumberOfDimensions_700 000000018003cdac f   libmx:libmx.dll
 0001:0003bdb2       mxCreateNumericArray_700   000000018003cdb2 f   libmx:libmx.dll
 0001:0003bdb8       mxGetElementSize           000000018003cdb8 f   libmx:libmx.dll
 0001:0003bdbe       mxCreateStringFromNChars_700 000000018003cdbe f   libmx:libmx.dll
 0001:0003bdc4       mxGetString_700            000000018003cdc4 f   libmx:libmx.dll
 0001:0003bdca       mxIsLogicalScalarTrue      000000018003cdca f   libmx:libmx.dll
 0001:0003bdd0       mxCreateLogicalScalar      000000018003cdd0 f   libmx:libmx.dll
 0001:0003bdd6       mexUnlock                  000000018003cdd6 f   libmex:libmex.dll
 0001:0003bddc       mexIsLocked                000000018003cddc f   libmex:libmex.dll
 0001:0003bde2       mexWarnMsgTxt              000000018003cde2 f   libmex:libmex.dll
 0001:0003bde8       mexCallMATLAB              000000018003cde8 f   libmex:libmex.dll
 0001:0003bdee       mexErrMsgTxt               000000018003cdee f   libmex:libmex.dll
 0001:0003bdf4       mexMakeArrayPersistent     000000018003cdf4 f   libmex:libmex.dll
 0001:0003bdfa       mexSetTrapFlag             000000018003cdfa f   libmex:libmex.dll
 0001:0003be00       mexPutVariable             000000018003ce00 f   libmex:libmex.dll
 0001:0003be06       mexGetVariable             000000018003ce06 f   libmex:libmex.dll
 0001:0003be0c       mexLock                    000000018003ce0c f   libmex:libmex.dll
 0001:0003be12       mexMakeMemoryPersistent    000000018003ce12 f   libmex:libmex.dll
 0001:0003be18       mexFunctionName            000000018003ce18 f   libmex:libmex.dll
 0001:0003be1e       ssRegisterDataTypeFxpFSlopeFixExpBias 000000018003ce1e f   libfixedpoint:libfixedpoint.dll
 0001:0003be24       ssRegisterDataTypeFxpScaledDouble 000000018003ce24 f   libfixedpoint:libfixedpoint.dll
 0001:0003be2a       utMalloc                   000000018003ce2a f   libut:libut.dll
 0001:0003be30       utFree                     000000018003ce30 f   libut:libut.dll
 0001:0003be36       utVSNprintf                000000018003ce36 f   libut:libut.dll
 0001:0003be3c       utCPUtime                  000000018003ce3c f   libut:libut.dll
 0001:0003be42       utCalloc                   000000018003ce42 f   libut:libut.dll
 0001:0003be48       utRealloc                  000000018003ce48 f   libut:libut.dll
 0001:0003be4e       muDoubleScalarAsin         000000018003ce4e f   libmwmathutil:libmwmathutil.dll
 0001:0003be54       muDoubleScalarSqrt         000000018003ce54 f   libmwmathutil:libmwmathutil.dll
 0001:0003be5a       muDoubleScalarAbs          000000018003ce5a f   libmwmathutil:libmwmathutil.dll
 0001:0003be60       muDoubleScalarRound        000000018003ce60 f   libmwmathutil:libmwmathutil.dll
 0001:0003be66       emlrtCreateRootTLS         000000018003ce66 f   libemlrt:libemlrt.dll
 0001:0003be6c       emlrtDestroyRootTLS        000000018003ce6c f   libemlrt:libemlrt.dll
 0001:0003be72       emlrtCheckBuiltInR2012b    000000018003ce72 f   libemlrt:libemlrt.dll
 0001:0003be78       emlrtCheckVsBuiltInR2012b  000000018003ce78 f   libemlrt:libemlrt.dll
 0001:0003be7e       emlrtCheckEnumR2012b       000000018003ce7e f   libemlrt:libemlrt.dll
 0001:0003be84       emlrtCreateEnumR2012b      000000018003ce84 f   libemlrt:libemlrt.dll
 0001:0003be8a       emlrtGetEnumElementR2009a  000000018003ce8a f   libemlrt:libemlrt.dll
 0001:0003be90       emlrtCreateReference       000000018003ce90 f   libemlrt:libemlrt.dll
 0001:0003be96       emlrtImportVsFiArrayR2009b 000000018003ce96 f   libemlrt:libemlrt.dll
 0001:0003be9c       emlrtNameCapturePostProcessR2012a 000000018003ce9c f   libemlrt:libemlrt.dll
 0001:0003bea2       emlrtExtractMessageId      000000018003cea2 f   libemlrt:libemlrt.dll
 0001:0003bea8       emlrtTranslateMessageIDtoLCPstring 000000018003cea8 f   libemlrt:libemlrt.dll
 0001:0003beae       emlrtForLoopVectorIsValidR2011b 000000018003ceae f   libemlrt:libemlrt.dll
 0001:0003beb4       emlrtTranslateUTF16MessagetoLCPstring 000000018003ceb4 f   libemlrt:libemlrt.dll
 0001:0003beba       emlrtGetEnumUnderlyingArrayR2009a 000000018003ceba f   libemlrt:libemlrt.dll
 0001:0003bec0       emlrtIsEnumR2009a          000000018003cec0 f   libemlrt:libemlrt.dll
 0001:0003bec8       __GSHandlerCheckCommon     000000018003cec8 f   MSVCRT:gshandler.obj
 0001:0003bf2c       __GSHandlerCheck           000000018003cf2c f   MSVCRT:gshandler.obj
 0001:0003bf4a       strlen                     000000018003cf4a f   MSVCRT:MSVCR100.dll
 0001:0003bf60       __security_check_cookie    000000018003cf60 f   MSVCRT:amdsecgs.obj
 0001:0003bf80       memset                     000000018003cf80 f   MSVCRT:MSVCR100.dll
 0001:0003bfa0       _alloca_probe              000000018003cfa0     MSVCRT:chkstk.obj
 0001:0003bfa0       __chkstk                   000000018003cfa0 f   MSVCRT:chkstk.obj
 0001:0003bfee       strcmp                     000000018003cfee f   MSVCRT:MSVCR100.dll
 0001:0003bff4       free                       000000018003cff4 f   MSVCRT:MSVCR100.dll
 0001:0003bffa       sprintf                    000000018003cffa f   MSVCRT:MSVCR100.dll
 0001:0003c000       malloc                     000000018003d000 f   MSVCRT:MSVCR100.dll
 0001:0003c006       strcat                     000000018003d006 f   MSVCRT:MSVCR100.dll
 0001:0003c00c       memcpy                     000000018003d00c f   MSVCRT:MSVCR100.dll
 0001:0003c014       NtCurrentTeb               000000018003d014 f i MSVCRT:crtdll.obj
 0001:0003c080       _CRT_INIT                  000000018003d080 f   MSVCRT:crtdll.obj
 0001:0003c418       _DllMainCRTStartup         000000018003d418 f   MSVCRT:crtdll.obj
 0001:0003c456       strncpy                    000000018003d456 f   MSVCRT:MSVCR100.dll
 0001:0003c45c       longjmp                    000000018003d45c f   MSVCRT:MSVCR100.dll
 0001:0003c462       strncmp                    000000018003d462 f   MSVCRT:MSVCR100.dll
 0001:0003c468       ceil                       000000018003d468 f   MSVCRT:MSVCR100.dll
 0001:0003c46e       strrchr                    000000018003d46e f   MSVCRT:MSVCR100.dll
 0001:0003c474       _setjmp                    000000018003d474 f   MSVCRT:MSVCR100.dll
 0001:0003c47a       ldexp                      000000018003d47a f   MSVCRT:MSVCR100.dll
 0001:0003c480       __report_gsfailure         000000018003d480 f   MSVCRT:gs_report.obj
 0001:0003c5cc       __clean_type_info_names    000000018003d5cc f   MSVCRT:tncleanup.obj
 0001:0003c5d8       _onexit                    000000018003d5d8 f   MSVCRT:atonexit.obj
 0001:0003c688       atexit                     000000018003d688 f   MSVCRT:atonexit.obj
 0001:0003c6a0       _RTC_Initialize            000000018003d6a0 f   MSVCRT:_initsect_.obj
 0001:0003c6d8       _RTC_Terminate             000000018003d6d8 f   MSVCRT:_initsect_.obj
 0001:0003c710       _malloc_crt                000000018003d710 f   MSVCRT:MSVCR100.dll
 0001:0003c720       _ValidateImageBase         000000018003d720 f   MSVCRT:pesect.obj
 0001:0003c750       _FindPESection             000000018003d750 f   MSVCRT:pesect.obj
 0001:0003c7a0       _IsNonwritableInCurrentImage 000000018003d7a0 f   MSVCRT:pesect.obj
 0001:0003c7e2       _initterm                  000000018003d7e2 f   MSVCRT:MSVCR100.dll
 0001:0003c7e8       _initterm_e                000000018003d7e8 f   MSVCRT:MSVCR100.dll
 0001:0003c7ee       _encoded_null              000000018003d7ee f   MSVCRT:MSVCR100.dll
 0001:0003c7f4       _amsg_exit                 000000018003d7f4 f   MSVCRT:MSVCR100.dll
 0001:0003c7fa       __C_specific_handler       000000018003d7fa f   MSVCRT:MSVCR100.dll
 0001:0003c800       __CppXcptFilter            000000018003d800 f   MSVCRT:MSVCR100.dll
 0001:0003c808       DllMain                    000000018003d808 f   MSVCRT:dllmain.obj
 0001:0003c82c       __security_init_cookie     000000018003d82c f   MSVCRT:gs_support.obj
 0001:0003c8e0       __crt_debugger_hook        000000018003d8e0 f   MSVCRT:MSVCR100.dll
 0001:0003c8e6       __clean_type_info_names_internal 000000018003d8e6 f   MSVCRT:MSVCR100.dll
 0001:0003c8ec       _unlock                    000000018003d8ec f   MSVCRT:MSVCR100.dll
 0001:0003c8f2       __dllonexit                000000018003d8f2 f   MSVCRT:MSVCR100.dll
 0001:0003c8f8       _lock                      000000018003d8f8 f   MSVCRT:MSVCR100.dll
 0001:0003c8fe       EncodePointer              000000018003d8fe f   kernel32:KERNEL32.dll
 0001:0003c904       DecodePointer              000000018003d904 f   kernel32:KERNEL32.dll
 0001:0003c90a       Sleep                      000000018003d90a f   kernel32:KERNEL32.dll
 0001:0003c910       TerminateProcess           000000018003d910 f   kernel32:KERNEL32.dll
 0001:0003c916       GetCurrentProcess          000000018003d916 f   kernel32:KERNEL32.dll
 0001:0003c91c       UnhandledExceptionFilter   000000018003d91c f   kernel32:KERNEL32.dll
 0001:0003c922       SetUnhandledExceptionFilter 000000018003d922 f   kernel32:KERNEL32.dll
 0001:0003c928       IsDebuggerPresent          000000018003d928 f   kernel32:KERNEL32.dll
 0001:0003c92e       RtlVirtualUnwind           000000018003d92e f   kernel32:KERNEL32.dll
 0001:0003c934       RtlLookupFunctionEntry     000000018003d934 f   kernel32:KERNEL32.dll
 0001:0003c93a       RtlCaptureContext          000000018003d93a f   kernel32:KERNEL32.dll
 0001:0003c940       DisableThreadLibraryCalls  000000018003d940 f   kernel32:KERNEL32.dll
 0001:0003c946       QueryPerformanceCounter    000000018003d946 f   kernel32:KERNEL32.dll
 0001:0003c94c       GetTickCount               000000018003d94c f   kernel32:KERNEL32.dll
 0001:0003c952       GetCurrentThreadId         000000018003d952 f   kernel32:KERNEL32.dll
 0001:0003c958       GetCurrentProcessId        000000018003d958 f   kernel32:KERNEL32.dll
 0001:0003c95e       GetSystemTimeAsFileTime    000000018003d95e f   kernel32:KERNEL32.dll
 0002:00000000       __imp_RtlLookupFunctionEntry 000000018003e000     kernel32:KERNEL32.dll
 0002:00000008       __imp_RtlVirtualUnwind     000000018003e008     kernel32:KERNEL32.dll
 0002:00000010       __imp_IsDebuggerPresent    000000018003e010     kernel32:KERNEL32.dll
 0002:00000018       __imp_SetUnhandledExceptionFilter 000000018003e018     kernel32:KERNEL32.dll
 0002:00000020       __imp_UnhandledExceptionFilter 000000018003e020     kernel32:KERNEL32.dll
 0002:00000028       __imp_GetCurrentProcess    000000018003e028     kernel32:KERNEL32.dll
 0002:00000030       __imp_TerminateProcess     000000018003e030     kernel32:KERNEL32.dll
 0002:00000038       __imp_Sleep                000000018003e038     kernel32:KERNEL32.dll
 0002:00000040       __imp_DecodePointer        000000018003e040     kernel32:KERNEL32.dll
 0002:00000048       __imp_EncodePointer        000000018003e048     kernel32:KERNEL32.dll
 0002:00000050       __imp_DisableThreadLibraryCalls 000000018003e050     kernel32:KERNEL32.dll
 0002:00000058       __imp_QueryPerformanceCounter 000000018003e058     kernel32:KERNEL32.dll
 0002:00000060       __imp_GetTickCount         000000018003e060     kernel32:KERNEL32.dll
 0002:00000068       __imp_GetCurrentThreadId   000000018003e068     kernel32:KERNEL32.dll
 0002:00000070       __imp_GetCurrentProcessId  000000018003e070     kernel32:KERNEL32.dll
 0002:00000078       __imp_GetSystemTimeAsFileTime 000000018003e078     kernel32:KERNEL32.dll
 0002:00000080       __imp_RtlCaptureContext    000000018003e080     kernel32:KERNEL32.dll
 0002:00000088       \177KERNEL32_NULL_THUNK_DATA 000000018003e088     kernel32:KERNEL32.dll
 0002:00000090       __imp__onexit              000000018003e090     MSVCRT:MSVCR100.dll
 0002:00000098       __imp__lock                000000018003e098     MSVCRT:MSVCR100.dll
 0002:000000a0       __imp___dllonexit          000000018003e0a0     MSVCRT:MSVCR100.dll
 0002:000000a8       __imp__unlock              000000018003e0a8     MSVCRT:MSVCR100.dll
 0002:000000b0       __imp___clean_type_info_names_internal 000000018003e0b0     MSVCRT:MSVCR100.dll
 0002:000000b8       __imp___crt_debugger_hook  000000018003e0b8     MSVCRT:MSVCR100.dll
 0002:000000c0       __imp___CppXcptFilter      000000018003e0c0     MSVCRT:MSVCR100.dll
 0002:000000c8       __imp___C_specific_handler 000000018003e0c8     MSVCRT:MSVCR100.dll
 0002:000000d0       __imp__amsg_exit           000000018003e0d0     MSVCRT:MSVCR100.dll
 0002:000000d8       __imp__encoded_null        000000018003e0d8     MSVCRT:MSVCR100.dll
 0002:000000e0       __imp__initterm_e          000000018003e0e0     MSVCRT:MSVCR100.dll
 0002:000000e8       __imp__initterm            000000018003e0e8     MSVCRT:MSVCR100.dll
 0002:000000f0       __imp__malloc_crt          000000018003e0f0     MSVCRT:MSVCR100.dll
 0002:000000f8       __imp_ldexp                000000018003e0f8     MSVCRT:MSVCR100.dll
 0002:00000100       __imp__setjmp              000000018003e100     MSVCRT:MSVCR100.dll
 0002:00000108       __imp_strrchr              000000018003e108     MSVCRT:MSVCR100.dll
 0002:00000110       __imp_ceil                 000000018003e110     MSVCRT:MSVCR100.dll
 0002:00000118       __imp_strncmp              000000018003e118     MSVCRT:MSVCR100.dll
 0002:00000120       __imp_longjmp              000000018003e120     MSVCRT:MSVCR100.dll
 0002:00000128       __imp_strncpy              000000018003e128     MSVCRT:MSVCR100.dll
 0002:00000130       __imp_memcpy               000000018003e130     MSVCRT:MSVCR100.dll
 0002:00000138       __imp_strcat               000000018003e138     MSVCRT:MSVCR100.dll
 0002:00000140       __imp_malloc               000000018003e140     MSVCRT:MSVCR100.dll
 0002:00000148       __imp_sprintf              000000018003e148     MSVCRT:MSVCR100.dll
 0002:00000150       __imp_free                 000000018003e150     MSVCRT:MSVCR100.dll
 0002:00000158       __imp_strcmp               000000018003e158     MSVCRT:MSVCR100.dll
 0002:00000160       __imp_memset               000000018003e160     MSVCRT:MSVCR100.dll
 0002:00000168       __imp_strlen               000000018003e168     MSVCRT:MSVCR100.dll
 0002:00000170       \177MSVCR100_NULL_THUNK_DATA 000000018003e170     MSVCRT:MSVCR100.dll
 0002:00000178       __imp_emlrtIsEnumR2009a    000000018003e178     libemlrt:libemlrt.dll
 0002:00000180       __imp_emlrtGetEnumUnderlyingArrayR2009a 000000018003e180     libemlrt:libemlrt.dll
 0002:00000188       __imp_emlrtTranslateUTF16MessagetoLCPstring 000000018003e188     libemlrt:libemlrt.dll
 0002:00000190       __imp_emlrtForLoopVectorIsValidR2011b 000000018003e190     libemlrt:libemlrt.dll
 0002:00000198       __imp_emlrtTranslateMessageIDtoLCPstring 000000018003e198     libemlrt:libemlrt.dll
 0002:000001a0       __imp_emlrtExtractMessageId 000000018003e1a0     libemlrt:libemlrt.dll
 0002:000001a8       __imp_emlrtNameCapturePostProcessR2012a 000000018003e1a8     libemlrt:libemlrt.dll
 0002:000001b0       __imp_emlrtImportVsFiArrayR2009b 000000018003e1b0     libemlrt:libemlrt.dll
 0002:000001b8       __imp_emlrtCreateReference 000000018003e1b8     libemlrt:libemlrt.dll
 0002:000001c0       __imp_emlrtGetEnumElementR2009a 000000018003e1c0     libemlrt:libemlrt.dll
 0002:000001c8       __imp_emlrtCreateEnumR2012b 000000018003e1c8     libemlrt:libemlrt.dll
 0002:000001d0       __imp_emlrtCheckEnumR2012b 000000018003e1d0     libemlrt:libemlrt.dll
 0002:000001d8       __imp_emlrtCheckVsBuiltInR2012b 000000018003e1d8     libemlrt:libemlrt.dll
 0002:000001e0       __imp_emlrtCheckBuiltInR2012b 000000018003e1e0     libemlrt:libemlrt.dll
 0002:000001e8       __imp_emlrtDestroyRootTLS  000000018003e1e8     libemlrt:libemlrt.dll
 0002:000001f0       __imp_emlrtCreateRootTLS   000000018003e1f0     libemlrt:libemlrt.dll
 0002:000001f8       \177libemlrt_NULL_THUNK_DATA 000000018003e1f8     libemlrt:libemlrt.dll
 0002:00000200       __imp_ssRegisterDataTypeFxpFSlopeFixExpBias 000000018003e200     libfixedpoint:libfixedpoint.dll
 0002:00000208       __imp_ssRegisterDataTypeFxpScaledDouble 000000018003e208     libfixedpoint:libfixedpoint.dll
 0002:00000210       \177libfixedpoint_NULL_THUNK_DATA 000000018003e210     libfixedpoint:libfixedpoint.dll
 0002:00000218       __imp_mexLock              000000018003e218     libmex:libmex.dll
 0002:00000220       __imp_mexMakeMemoryPersistent 000000018003e220     libmex:libmex.dll
 0002:00000228       __imp_mexFunctionName      000000018003e228     libmex:libmex.dll
 0002:00000230       __imp_mexIsLocked          000000018003e230     libmex:libmex.dll
 0002:00000238       __imp_mexGetVariable       000000018003e238     libmex:libmex.dll
 0002:00000240       __imp_mexPutVariable       000000018003e240     libmex:libmex.dll
 0002:00000248       __imp_mexWarnMsgTxt        000000018003e248     libmex:libmex.dll
 0002:00000250       __imp_mexSetTrapFlag       000000018003e250     libmex:libmex.dll
 0002:00000258       __imp_mexCallMATLAB        000000018003e258     libmex:libmex.dll
 0002:00000260       __imp_mexErrMsgTxt         000000018003e260     libmex:libmex.dll
 0002:00000268       __imp_mexMakeArrayPersistent 000000018003e268     libmex:libmex.dll
[...]
 0001:00012610       sf_mex_check_complex       0000000180013610 f   sfc_mex:sfc_mex.obj
 0001:000126a0       sf_mex_check_sparse        00000001800136a0 f   sfc_mex:sfc_mex.obj
 0001:00012700       sf_mex_check_numerictype   0000000180013700 f   sfc_mex:sfc_mex.obj
 0001:00012890       sf_mex_check_fimath        0000000180013890 f   sfc_mex:sfc_mex.obj
 0001:000133f0       size_mismatch_error        00000001800143f0 f   sfc_mex:sfc_mex.obj
 0001:00013e60       check_array_dimensions     0000000180014e60 f   sfc_mex:sfc_mex.obj
 0001:00013ed0       check_input_mxarray        0000000180014ed0 f   sfc_mex:sfc_mex.obj
 0001:00014610       sf_numeric_value_to_double 0000000180015610 f   sfc_mex:sfc_mex.obj
 0001:00014660       ml_generic_out_of_bounds_check 0000000180015660 f   sfc_mex:sfc_mex.obj
 0001:00014820       ml_get_element_value_from_array 0000000180015820 f   sfc_mex:sfc_mex.obj
 0001:00014bc0       _ml_generic_castability_check 0000000180015bc0 f   sfc_mex:sfc_mex.obj
 0001:00015310       ml_generic_castability_check 0000000180016310 f   sfc_mex:sfc_mex.obj
 0001:000153b0       ml_check_mx_array_for_single_castability 00000001800163b0 f   sfc_mex:sfc_mex.obj
 0001:00015450       ml_check_mx_array_for_logical_castability 0000000180016450 f   sfc_mex:sfc_mex.obj
 0001:000154f0       ml_check_mx_array_for_int8_castability 00000001800164f0 f   sfc_mex:sfc_mex.obj
 0001:000155a0       ml_check_mx_array_for_uint8_castability 00000001800165a0 f   sfc_mex:sfc_mex.obj
 0001:00015600       ml_check_mx_array_for_int16_castability 0000000180016600 f   sfc_mex:sfc_mex.obj
 0001:00015660       ml_check_mx_array_for_uint16_castability 0000000180016660 f   sfc_mex:sfc_mex.obj
 0001:000156c0       ml_check_mx_array_for_int32_castability 00000001800166c0 f   sfc_mex:sfc_mex.obj
 0001:00015720       ml_check_mx_array_for_uint32_castability 0000000180016720 f   sfc_mex:sfc_mex.obj
 0001:00015780       ml_check_mx_array_for_castability 0000000180016780 f   sfc_mex:sfc_mex.obj
 0001:00015fa0       set_data_value             0000000180016fa0 f   sfc_mex:sfc_mex.obj
 0001:00016310       get_data_value             0000000180017310 f   sfc_mex:sfc_mex.obj
 0001:00016420       get_next_element_address   0000000180017420 f   sfc_mex:sfc_mex.obj
 0001:000164f0       sf_normalize_index         00000001800174f0 f   sfc_mex:sfc_mex.obj
 0001:000168a0       ml_array_index_bound_check 00000001800178a0 f   sfc_mex:sfc_mex.obj
 0001:00017420       mx_value                   0000000180018420 f   sfc_mex:sfc_mex.obj
 0001:00017470       sf_create_numeric_array    0000000180018470 f   sfc_mex:sfc_mex.obj
 0001:00017510       sf_mex_assign_to_mx_array  0000000180018510 f   sfc_mex:sfc_mex.obj
 0001:00017880       assign_from_mx_array       0000000180018880 f   sfc_mex:sfc_mex.obj
 0001:00017fe0       sf_mex_import_v            0000000180018fe0 f   sfc_mex:sfc_mex.obj
 0001:000186f0       get_machine_and_chart_file_number 00000001800196f0 f   sfc_mex:sfc_sf.obj
 0001:000187e0       get_sfun_block_specialization 00000001800197e0 f   sfc_mex:sfc_sf.obj
 0001:00018890       call_sf_machine_global_method_dispatcher 0000000180019890 f   sfc_mex:sfc_sf.obj
 0001:00018ae0       mdl_zeroCrossings_processing 0000000180019ae0 f   sfc_mex:sfc_sf.obj
 0001:00018bc0       mdl_derivatives_processing 0000000180019bc0 f   sfc_mex:sfc_sf.obj
 0001:00018ea0       mdl_outputs_continuous_legacy 0000000180019ea0 f   sfc_mex:sfc_sf.obj
 0001:00018f20       mdl_outputs_processing     0000000180019f20 f   sfc_mex:sfc_sf.obj
 0001:00019190       mdl_enable_processing      000000018001a190 f   sfc_mex:sfc_sf.obj
 0001:00019270       mdl_disable_processing     000000018001a270 f   sfc_mex:sfc_sf.obj
 0001:0001a100       sf_call_output_fcn_enable_disable 000000018001b100 f   sfc_mex:sfc_sf.obj
 0001:0001a380       set_dwork_information_from_mx_array 000000018001b380 f   sfc_mex:sfc_sf.obj
 0001:0001ac70       ptr2mxStruct               000000018001bc70 f   sfc_mex:sfc_sf.obj
 0001:0001af80       SNPRINTF_WRAPPER           000000018001bf80 f   sfc_debug:sfcdebug.obj
 0001:0001afb0       sf_debug_chart_instance_initialized 000000018001bfb0 f   sfc_debug:sfcdebug.obj
 0001:0001b150       sfrtAddSize                000000018001c150 f   sfc_debug:sfcdebug.obj
 0001:0001b210       sfrtGenSizeString          000000018001c210 f   sfc_debug:sfcdebug.obj
 0001:0001b960       fill_single_message_info   000000018001c960 f   sfc_debug:sfcdebug.obj
 0001:0001bbe0       sf_debug_sim_status_listener 000000018001cbe0 f   sfc_debug:sfcdebug.obj
 0001:0001c170       sf_debug_form_mask_bits    000000018001d170 f   sfc_debug:sfcdebug.obj
 0001:0001c190       sf_debug_form_sf_data_type_offsets 000000018001d190 f   sfc_debug:sfcdebug.obj
 0001:0001c250       sf_debug_free_all          000000018001d250 f   sfc_debug:sfcdebug.obj
 0001:0001c3e0       sf_debug_append_debugger_context 000000018001d3e0 f   sfc_debug:sfcdebug.obj
 0001:0001c750       local_strdup               000000018001d750 f   sfc_debug:sfcdebug.obj
 0001:0001d6d0       sf_debug_em_terminate      000000018001e6d0 f   sfc_debug:sfcdebug.obj
 0001:0001d710       sf_debug_push_eml_function 000000018001e710 f   sfc_debug:sfcdebug.obj
 0001:0001d7b0       sf_debug_pop_eml_function  000000018001e7b0 f   sfc_debug:sfcdebug.obj
 0001:0001e450       sf_debug_get_machine_number_from_id_or_name 000000018001f450 f   sfc_debug:sfcdebug.obj
 0001:0001e5a0       sf_debug_get_chart_number_from_id 000000018001f5a0 f   sfc_debug:sfcdebug.obj
 0001:0001f380       sf_debug_transfer_control_to_debugger_GUI 0000000180020380 f   sfc_debug:sfcdebug.obj
 0001:000202f0       sf_debug_scripts_rehash    00000001800212f0 f   sfc_debug:sfcdebug.obj
 0001:00020500       sf_debug_get_script_line_count 0000000180021500 f   sfc_debug:sfcdebug.obj
 0001:00020f50       cv_eml_state_cvId          0000000180021f50 f   sfc_debug:sfcdebug.obj
 0001:00020fc0       cv_eml_trans_cvId          0000000180021fc0 f   sfc_debug:sfcdebug.obj
 0001:00022440       sf_debug_data_array_bounds_error 0000000180023440 f   sfc_debug:sfcdebug.obj
 0001:000227f0       eml_debug_runtime_error_doclink 00000001800237f0 f   sfc_debug:sfcdebug.obj
 0001:00022960       sf_debug_runtime_error     0000000180023960 f   sfc_debug:sfcdebug.obj
 0001:000229d0       sf_debug_matlab_error      00000001800239d0 f   sfc_debug:sfcdebug.obj
 0001:00023340       sf_debug_data_value_error  0000000180024340 f   sfc_debug:sfcdebug.obj
 0001:00023c10       sf_debug_data_loss_error   0000000180024c10 f   sfc_debug:sfcdebug.obj
 0001:00024b30       call_cv_range_check        0000000180025b30 f   sfc_debug:sfcdebug.obj
 0001:00025390       sf_debug_invoke_cycle_detection_code 0000000180026390 f   sfc_debug:sfcdebug.obj
 0001:00025f00       sf_reset_debug_info_struct 0000000180026f00 f   sfc_debug:sfcdebug.obj
 0001:000266f0       cv_script_cvId             00000001800276f0 f   sfc_debug:sfcdebug.obj
 0001:000278b0       sfc_api_chart_visible      00000001800288b0 f   sfc_debug:sfc_api.obj
 0001:00027940       sfc_api_active_instance    0000000180028940 f   sfc_debug:sfc_api.obj
 0001:000279d0       sfc_api_machine_load       00000001800289d0 f   sfc_debug:sfc_api.obj
 0001:00027ac0       sfc_api_debugger_alive     0000000180028ac0 f   sfc_debug:sfc_api.obj
 0001:00027ad0       sfc_api_go                 0000000180028ad0 f   sfc_debug:sfc_api.obj
 0001:00027ae0       sfc_api_step_over          0000000180028ae0 f   sfc_debug:sfc_api.obj
 0001:00027af0       sfc_api_step_out           0000000180028af0 f   sfc_debug:sfc_api.obj
 0001:00027b00       sfc_api_resume             0000000180028b00 f   sfc_debug:sfc_api.obj
 0001:00027b10       sfc_api_break              0000000180028b10 f   sfc_debug:sfc_api.obj
 0001:00027b20       sfc_api_stop_debugging     0000000180028b20 f   sfc_debug:sfc_api.obj
 0001:00027b80       sfc_api_is_cycle_detected  0000000180028b80 f   sfc_debug:sfc_api.obj
 0001:00027be0       sfc_api_is_array_bounds_detected 0000000180028be0 f   sfc_debug:sfc_api.obj
 0001:00027c40       sfc_api_set_disable_all_breakpoints 0000000180028c40 f   sfc_debug:sfc_api.obj
 0001:00027cc0       sfc_api_disable_all_breakpoints_and_go 0000000180028cc0 f   sfc_debug:sfc_api.obj
 0001:00027cd0       sfc_api_close              0000000180028cd0 f   sfc_debug:sfc_api.obj
 0001:00027ce0       sfc_api_browse_data        0000000180028ce0 f   sfc_debug:sfc_api.obj
 0001:00027d60       sfc_api_watch_data         0000000180028d60 f   sfc_debug:sfc_api.obj
 0001:00027e70       sfc_api_extract_message_post_receive_info 0000000180028e70 f   sfc_debug:sfc_api.obj
 0001:00027e90       sfc_api_assign_data        0000000180028e90 f   sfc_debug:sfc_api.obj
 0001:00027f40       sfc_api_whos               0000000180028f40 f   sfc_debug:sfc_api.obj
 0001:00027fd0       sfc_api_get_consistency_info 0000000180028fd0 f   sfc_debug:sfc_api.obj
 0001:00027fe0       sfc_api_browse_trace       0000000180028fe0 f   sfc_debug:sfc_api.obj
 0001:00027ff0       sfc_api_break_on_chart_entry 0000000180028ff0 f   sfc_debug:sfc_api.obj
 0001:00028020       sfc_api_break_on_event_broadcast 0000000180029020 f   sfc_debug:sfc_api.obj
 0001:00028050       sfc_api_break_on_state_entry 0000000180029050 f   sfc_debug:sfc_api.obj
 0001:00028080       sfc_api_set_watch          0000000180029080 f   sfc_debug:sfc_api.obj
 0001:00028130       sfc_api_set_breakpoints    0000000180029130 f   sfc_debug:sfc_api.obj
 0001:000281f0       sfc_api_set_eml_breakpoints 00000001800291f0 f   sfc_debug:sfc_api.obj
 0001:00028290       sfc_api_set_script_breakpoints 0000000180029290 f   sfc_debug:sfc_api.obj
 0001:000282f0       sfc_api_add_script_breakpoints 00000001800292f0 f   sfc_debug:sfc_api.obj
 0001:00028350       sfc_api_clear_script_breakpoints 0000000180029350 f   sfc_debug:sfc_api.obj
 0001:000283b0       sfc_api_query_script_breakpoints 00000001800293b0 f   sfc_debug:sfc_api.obj
 0001:00028420       sfc_api_get_script_id      0000000180029420 f   sfc_debug:sfc_api.obj
 0001:000284e0       sfc_api_get_active_states  00000001800294e0 f   sfc_debug:sfc_api.obj
 0001:00028570       sfc_api_break_between_times 0000000180029570 f   sfc_debug:sfc_api.obj
 0001:000285e0       sfc_api_get_instance_handle 00000001800295e0 f   sfc_debug:sfc_api.obj
 0001:000286b0       sfc_api_set_animation      00000001800296b0 f   sfc_debug:sfc_api.obj
 0001:00028700       sfc_api_select_chart       0000000180029700 f   sfc_debug:sfc_api.obj
 0001:00028770       sfc_api_select_charts      0000000180029770 f   sfc_debug:sfc_api.obj
 0001:000287a0       sfc_api_cycle_detection_check 00000001800297a0 f   sfc_debug:sfc_api.obj
 0001:000287f0       sfc_api_data_range_check   00000001800297f0 f   sfc_debug:sfc_api.obj
 0001:00028840       sfc_api_transition_conflict_check 0000000180029840 f   sfc_debug:sfc_api.obj
 0001:00028890       sfc_api_state_consistency_check 0000000180029890 f   sfc_debug:sfc_api.obj
 0001:000288e0       sfc_api_set_instance_cv_ids 00000001800298e0 f   sfc_debug:sfc_api.obj
 0001:00028a10       sfc_api_set_script_cv_ids  0000000180029a10 f   sfc_debug:sfc_api.obj
 0001:00028ae0       sfc_api_get_current_machine_id 0000000180029ae0 f   sfc_debug:sfc_api.obj
 0001:00028b10       sfc_api_get_current_machine_number 0000000180029b10 f   sfc_debug:sfc_api.obj
 0001:00028b40       sfc_api_get_current_chart_number 0000000180029b40 f   sfc_debug:sfc_api.obj
 0001:00028b70       sfc_api_get_current_instance_number 0000000180029b70 f   sfc_debug:sfc_api.obj
 0001:00028ba0       sfc_api_get_current_instance_handle 0000000180029ba0 f   sfc_debug:sfc_api.obj
 0001:00028bc0       sfc_api_get_current_is_minor_time_step 0000000180029bc0 f   sfc_debug:sfc_api.obj
 0001:00028bf0       sfc_api_get_current_machine_name 0000000180029bf0 f   sfc_debug:sfc_api.obj
 0001:00028c10       sfc_api_get_current_chart_id 0000000180029c10 f   sfc_debug:sfc_api.obj
 0001:00028c40       sfc_api_get_current_object_type 0000000180029c40 f   sfc_debug:sfc_api.obj
 0001:00028c70       sfc_api_get_current_event_type 0000000180029c70 f   sfc_debug:sfc_api.obj
 0001:00028ca0       sfc_api_get_current_object_id 0000000180029ca0 f   sfc_debug:sfc_api.obj
 0001:00028cd0       sfc_get_current_active_event_type 0000000180029cd0 f   sfc_debug:sfc_api.obj
 0001:00028d00       sfc_api_get_current_active_event_id 0000000180029d00 f   sfc_debug:sfc_api.obj
 0001:00028d30       sfc_api_get_current_simulation_time 0000000180029d30 f   sfc_debug:sfc_api.obj
 0001:00028d50       sfc_get_current_tag_type   0000000180029d50 f   sfc_debug:sfc_api.obj
 0001:00028d80       sfc_get_current_coverage_percentage 0000000180029d80 f   sfc_debug:sfc_api.obj
 0001:00028da0       sfc_get_current_statement_context 0000000180029da0 f   sfc_debug:sfc_api.obj
 0001:00028dc0       sfc_get_current_optional_integer 0000000180029dc0 f   sfc_debug:sfc_api.obj
 0001:00028df0       sfc_get_current_statement_info 0000000180029df0 f   sfc_debug:sfc_api.obj
 0001:00028e90       sfc_api_get                0000000180029e90 f   sfc_debug:sfc_api.obj
 0001:00029af0       sf_debug_sm_fill_state_activity_data 000000018002aaf0 f   sfc_debug:sfdb_animation.obj
 0001:0002c330       void_ptr_stack_vector_free_total 000000018002d330 f   sfc_debug:sfdb_data_browse.obj
 0001:0002c3b0       sf_debug_st_terminate_machine 000000018002d3b0 f   sfc_debug:sfdb_data_browse.obj
 0001:0002c3f0       sf_debug_st_terminate_instance 000000018002d3f0 f   sfc_debug:sfdb_data_browse.obj
 0001:0002c7a0       push_on_to_void_ptr_stack  000000018002d7a0 f   sfc_debug:sfdb_data_browse.obj
 0001:0002c930       pop_from_void_ptr_stack    000000018002d930 f   sfc_debug:sfdb_data_browse.obj
 0001:0002ca60       sf_debug_st_get_data_value 000000018002da60 f   sfc_debug:sfdb_data_browse.obj
 0001:0002cf90       mx_value                   000000018002df90 f   sfc_debug:sfdb_data_browse.obj
 0001:0002cfd0       sf_debug_st_fill_data_struct 000000018002dfd0 f   sfc_debug:sfdb_data_browse.obj
 0001:0002d310       data_type_format_strings   000000018002e310 f   sfc_debug:sfdb_data_browse.obj
 0001:0002d3c0       sf_debug_st_fill_data      000000018002e3c0 f   sfc_debug:sfdb_data_browse.obj
 0001:0002e0b0       sf_debug_hm_get_simulink_handle 000000018002f0b0 f   sfc_debug:sfdb_handle_management.obj
 0001:0002eb60       sf_debug_hm_initialize_globals 000000018002fb60 f   sfc_debug:sfdb_handle_management.obj
 0001:0002ec60       sf_debug_hm_get_machine_debug_flag 000000018002fc60 f   sfc_debug:sfdb_handle_management.obj
 0001:0002edd0       sf_debug_hm_get_machine_id 000000018002fdd0 f   sfc_debug:sfdb_handle_management.obj
 0001:0002eef0       sf_debug_hm_get_chart_id   000000018002fef0 f   sfc_debug:sfdb_handle_management.obj
 0001:0002f090       sf_debug_hm_register_executing_SFunction 0000000180030090 f   sfc_debug:sfdb_handle_management.obj
 0001:0002f420       sf_debug_hm_form_object_boolean_properties 0000000180030420 f   sfc_debug:sfdb_handle_management.obj
 0001:0002f6f0       sf_debug_hm_form_object_properties 00000001800306f0 f   sfc_debug:sfdb_handle_management.obj
 0001:0002f930       sf_debug_hm_terminate_charts 0000000180030930 f   sfc_debug:sfdb_handle_management.obj
 0001:00030010       sf_debug_hm_terminate_machines 0000000180031010 f   sfc_debug:sfdb_handle_management.obj
 0001:00031a80       sf_debug_ss_copy_dimension 0000000180032a80 f   sfc_debug:sfdb_symbol_scope.obj
 0001:00031b40       sf_debug_ss_get_number_elements 0000000180032b40 f   sfc_debug:sfdb_symbol_scope.obj
 0001:00031b60       sf_debug_ss_fill_data_struct 0000000180032b60 f   sfc_debug:sfdb_symbol_scope.obj
 0001:00031eb0       sf_debug_ss_reset_data_info 0000000180032eb0 f   sfc_debug:sfdb_symbol_scope.obj
 0001:00031f10       sf_debug_fill_data_info_by_symbol_scope_entry 0000000180032f10 f   sfc_debug:sfdb_symbol_scope.obj
 0001:00031fd0       sf_debug_fill_data_info_by_data_vector 0000000180032fd0 f   sfc_debug:sfdb_symbol_scope.obj
 0001:00032220       get_data_info_helper       0000000180033220 f   sfc_debug:sfdb_symbol_scope.obj
 0001:00032510       sf_debug_ss_get_data_info  0000000180033510 f   sfc_debug:sfdb_symbol_scope.obj
 0001:00032730       sf_debug_select_mex_function 0000000180033730 f   sfc_debug:sfdb_symbol_scope.obj
 0001:00032760       sf_debug_is_dyn_matrix_initialized 0000000180033760 f   sfc_debug:sfdb_symbol_scope.obj
 0001:00032780       sf_debug_ss_set_data_value_try 0000000180033780 f   sfc_debug:sfdb_symbol_scope.obj
 0001:00032970       sf_debug_ss_get_data_value 0000000180033970 f   sfc_debug:sfdb_symbol_scope.obj
 0001:000330d0       sf_debug_ss_data_bytes_string 00000001800340d0 f   sfc_debug:sfdb_symbol_scope.obj
 0001:00033160       sf_debug_ss_data_class_string 0000000180034160 f   sfc_debug:sfdb_symbol_scope.obj
 0001:000334e0       sf_debug_ss_data_size_string 00000001800344e0 f   sfc_debug:sfdb_symbol_scope.obj
 0001:000335c0       sf_debug_ss_data_create_data_info_struct 00000001800345c0 f   sfc_debug:sfdb_symbol_scope.obj
 0001:00033870       sf_debug_ss_data_create_name_value_pair 0000000180034870 f   sfc_debug:sfdb_symbol_scope.obj
 0001:00033910       sf_debug_ss_data_get_whos_info 0000000180034910 f   sfc_debug:sfdb_symbol_scope.obj
 0001:00033920       same_named_data_in_data_array 0000000180034920 f   sfc_debug:sfdb_symbol_scope.obj
 0001:000350b0       sf_debug_cc_terminate_chart 00000001800360b0 f   sfc_debug:sfdb_coverage.obj
 0001:000353c0       sf_debug_cc_terminate_instance 00000001800363c0 f   sfc_debug:sfdb_coverage.obj
 0001:00035f90       sf_debug_cc_mark_object_if_needed 0000000180036f90 f   sfc_debug:sfdb_coverage.obj
 0001:00036810       sf_debug_bm_initialize_eml 0000000180037810 f   sfc_debug:sfdb_breakpoints.obj
 0001:000378d0       sf_debug_bm_map_debug_tag_to_breakpoint_tag 00000001800388d0 f   sfc_debug:sfdb_breakpoints.obj
 0001:000379b0       sf_debug_bm_is_a_eml_breakpoint_impl 00000001800389b0 f   sfc_debug:sfdb_breakpoints.obj
 0001:000392e0       sf_debug_sc_push_on_error_stack 000000018003a2e0 f   sfc_debug:sfdb_state_consistency.obj
 0001:00039400       sf_debug_sc_reset_error_stack 000000018003a400 f   sfc_debug:sfdb_state_consistency.obj
 0001:00039590       sf_debug_sc_is_state_inconsistent 000000018003a590 f   sfc_debug:sfdb_state_consistency.obj
 0001:00039880       sf_debug_sc_fill_consistency_info 000000018003a880 f   sfc_debug:sfdb_state_consistency.obj
 0001:00039e20       void_assertion_fcn         000000018003ae20 f   sfc_debug:sfdb_call_stack.obj
 0001:0003a370       sf_debug_tm_fill_local_trace 000000018003b370 f   sfc_debug:sfdb_call_stack.obj
 0001:0003a910       sf_debug_cd_terminate_instance 000000018003b910 f   sfc_debug:sfdb_cycle_detection.obj
 0001:0003a970       sf_debug_cd_free_checksum_stack 000000018003b970 f   sfc_debug:sfdb_cycle_detection.obj
 0001:0003a9c0       sf_debug_cd_reset_pack_strings 000000018003b9c0 f   sfc_debug:sfdb_cycle_detection.obj
 0001:0003b060       md5file_clear              000000018003c060 f   sfc_debug:ckmd5.obj
 0001:0003b090       Encode                     000000018003c090 f   sfc_debug:ckmd5.obj
 0001:0003b0e0       Decode                     000000018003c0e0 f   sfc_debug:ckmd5.obj
 0001:0003b180       MD5Transform               000000018003c180 f   sfc_debug:ckmd5.obj
 0001:0003b9e0       md5file_addn               000000018003c9e0 f   sfc_debug:ckmd5.obj
 0001:0003bab0       md5file_hash               000000018003cab0 f   sfc_debug:ckmd5.obj
 0001:0003c020       pre_c_init                 000000018003d020 f   MSVCRT:crtdll.obj
 0001:0003c2dc       __DllMainCRTStartup        000000018003d2dc f   MSVCRT:crtdll.obj
 0001:0003c970       __DllMainCRTStartup$filt$0 000000018003d970 f   MSVCRT:crtdll.obj
 0001:0003c9a0       __DllMainCRTStartup$fin$1  000000018003d9a0 f   MSVCRT:crtdll.obj
 0001:0003c9ba       _onexit$fin$0              000000018003d9ba f   MSVCRT:atonexit.obj
 0001:0003c9e0       _IsNonwritableInCurrentImage$filt$0 000000018003d9e0 f   MSVCRT:pesect.obj
