 cesta_sfun

 Timestamp is 52d7f5d6 (Thu Jan 16 16:08:06 2014)

 Preferred load address is 0000000180000000

 Start         Length     Name                   Class
 0001:00000000 0003d324H .text                   CODE
 0001:0003d330 00000092H .text$x                 CODE
 0002:00000000 000004b0H .idata$5                DATA
 0002:000004b0 00000008H .CRT$XCA                DATA
 0002:000004b8 00000008H .CRT$XCZ                DATA
 0002:000004c0 00000008H .CRT$XIA                DATA
 0002:000004c8 00000008H .CRT$XIAA               DATA
 0002:000004d0 00000008H .CRT$XIZ                DATA
 0002:000004e0 00004b4cH .rdata                  DATA
 0002:00005030 00000008H .rtc$IAA                DATA
 0002:00005038 00000008H .rtc$IZZ                DATA
 0002:00005040 00000008H .rtc$TAA                DATA
 0002:00005048 00000008H .rtc$TZZ                DATA
 0002:00005050 000041dcH .xdata                  DATA
 0002:0000922c 000000a0H .idata$2                DATA
 0002:000092cc 00000014H .idata$3                DATA
 0002:000092e0 000004b0H .idata$4                DATA
 0002:00009790 00000b06H .idata$6                DATA
 0002:0000a2a0 00000050H .edata                  DATA
 0003:00000000 00002788H .data                   DATA
 0003:000027a0 00002418H .bss                    DATA
 0004:00000000 00003168H .pdata                  DATA

  Address         Publics by Value              Rva+Base               Lib:Object

 0000:00000000       ___safe_se_handler_count   0000000000000000     <absolute>
 0000:00000000       ___safe_se_handler_table   0000000000000000     <absolute>
 0000:00000000       __ImageBase                0000000180000000     <linker-defined>
 0001:00000000       sf_c1_cesta_get_eml_resolved_functions_info 0000000180001000 f   c1_cesta.obj
 0001:00001050       sf_c1_cesta_get_check_sum  0000000180002050 f   c1_cesta.obj
 0001:000010d0       sf_c1_cesta_get_autoinheritance_info 00000001800020d0 f   c1_cesta.obj
 0001:00001df0       sf_c1_cesta_third_party_uses_info 0000000180002df0 f   c1_cesta.obj
 0001:00001e20       sf_internal_get_sim_state_c1_cesta 0000000180002e20 f   c1_cesta.obj
 0001:00002440       sf_internal_set_sim_state_c1_cesta 0000000180003440 f   c1_cesta.obj
 0001:00002b60       c1_cesta_method_dispatcher 0000000180003b60 f   c1_cesta.obj
 0001:0000b1b0       sf_process_check_sum_call  000000018000c1b0 f   cesta_sfun_registry.obj
 0001:0000b200       sf_process_autoinheritance_call 000000018000c200 f   cesta_sfun_registry.obj
 0001:0000b3a0       sf_process_get_third_party_uses_info_call 000000018000c3a0 f   cesta_sfun_registry.obj
 0001:0000b540       sf_process_get_eml_resolved_functions_info_call 000000018000c540 f   cesta_sfun_registry.obj
 0001:0000b6c0       sf_mex_unlock_call         000000018000c6c0 f   cesta_sfun_registry.obj
 0001:0000b770       sf_machine_global_initializer_called 000000018000c770 f   cesta_sfun_registry.obj
 0001:0000b7a0       sf_machine_global_method_dispatcher 000000018000c7a0 f   cesta_sfun_registry.obj
 0001:0000b800       sf_machine_global_terminator 000000018000c800 f   cesta_sfun_registry.obj
 0001:0000b850       sf_register_machine_exported_symbols 000000018000c850 f   cesta_sfun_registry.obj
 0001:0000b870       callCustomFcn              000000018000c870 f   cesta_sfun_registry.obj
 0001:0000b880       sf_machine_global_initializer 000000018000c880 f   cesta_sfun_registry.obj
 0001:0000b900       _ssSetStateAbsTol          000000018000c900 f   cesta_sfun_registry.obj
 0001:0000b9e0       _ssGetAbsTol               000000018000c9e0 f   cesta_sfun_registry.obj
 0001:0000ba50       _ssSetInputPortMatrixDimensions 000000018000ca50 f   cesta_sfun_registry.obj
 0001:0000bb60       _ssSetOutputPortMatrixDimensions 000000018000cb60 f   cesta_sfun_registry.obj
 0001:0000bc70       _ssSetInputPortVectorDimension 000000018000cc70 f   cesta_sfun_registry.obj
 0001:0000bd40       _ssSetOutputPortVectorDimension 000000018000cd40 f   cesta_sfun_registry.obj
 0001:0000be10       ssIsRunTimeParamTunable    000000018000ce10 f   cesta_sfun_registry.obj
 0001:0000be80       ssGetSFuncBlockHandle      000000018000ce80 f   cesta_sfun_registry.obj
 0001:0000bef0       _ssGetCurrentInputPortWidth 000000018000cef0 f   cesta_sfun_registry.obj
 0001:0000c010       _ssGetCurrentOutputPortWidth 000000018000d010 f   cesta_sfun_registry.obj
 0001:0000c130       _ssGetCallSystemNumFcnCallDestinations 000000018000d130 f   cesta_sfun_registry.obj
 0001:0000c1a0       ssWarning                  000000018000d1a0 f   cesta_sfun_registry.obj
 0001:0000c2b0       ssGetIsZeroCrossControlDisabled 000000018000d2b0 f   cesta_sfun_registry.obj
 0001:0000c320       ssSetIsInputPortUsedForContZcSignal 000000018000d320 f   cesta_sfun_registry.obj
 0001:0000c390       ssSetZcSignalIsZcElementDisc 000000018000d390 f   cesta_sfun_registry.obj
 0001:0000c440       ssSetZcSignalName          000000018000d440 f   cesta_sfun_registry.obj
 0001:0000c4b0       ssSetZcSignalWidth         000000018000d4b0 f   cesta_sfun_registry.obj
 0001:0000c520       ssSetZcSignalZcEventType   000000018000d520 f   cesta_sfun_registry.obj
 0001:0000c590       ssSetZcSignalType          000000018000d590 f   cesta_sfun_registry.obj
 0001:0000c600       ssSetZcSignalZcTol         000000018000d600 f   cesta_sfun_registry.obj
 0001:0000c670       ssSetZcSignalNeedsEventNotification 000000018000d670 f   cesta_sfun_registry.obj
 0001:0000c6e0       ssCreateAndAddZcSignalInfo 000000018000d6e0 f   cesta_sfun_registry.obj
 0001:0000c750       ssCloneAndAddZcSignalInfo  000000018000d750 f   cesta_sfun_registry.obj
 0001:0000c7c0       ssGetNumZcSignals          000000018000d7c0 f   cesta_sfun_registry.obj
 0001:0000c830       ssGetZcSignalVector        000000018000d830 f   cesta_sfun_registry.obj
 0001:0000c8a0       ssGetZcSignalZcEvents      000000018000d8a0 f   cesta_sfun_registry.obj
 0001:0000c910       ssGetZcSignalName          000000018000d910 f   cesta_sfun_registry.obj
 0001:0000c980       ssGetZcSignalWidth         000000018000d980 f   cesta_sfun_registry.obj
 0001:0000c9f0       ssGetZcSignalZcEventType   000000018000d9f0 f   cesta_sfun_registry.obj
 0001:0000ca60       ssGetZcSignalType          000000018000da60 f   cesta_sfun_registry.obj
 0001:0000cad0       ssGetZcSignalZcTol         000000018000dad0 f   cesta_sfun_registry.obj
 0001:0000cb50       ssGetZcSignalNeedsEventNotification 000000018000db50 f   cesta_sfun_registry.obj
 0001:0000cbc0       ssGetZcSignalIsZcElementDisc 000000018000dbc0 f   cesta_sfun_registry.obj
 0001:0000cc60       ssGetIsInputPortElementContinuous 000000018000dc60 f   cesta_sfun_registry.obj
 0001:0000cd00       _ssGetInputPortSignalPtrsFcn 000000018000dd00 f   cesta_sfun_registry.obj
 0001:0000cfc0       _ssGetInputPortSignalFcn   000000018000dfc0 f   cesta_sfun_registry.obj
 0001:0000d1e0       _ssSetInputPortDirectFeedThroughFcn 000000018000e1e0 f   cesta_sfun_registry.obj
 0001:0000d340       _ssSetInputPortReusableFcn 000000018000e340 f   cesta_sfun_registry.obj
 0001:0000d430       _ssSetOutputPortReusableFcn 000000018000e430 f   cesta_sfun_registry.obj
 0001:0000d510       ssGetDTypeIdFromMxArray    000000018000e510 f   cesta_sfun_registry.obj
 0001:0000d630       ssWriteRTWStr              000000018000e630 f   cesta_sfun_registry.obj
 0001:0000d690       ssWriteRTWMxVectParam      000000018000e690 f   cesta_sfun_registry.obj
 0001:0000d6f0       ssWriteRTWMx2dMatParam     000000018000e6f0 f   cesta_sfun_registry.obj
 0001:0000d770       ssWriteRTWNameValuePair    000000018000e770 f   cesta_sfun_registry.obj
 0001:0000dc60       ssWriteRTWParameters       000000018000ec60 f   cesta_sfun_registry.obj
 0001:0000e260       ssWriteRTWParamSettings    000000018000f260 f   cesta_sfun_registry.obj
 0001:0000e930       ssWriteRTWWorkVect         000000018000f930 f   cesta_sfun_registry.obj
 0001:0000ee30       mexFunction                000000018000fe30 f   cesta_sfun_registry.obj
 0001:00010b60       ProcessMexSfunctionEveryCall 0000000180011b60 f   cesta_sfun_registry.obj
 0001:00010cd0       cesta_initializer          0000000180011cd0 f   cesta_sfun.obj
 0001:00010ce0       cesta_terminator           0000000180011ce0 f   cesta_sfun.obj
 0001:00010cf0       sf_cesta_method_dispatcher 0000000180011cf0 f   cesta_sfun.obj
 0001:00010d40       sf_cesta_process_check_sum_call 0000000180011d40 f   cesta_sfun.obj
 0001:00011150       sf_cesta_autoinheritance_info 0000000180012150 f   cesta_sfun.obj
 0001:000112c0       sf_cesta_get_eml_resolved_functions_info 00000001800122c0 f   cesta_sfun.obj
 0001:000113f0       sf_cesta_third_party_uses_info 00000001800123f0 f   cesta_sfun.obj
 0001:00011540       cesta_debug_initialize     0000000180012540 f   cesta_sfun.obj
 0001:000115c0       cesta_register_exported_symbols 00000001800125c0 f   cesta_sfun.obj
 0001:000115d0       load_cesta_optimization_info 00000001800125d0 f   cesta_sfun.obj
 0001:00011620       unload_cesta_optimization_info 0000000180012620 f   cesta_sfun.obj
 0001:00011740       sf_mex_mx_is_numeric       0000000180012740 f   sfc_mex:sfc_mex.obj
 0001:00011780       strcmp_ignore_ws           0000000180012780 f   sfc_mex:sfc_mex.obj
 0001:000118c0       sf_mex_duplicatearraysafe  00000001800128c0 f   sfc_mex:sfc_mex.obj
 0001:00011a20       sf_set_error_debugger_context_message_fcn 0000000180012a20 f   sfc_mex:sfc_mex.obj
 0001:00011a30       sf_set_debugger_matlab_error_fcn 0000000180012a30 f   sfc_mex:sfc_mex.obj
 0001:00011a70       sf_set_error_prefix_string 0000000180012a70 f   sfc_mex:sfc_mex.obj
 0001:00011aa0       sf_get_error_prefix_string 0000000180012aa0 f   sfc_mex:sfc_mex.obj
 0001:00011ab0       sf_mex_enter_parallel_region 0000000180012ab0 f   sfc_mex:sfc_mex.obj
 0001:00011ac0       sf_mex_exit_parallel_region 0000000180012ac0 f   sfc_mex:sfc_mex.obj
 0001:00011ad0       sf_get_current_jmp_buf_ptr 0000000180012ad0 f   sfc_mex:sfc_mex.obj
 0001:00011ae0       sf_set_current_jmp_buf_ptr 0000000180012ae0 f   sfc_mex:sfc_mex.obj
 0001:00011af0       sf_mex_set_halt_simulation 0000000180012af0 f   sfc_mex:sfc_mex.obj
 0001:00011b00       sf_mex_get_halt_simulation 0000000180012b00 f   sfc_mex:sfc_mex.obj
 0001:00011b10       sf_mex_clear_error_message 0000000180012b10 f   sfc_mex:sfc_mex.obj
 0001:00011b30       sf_mex_get_error_message_for_read 0000000180012b30 f   sfc_mex:sfc_mex.obj
 0001:00011b40       sf_mex_get_error_message_buffer_length 0000000180012b40 f   sfc_mex:sfc_mex.obj
 0001:00011c20       sf_mex_warning_message     0000000180012c20 f   sfc_mex:sfc_mex.obj
 0001:00011c90       sf_mex_v_errbuf_createf    0000000180012c90 f   sfc_mex:sfc_mex.obj
 0001:00011ca0       sf_mex_errbuf_createf      0000000180012ca0 f   sfc_mex:sfc_mex.obj
 0001:00011cd0       sf_mex_v_errbuf_catf       0000000180012cd0 f   sfc_mex:sfc_mex.obj
 0001:00011d10       sf_mex_errbuf_catf         0000000180012d10 f   sfc_mex:sfc_mex.obj
 0001:00011d60       sf_mex_errbuf_copy         0000000180012d60 f   sfc_mex:sfc_mex.obj
 0001:00011d70       sf_mex_errbuf_clear        0000000180012d70 f   sfc_mex:sfc_mex.obj
 0001:00011d80       sf_mex_errbuf_isempty      0000000180012d80 f   sfc_mex:sfc_mex.obj
 0001:00011e80       sf_mex_set_error_status    0000000180012e80 f   sfc_mex:sfc_mex.obj
 0001:00011ed0       sf_mex_error_direct_call   0000000180012ed0 f   sfc_mex:sfc_mex.obj
 0001:00011ef0       sf_mex_error_message_no_long_jump 0000000180012ef0 f   sfc_mex:sfc_mex.obj
 0001:00011f10       sf_mex_long_jump_on_error  0000000180012f10 f   sfc_mex:sfc_mex.obj
 0001:00011f40       sf_mex_call_matlab         0000000180012f40 f   sfc_mex:sfc_mex.obj
 0001:00012060       sf_mex_check_builtin       0000000180013060 f   sfc_mex:sfc_mex.obj
 0001:00012100       sf_mex_check_builtin_vs    0000000180013100 f   sfc_mex:sfc_mex.obj
 0001:000121c0       sf_mex_check_enum          00000001800131c0 f   sfc_mex:sfc_mex.obj
 0001:00012240       sf_mex_create_enum         0000000180013240 f   sfc_mex:sfc_mex.obj
 0001:000122b0       sf_mex_get_enum_element    00000001800132b0 f   sfc_mex:sfc_mex.obj
 0001:000122c0       sf_mex_createcellarray     00000001800132c0 f   sfc_mex:sfc_mex.obj
 0001:000122d0       sf_mex_setcell             00000001800132d0 f   sfc_mex:sfc_mex.obj
 0001:000122e0       sf_mex_getcell             00000001800132e0 f   sfc_mex:sfc_mex.obj
 0001:000122f0       sf_mex_dup                 00000001800132f0 f   sfc_mex:sfc_mex.obj
 0001:00012310       sf_mex_assign              0000000180013310 f   sfc_mex:sfc_mex.obj
 0001:00012390       sf_mex_destroy             0000000180013390 f   sfc_mex:sfc_mex.obj
 0001:000123c0       mx_array_has_fi_type       00000001800133c0 f   sfc_mex:sfc_mex.obj
 0001:000123f0       sf_mex_convert_from_fi     00000001800133f0 f   sfc_mex:sfc_mex.obj
 0001:00012520       sf_mex_convert_to_double   0000000180013520 f   sfc_mex:sfc_mex.obj
 0001:00012640       sf_mex_import_fi_vs        0000000180013640 f   sfc_mex:sfc_mex.obj
 0001:00012870       sf_matrix_matrix_index_ok  0000000180013870 f   sfc_mex:sfc_mex.obj
 0001:00012900       sf_vector_vector_index_ok  0000000180013900 f   sfc_mex:sfc_mex.obj
 0001:00012930       ssGetCurrentInputPortDimensions_wrapper 0000000180013930 f   sfc_mex:sfc_mex.obj
 0001:00012950       ssGetCurrentOutputPortDimensions_wrapper 0000000180013950 f   sfc_mex:sfc_mex.obj
 0001:00012970       sf_mex_emlrt_context_is_debug_mode 0000000180013970 f   sfc_mex:sfc_mex.obj
 0001:00012980       sf_mex_emlrt_context_set_debug_mode 0000000180013980 f   sfc_mex:sfc_mex.obj
 0001:00012990       sf_mex_emlrtNameCapturePostProcessR2012a 0000000180013990 f   sfc_mex:sfc_mex.obj
 0001:00012a00       sf_clear_error_manager_info 0000000180013a00 f   sfc_mex:sfc_mex.obj
 0001:00012a60       sf_mex_stop_simulation_abruptly_wo_error 0000000180013a60 f   sfc_mex:sfc_mex.obj
 0001:00012aa0       sf_mex_error_message       0000000180013aa0 f   sfc_mex:sfc_mex.obj
 0001:00012b10       sf_react_to_error_in_matlab_call 0000000180013b10 f   sfc_mex:sfc_mex.obj
 0001:00012b40       sf_mex_addfield            0000000180013b40 f   sfc_mex:sfc_mex.obj
 0001:00012be0       sf_mex_getfield            0000000180013be0 f   sfc_mex:sfc_mex.obj
 0001:00012ee0       sf_mex_check_class         0000000180013ee0 f   sfc_mex:sfc_mex.obj
 0001:00012f80       sf_mex_is_real             0000000180013f80 f   sfc_mex:sfc_mex.obj
 0001:000133f0       sf_mex_decode_encoded_mx_struct_array 00000001800143f0 f   sfc_mex:sfc_mex.obj
 0001:000136e0       sf_mex_lw_bounds_check     00000001800146e0 f   sfc_mex:sfc_mex.obj
 0001:00013710       sf_mex_lw_size_eq_check_1d 0000000180014710 f   sfc_mex:sfc_mex.obj
 0001:00013730       sf_mex_lw_size_eq_check_nd 0000000180014730 f   sfc_mex:sfc_mex.obj
 0001:00013910       sf_mex_lw_dim_size_eq_check 0000000180014910 f   sfc_mex:sfc_mex.obj
 0001:00013940       sf_mex_lw_dim_size_geq_check 0000000180014940 f   sfc_mex:sfc_mex.obj
 0001:00013970       sf_mex_lw_sub_assign_size_check_nd 0000000180014970 f   sfc_mex:sfc_mex.obj
 0001:00013b40       sf_mex_lw_runtime_error_msgid 0000000180014b40 f   sfc_mex:sfc_mex.obj
 0001:00013c30       sf_mex_lw_matrix_matrix_index_check 0000000180014c30 f   sfc_mex:sfc_mex.obj
 0001:00013c50       sf_mex_lw_vector_vector_index_check 0000000180014c50 f   sfc_mex:sfc_mex.obj
 0001:00013c90       sf_mex_lw_for_loop_vector_check 0000000180014c90 f   sfc_mex:sfc_mex.obj
 0001:00013d20       sf_mex_lw_non_negative_check 0000000180014d20 f   sfc_mex:sfc_mex.obj
 0001:00013d60       sf_mex_overflow_error      0000000180014d60 f   sfc_mex:sfc_mex.obj
 0001:00013d70       sf_mex_dividebyzero_error  0000000180014d70 f   sfc_mex:sfc_mex.obj
 0001:00013d80       sf_mex_unsafe_enum_error   0000000180014d80 f   sfc_mex:sfc_mex.obj
 0001:00013d90       sf_emlrtErrHandler         0000000180014d90 f   sfc_mex:sfc_mex.obj
 0001:00013e70       sf_mex_size_one_check      0000000180014e70 f   sfc_mex:sfc_mex.obj
 0001:00013e90       sf_mex_printf              0000000180014e90 f   sfc_mex:sfc_mex.obj
 0001:00014060       sf_mex_check_size          0000000180015060 f   sfc_mex:sfc_mex.obj
 0001:00014300       sf_mex_check_struct        0000000180015300 f   sfc_mex:sfc_mex.obj
 0001:00014560       sf_mex_check_struct_vs     0000000180015560 f   sfc_mex:sfc_mex.obj
 0001:000145f0       sf_mex_check_fi            00000001800155f0 f   sfc_mex:sfc_mex.obj
 0001:000146f0       sf_mex_check_fi_vs         00000001800156f0 f   sfc_mex:sfc_mex.obj
 0001:00014790       sf_echo_expression         0000000180015790 f   sfc_mex:sfc_mex.obj
 0001:000147f0       sf_assertion_failed        00000001800157f0 f   sfc_mex:sfc_mex.obj
 0001:00014ad0       sf_mex_evalin              0000000180015ad0 f   sfc_mex:sfc_mex.obj
 0001:00014d40       sf_mex_export              0000000180015d40 f   sfc_mex:sfc_mex.obj
 0001:00014e00       sf_mex_get_ml_var_no_error 0000000180015e00 f   sfc_mex:sfc_mex.obj
 0001:00014fa0       sf_mex_get_ml_var          0000000180015fa0 f   sfc_mex:sfc_mex.obj
 0001:00015430       ml_set_element_value_in_array 0000000180016430 f   sfc_mex:sfc_mex.obj
 0001:000164f0       sf_mex_call_impl           00000001800174f0 f   sfc_mex:sfc_mex.obj
 0001:00016910       sf_mex_call_debug          0000000180017910 f   sfc_mex:sfc_mex.obj
 0001:00016940       sf_mex_call                0000000180017940 f   sfc_mex:sfc_mex.obj
 0001:00016f90       sf_mex_createstruct        0000000180017f90 f   sfc_mex:sfc_mex.obj
 0001:000170a0       sf_mex_createstructarray   00000001800180a0 f   sfc_mex:sfc_mex.obj
 0001:00017120       sf_mex_get_mx_datatype_from_sf_datatype 0000000180018120 f   sfc_mex:sfc_mex.obj
 0001:00017430       sf_mex_ml_var_sub          0000000180018430 f   sfc_mex:sfc_mex.obj
 0001:00017610       sf_mex_ml_var_subsasgn     0000000180018610 f   sfc_mex:sfc_mex.obj
 0001:00017a10       sf_mex_sub                 0000000180018a10 f   sfc_mex:sfc_mex.obj
 0001:00017c20       sf_mex_subsasgn            0000000180018c20 f   sfc_mex:sfc_mex.obj
 0001:00018130       sf_mex_create              0000000180019130 f   sfc_mex:sfc_mex.obj
 0001:00018ad0       sf_mex_import_named        0000000180019ad0 f   sfc_mex:sfc_mex.obj
 0001:00018b30       sf_mex_import              0000000180019b30 f   sfc_mex:sfc_mex.obj
 0001:00018b80       sf_mex_import_vs           0000000180019b80 f   sfc_mex:sfc_mex.obj
 0001:00018c90       sf_mex_lower_fixpt_mx_array 0000000180019c90 f   sfc_mex:sfc_mex.obj
 0001:00018f90       sf_send_message_wrapper    0000000180019f90 f   sfc_mex:sfc_sf.obj
 0001:00018fc0       sf_receive_message_wrapper 0000000180019fc0 f   sfc_mex:sfc_sf.obj
 0001:00019000       sf_check_out_message_wrapper 000000018001a000 f   sfc_mex:sfc_sf.obj
 0001:00019040       sf_check_in_message_wrapper 000000018001a040 f   sfc_mex:sfc_sf.obj
 0001:00019080       sf_no_message_wrapper      000000018001a080 f   sfc_mex:sfc_sf.obj
 0001:00019410       sim_mode_is_rtw_gen        000000018001a410 f   sfc_mex:sfc_sf.obj
 0001:00019440       sim_mode_is_external       000000018001a440 f   sfc_mex:sfc_sf.obj
 0001:00019450       sim_mode_is_modelref_sim   000000018001a450 f   sfc_mex:sfc_sf.obj
 0001:00019470       mdlInitializeSizes         000000018001a470 f   sfc_mex:sfc_sf.obj
 0001:00019490       mdlInitializeSampleTimes   000000018001a490 f   sfc_mex:sfc_sf.obj
 0001:000194d0       mdlZeroCrossings           000000018001a4d0 f   sfc_mex:sfc_sf.obj
 0001:000195c0       mdlDerivatives             000000018001a5c0 f   sfc_mex:sfc_sf.obj
 0001:00019680       mdl_initialize_conditions_processing 000000018001a680 f   sfc_mex:sfc_sf.obj
 0001:000196b0       mdlInitializeConditions    000000018001a6b0 f   sfc_mex:sfc_sf.obj
 0001:00019770       mdlGetSimState             000000018001a770 f   sfc_mex:sfc_sf.obj
 0001:00019780       mdlSetSimState             000000018001a780 f   sfc_mex:sfc_sf.obj
 0001:00019790       mdl_ext_mode_exec_processing 000000018001a790 f   sfc_mex:sfc_sf.obj
 0001:000197b0       mdlExtModeExec             000000018001a7b0 f   sfc_mex:sfc_sf.obj
 0001:00019950       mdlTerminate               000000018001a950 f   sfc_mex:sfc_sf.obj
 0001:000199c0       mdlRTW                     000000018001a9c0 f   sfc_mex:sfc_sf.obj
 0001:000199f0       mdlSetWorkWidths           000000018001a9f0 f   sfc_mex:sfc_sf.obj
 0001:00019a00       mdlProcessParameters       000000018001aa00 f   sfc_mex:sfc_sf.obj
 0001:00019a10       mdl_start_processing       000000018001aa10 f   sfc_mex:sfc_sf.obj
 0001:00019a70       mdlStart                   000000018001aa70 f   sfc_mex:sfc_sf.obj
 0001:00019b80       mdlEnable                  000000018001ab80 f   sfc_mex:sfc_sf.obj
 0001:00019c60       mdlDisable                 000000018001ac60 f   sfc_mex:sfc_sf.obj
 0001:00019d20       sf_get_chart_instance_ptr  000000018001ad20 f   sfc_mex:sfc_sf.obj
 0001:00019d40       sf_load_rtw_optimization_info 000000018001ad40 f   sfc_mex:sfc_sf.obj
 0001:00019e10       sf_update_buildInfo        000000018001ae10 f   sfc_mex:sfc_sf.obj
 0001:00019f10       sf_rtw_info_uint_prop      000000018001af10 f   sfc_mex:sfc_sf.obj
 0001:0001a050       sf_is_chart_inlinable      000000018001b050 f   sfc_mex:sfc_sf.obj
 0001:0001a070       sf_mark_output_events_with_multiple_callers 000000018001b070 f   sfc_mex:sfc_sf.obj
 0001:0001a200       sf_mark_chart_reusable_outputs 000000018001b200 f   sfc_mex:sfc_sf.obj
 0001:0001a460       sf_mark_chart_expressionable_inputs 000000018001b460 f   sfc_mex:sfc_sf.obj
 0001:0001a6c0       sf_get_subchart_simstruct  000000018001b6c0 f   sfc_mex:sfc_sf.obj
 0001:0001a710       sf_get_fixpt_data_type_id  000000018001b710 f   sfc_mex:sfc_sf.obj
 0001:0001a750       sf_get_enum_data_type_id   000000018001b750 f   sfc_mex:sfc_sf.obj
 0001:0001a790       sf_get_param_data_type_id  000000018001b790 f   sfc_mex:sfc_sf.obj
 0001:0001a7c0       sf_mex_listen_for_ctrl_c_force 000000018001b7c0 f   sfc_mex:sfc_sf.obj
 0001:0001a8d0       sf_mex_draw_now            000000018001b8d0 f   sfc_mex:sfc_sf.obj
 0001:0001a910       sf_mex_set_debugger_sim_status_listener_fcn 000000018001b910 f   sfc_mex:sfc_sf.obj
 0001:0001a920       sf_mex_listen_for_ctrl_c   000000018001b920 f   sfc_mex:sfc_sf.obj
 0001:0001a9c0       sf_mex_get_sfun_param      000000018001b9c0 f   sfc_mex:sfc_sf.obj
 0001:0001aa10       sf_get_runtime_param_data  000000018001ba10 f   sfc_mex:sfc_sf.obj
 0001:0001aa50       sf_call_output_fcn_call    000000018001ba50 f   sfc_mex:sfc_sf.obj
 0001:0001ab90       sf_call_output_fcn_enable  000000018001bb90 f   sfc_mex:sfc_sf.obj
 0001:0001ac20       sf_call_output_fcn_disable 000000018001bc20 f   sfc_mex:sfc_sf.obj
 0001:0001acb0       sf_clear_rtw_identifier    000000018001bcb0 f   sfc_mex:sfc_sf.obj
 0001:0001b4d0       sf_set_encoded_dwork_info  000000018001c4d0 f   sfc_mex:sfc_sf.obj
 0001:0001b520       sf_get_dwork_info_from_mat_file 000000018001c520 f   sfc_mex:sfc_sf.obj
 0001:0001b6e0       sf_set_rtw_dwork_info      000000018001c6e0 f   sfc_mex:sfc_sf.obj
 0001:0001b850       mdlOutputs                 000000018001c850 f   sfc_mex:sfc_sf.obj
 0001:0001b970       sf_debug_chart_instance_initialized_quick 000000018001c970 f   sfc_debug:sfcdebug.obj
 0001:0001b9f0       sf_debug_disp              000000018001c9f0 f   sfc_debug:sfcdebug.obj
 0001:0001bcc0       sf_debug_data_runtime_size_mismatch_error_check 000000018001ccc0 f   sfc_debug:sfcdebug.obj
 0001:0001bd70       sf_debug_try_loading_machine 000000018001cd70 f   sfc_debug:sfcdebug.obj
 0001:0001be70       sf_debug_reset_current_state_configuration 000000018001ce70 f   sfc_debug:sfcdebug.obj
 0001:0001bef0       sf_debug_store_current_state_configuration 000000018001cef0 f   sfc_debug:sfcdebug.obj
 0001:0001bf70       sf_debug_restore_previous_state_configuration 000000018001cf70 f   sfc_debug:sfcdebug.obj
 0001:0001bff0       sf_debug_restore_previous_state_configuration2 000000018001cff0 f   sfc_debug:sfcdebug.obj
 0001:0001c070       sf_debug_get_event_scope   000000018001d070 f   sfc_debug:sfcdebug.obj
 0001:0001c1e0       use_debugger_step_animation 000000018001d1e0 f   sfc_debug:sfcdebug.obj
 0001:0001c200       sf_debug_get_script_id     000000018001d200 f   sfc_debug:sfcdebug.obj
 0001:0001c290       sf_debug_set_script_translation 000000018001d290 f   sfc_debug:sfcdebug.obj
 0001:0001c410       sf_debug_extract_message_post_receive_info 000000018001d410 f   sfc_debug:sfcdebug.obj
 0001:0001c5d0       sf_debug_get_current_machine_id 000000018001d5d0 f   sfc_debug:sfcdebug.obj
 0001:0001c5f0       sf_debug_get_current_optional_integer 000000018001d5f0 f   sfc_debug:sfcdebug.obj
 0001:0001c600       sf_debug_get_current_machine_number 000000018001d600 f   sfc_debug:sfcdebug.obj
 0001:0001c620       sf_debug_get_current_machine_name 000000018001d620 f   sfc_debug:sfcdebug.obj
 0001:0001c640       sf_debug_get_current_chart_id 000000018001d640 f   sfc_debug:sfcdebug.obj
 0001:0001c680       sf_debug_get_current_chart_number 000000018001d680 f   sfc_debug:sfcdebug.obj
 0001:0001c690       sf_debug_get_current_instance_number 000000018001d690 f   sfc_debug:sfcdebug.obj
 0001:0001c6a0       sf_debug_get_current_is_minor_time_step 000000018001d6a0 f   sfc_debug:sfcdebug.obj
 0001:0001c720       sf_debug_get_current_object_type 000000018001d720 f   sfc_debug:sfcdebug.obj
 0001:0001c730       sf_debug_get_current_instance_handle 000000018001d730 f   sfc_debug:sfcdebug.obj
 0001:0001c790       sf_debug_get_current_event_type 000000018001d790 f   sfc_debug:sfcdebug.obj
 0001:0001c7a0       sf_debug_get_current_object_id 000000018001d7a0 f   sfc_debug:sfcdebug.obj
 0001:0001c7e0       sf_debug_get_current_active_event_type 000000018001d7e0 f   sfc_debug:sfcdebug.obj
 0001:0001c7f0       sf_debug_get_current_active_event_id 000000018001d7f0 f   sfc_debug:sfcdebug.obj
 0001:0001c830       sf_debug_get_current_tag_type 000000018001d830 f   sfc_debug:sfcdebug.obj
 0001:0001c840       sf_debug_get_current_simulation_time 000000018001d840 f   sfc_debug:sfcdebug.obj
 0001:0001c850       sf_debug_get_current_coverage_percentage 000000018001d850 f   sfc_debug:sfcdebug.obj
 0001:0001c860       sf_debug_current_statement_context 000000018001d860 f   sfc_debug:sfcdebug.obj
 0001:0001c8e0       sf_debug_get_current_statement_info 000000018001d8e0 f   sfc_debug:sfcdebug.obj
 0001:0001ca80       sf_debug_terminate_instance 000000018001da80 f   sfc_debug:sfcdebug.obj
 0001:0001cda0       sf_debug_assertion_failed  000000018001dda0 f   sfc_debug:sfcdebug.obj
 0001:0001cf70       sf_debug_create_debug_instance_struct 000000018001df70 f   sfc_debug:sfcdebug.obj
 0001:0001cfc0       sf_debug_set_number_of_data_with_change_event_for_machine 000000018001dfc0 f   sfc_debug:sfcdebug.obj
 0001:0001d010       sf_debug_set_machine_event_thresholds 000000018001e010 f   sfc_debug:sfcdebug.obj
 0001:0001d030       sf_debug_set_machine_event_scope 000000018001e030 f   sfc_debug:sfcdebug.obj
 0001:0001d080       sf_debug_set_machine_data_thresholds 000000018001e080 f   sfc_debug:sfcdebug.obj
 0001:0001d0d0       sf_debug_set_machine_data_scope 000000018001e0d0 f   sfc_debug:sfcdebug.obj
 0001:0001d170       sf_debug_set_machine_data_name 000000018001e170 f   sfc_debug:sfcdebug.obj
 0001:0001d220       sf_debug_set_machine_data_size 000000018001e220 f   sfc_debug:sfcdebug.obj
 0001:0001d370       sf_debug_set_machine_data_type 000000018001e370 f   sfc_debug:sfcdebug.obj
 0001:0001d4e0       sf_debug_get_chart_data_number 000000018001e4e0 f   sfc_debug:sfcdebug.obj
 0001:0001d500       sf_debug_get_chart_event_number 000000018001e500 f   sfc_debug:sfcdebug.obj
 0001:0001d520       sf_debug_set_chart_state_info 000000018001e520 f   sfc_debug:sfcdebug.obj
 0001:0001d5b0       sf_debug_set_chart_decomposition 000000018001e5b0 f   sfc_debug:sfcdebug.obj
 0001:0001d620       sf_debug_set_chart_substate_count 000000018001e620 f   sfc_debug:sfcdebug.obj
 0001:0001d700       sf_debug_set_chart_substate_index 000000018001e700 f   sfc_debug:sfcdebug.obj
 0001:0001d780       sf_debug_set_chart_state_substate_count 000000018001e780 f   sfc_debug:sfcdebug.obj
 0001:0001d8a0       sf_debug_set_chart_state_substate_index 000000018001e8a0 f   sfc_debug:sfcdebug.obj
 0001:0001d930       sf_debug_set_number_of_data_with_change_event_for_chart 000000018001e930 f   sfc_debug:sfcdebug.obj
 0001:0001d9c0       sf_debug_set_number_of_states_with_entry_event_for_chart 000000018001e9c0 f   sfc_debug:sfcdebug.obj
 0001:0001da40       sf_debug_set_number_of_states_with_exit_event_for_chart 000000018001ea40 f   sfc_debug:sfcdebug.obj
 0001:0001dac0       sf_debug_set_chart_disable_implicit_casting 000000018001eac0 f   sfc_debug:sfcdebug.obj
 0001:0001db30       sf_debug_set_chart_event_thresholds 000000018001eb30 f   sfc_debug:sfcdebug.obj
 0001:0001dbb0       sf_debug_set_chart_data_compiled_props 000000018001ebb0 f   sfc_debug:sfcdebug.obj
 0001:0001def0       sf_debug_set_chart_data_props 000000018001eef0 f   sfc_debug:sfcdebug.obj
 0001:0001e210       sf_debug_check_fi_license  000000018001f210 f   sfc_debug:sfcdebug.obj
 0001:0001e3d0       sf_debug_symbol_scope_push 000000018001f3d0 f   sfc_debug:sfcdebug.obj
 0001:0001e410       sf_debug_symbol_scope_push_eml 000000018001f410 f   sfc_debug:sfcdebug.obj
 0001:0001e460       sf_debug_symbol_scope_pop  000000018001f460 f   sfc_debug:sfcdebug.obj
 0001:0001e4a0       sf_debug_symbol_scope_add_importable 000000018001f4a0 f   sfc_debug:sfcdebug.obj
 0001:0001e520       sf_debug_symbol_scope_add  000000018001f520 f   sfc_debug:sfcdebug.obj
 0001:0001e5a0       sf_debug_symbol_scope_add_dyn_importable 000000018001f5a0 f   sfc_debug:sfcdebug.obj
 0001:0001e660       sf_debug_symbol_scope_add_dyn 000000018001f660 f   sfc_debug:sfcdebug.obj
 0001:0001e6a0       sf_debug_symbol_scope_add_eml_importable 000000018001f6a0 f   sfc_debug:sfcdebug.obj
 0001:0001e6e0       sf_debug_symbol_scope_add_eml 000000018001f6e0 f   sfc_debug:sfcdebug.obj
 0001:0001e720       sf_debug_symbol_scope_add_eml_dyn_importable 000000018001f720 f   sfc_debug:sfcdebug.obj
 0001:0001e780       sf_debug_symbol_scope_add_eml_dyn 000000018001f780 f   sfc_debug:sfcdebug.obj
 0001:0001e7e0       sf_debug_symbol_switch     000000018001f7e0 f   sfc_debug:sfcdebug.obj
 0001:0001e800       sf_debug_symbol_scope_add_verbose 000000018001f800 f   sfc_debug:sfcdebug.obj
 0001:0001e8d0       sf_debug_set_machine_data_value_ptr 000000018001f8d0 f   sfc_debug:sfcdebug.obj
 0001:0001e910       sf_debug_set_instance_data_value_ptr 000000018001f910 f   sfc_debug:sfcdebug.obj
 0001:0001e9e0       sf_debug_unset_instance_data_value_ptr 000000018001f9e0 f   sfc_debug:sfcdebug.obj
 0001:0001ea90       sf_debug_set_chart_event_scope 000000018001fa90 f   sfc_debug:sfcdebug.obj
 0001:0001eb10       sf_debug_set_chart_transition_coverage_maps 000000018001fb10 f   sfc_debug:sfcdebug.obj
 0001:0001ec10       sf_debug_set_chart_state_coverage_maps 000000018001fc10 f   sfc_debug:sfcdebug.obj
 0001:0001ece0       sf_debug_set_instance_transition_coverage_weights 000000018001fce0 f   sfc_debug:sfcdebug.obj
 0001:0001ed70       sf_debug_set_instance_state_coverage_weights 000000018001fd70 f   sfc_debug:sfcdebug.obj
 0001:0001efc0       sf_debug_unload_machine    000000018001ffc0 f   sfc_debug:sfcdebug.obj
 0001:0001f010       sf_debug_load_machine      0000000180020010 f   sfc_debug:sfcdebug.obj
 0001:0001f120       sf_debug_set_active_instance_in_data_dictionary 0000000180020120 f   sfc_debug:sfcdebug.obj
 0001:0001f300       sf_debug_set_active_instance 0000000180020300 f   sfc_debug:sfcdebug.obj
 0001:0001f460       sf_debug_chart_visiblity_change 0000000180020460 f   sfc_debug:sfcdebug.obj
 0001:0001f550       sf_debug_select_chart      0000000180020550 f   sfc_debug:sfcdebug.obj
 0001:0001f6b0       sf_debug_set_instance_cv_ids 00000001800206b0 f   sfc_debug:sfcdebug.obj
 0001:0001f9e0       sf_debug_select_charts     00000001800209e0 f   sfc_debug:sfcdebug.obj
 0001:0001fb90       sf_debug_initialized       0000000180020b90 f   sfc_debug:sfcdebug.obj
 0001:0001fbb0       sf_debug_is_uninterruptible 0000000180020bb0 f   sfc_debug:sfcdebug.obj
 0001:0001fbe0       sf_debug_initialize_debugger_gui 0000000180020be0 f   sfc_debug:sfcdebug.obj
 0001:0001ffc0       sf_debug_resume            0000000180020fc0 f   sfc_debug:sfcdebug.obj
 0001:0001ffe0       sf_debug_go                0000000180020fe0 f   sfc_debug:sfcdebug.obj
 0001:0001fff0       sf_debug_break             0000000180020ff0 f   sfc_debug:sfcdebug.obj
 0001:00020000       sf_debug_step_over         0000000180021000 f   sfc_debug:sfcdebug.obj
 0001:00020010       sf_debug_step_out          0000000180021010 f   sfc_debug:sfcdebug.obj
 0001:00020020       sf_debug_set_disable_all_breakpoints 0000000180021020 f   sfc_debug:sfcdebug.obj
 0001:00020030       sf_debug_disable_all_breakpoints_and_go 0000000180021030 f   sfc_debug:sfcdebug.obj
 0001:00020040       sf_debug_break_on_chart_entry 0000000180021040 f   sfc_debug:sfcdebug.obj
 0001:00020050       sf_debug_break_on_event_broadcast 0000000180021050 f   sfc_debug:sfcdebug.obj
 0001:00020060       sf_debug_break_on_state_entry 0000000180021060 f   sfc_debug:sfcdebug.obj
 0001:00020070       sf_debug_break_between_times 0000000180021070 f   sfc_debug:sfcdebug.obj
 0001:00020090       sf_debug_browse_data       0000000180021090 f   sfc_debug:sfcdebug.obj
 0001:000200a0       sf_debug_watch_data        00000001800210a0 f   sfc_debug:sfcdebug.obj
 0001:000200d0       sf_debug_assign_data       00000001800210d0 f   sfc_debug:sfcdebug.obj
 0001:000200e0       sf_debug_whos              00000001800210e0 f   sfc_debug:sfcdebug.obj
 0001:00020100       sf_debug_get_consistency_info 0000000180021100 f   sfc_debug:sfcdebug.obj
 0001:00020110       sf_debug_browse_trace      0000000180021110 f   sfc_debug:sfcdebug.obj
 0001:00020120       sf_debug_set_breakpoints   0000000180021120 f   sfc_debug:sfcdebug.obj
 0001:00020290       sf_debug_set_eml_breakpoints 0000000180021290 f   sfc_debug:sfcdebug.obj
 0001:000203f0       sf_debug_set_script_breakpoints 00000001800213f0 f   sfc_debug:sfcdebug.obj
 0001:00020470       sf_debug_add_script_breakpoints 0000000180021470 f   sfc_debug:sfcdebug.obj
 0001:000204e0       sf_debug_clear_script_breakpoints 00000001800214e0 f   sfc_debug:sfcdebug.obj
 0001:00020550       sf_debug_query_script_breakpoints 0000000180021550 f   sfc_debug:sfcdebug.obj
 0001:00020600       sf_debug_get_eml_script_id 0000000180021600 f   sfc_debug:sfcdebug.obj
 0001:00020650       sf_debug_set_watch         0000000180021650 f   sfc_debug:sfcdebug.obj
 0001:00020870       sf_debug_get_instance_handle 0000000180021870 f   sfc_debug:sfcdebug.obj
 0001:00020900       sf_debug_get_active_states 0000000180021900 f   sfc_debug:sfcdebug.obj
 0001:00020910       sf_debug_set_honor_breakpoints 0000000180021910 f   sfc_debug:sfcdebug.obj
 0001:00020920       sf_debug_get_animation     0000000180021920 f   sfc_debug:sfcdebug.obj
 0001:00020930       sf_debug_set_animation     0000000180021930 f   sfc_debug:sfcdebug.obj
 0001:00020940       sf_debug_animate           0000000180021940 f   sfc_debug:sfcdebug.obj
 0001:00020960       sf_debug_cycle_detection_check 0000000180021960 f   sfc_debug:sfcdebug.obj
 0001:00020970       sf_debug_data_range_check  0000000180021970 f   sfc_debug:sfcdebug.obj
 0001:00020980       sf_debug_transition_conflict_check 0000000180021980 f   sfc_debug:sfcdebug.obj
 0001:00020990       sf_debug_state_consistency_check 0000000180021990 f   sfc_debug:sfcdebug.obj
 0001:000209a0       sf_debug_data_range_check_enabled 00000001800219a0 f   sfc_debug:sfcdebug.obj
 0001:000209c0       sf_debug_transition_conflict_check_enabled 00000001800219c0 f   sfc_debug:sfcdebug.obj
 0001:000209e0       sf_debug_transition_conflict_check_begin 00000001800219e0 f   sfc_debug:sfcdebug.obj
 0001:00020a00       sf_debug_transition_conflict_check_end 0000000180021a00 f   sfc_debug:sfcdebug.obj
 0001:00020a20       sf_debug_stop_debugging    0000000180021a20 f   sfc_debug:sfcdebug.obj
 0001:00020a50       sf_debug_is_cycle_detected 0000000180021a50 f   sfc_debug:sfcdebug.obj
 0001:00020a60       sf_debug_is_array_bounds_detected 0000000180021a60 f   sfc_debug:sfcdebug.obj
 0001:00020a70       sf_debug_get_state_vectors_data_size 0000000180021a70 f   sfc_debug:sfcdebug.obj
 0001:00020ab0       sf_debug_get_state_vectors_data 0000000180021ab0 f   sfc_debug:sfcdebug.obj
 0001:00020bc0       sf_debug_set_state_vectors_data 0000000180021bc0 f   sfc_debug:sfcdebug.obj
 0001:00020e50       sf_debug_get_script_index  0000000180021e50 f   sfc_debug:sfcdebug.obj
 0001:00020fe0       sf_debug_add_script        0000000180021fe0 f   sfc_debug:sfcdebug.obj
 0001:00021170       cv_eval_point              0000000180022170 f   sfc_debug:sfcdebug.obj
 0001:000212e0       cv_eval_testobjective      00000001800222e0 f   sfc_debug:sfcdebug.obj
 0001:000213f0       sf_debug_cv_init_state     00000001800223f0 f   sfc_debug:sfcdebug.obj
 0001:00021520       sf_debug_cv_init_chart     0000000180022520 f   sfc_debug:sfcdebug.obj
 0001:00021610       sf_debug_cv_init_trans     0000000180022610 f   sfc_debug:sfcdebug.obj
 0001:00021720       sf_debug_cv_init_saturation 0000000180022720 f   sfc_debug:sfcdebug.obj
 0001:00021820       sf_debug_cv_init_testobjectives 0000000180022820 f   sfc_debug:sfcdebug.obj
 0001:00021a00       cv_eml_init_script         0000000180022a00 f   sfc_debug:sfcdebug.obj
 0001:00021b20       cv_eml_init_fcn            0000000180022b20 f   sfc_debug:sfcdebug.obj
 0001:00021c30       cv_eml_init_testobjective  0000000180022c30 f   sfc_debug:sfcdebug.obj
 0001:00021d10       cv_eml_init_saturation     0000000180022d10 f   sfc_debug:sfcdebug.obj
 0001:00021de0       cv_eml_init_if             0000000180022de0 f   sfc_debug:sfcdebug.obj
 0001:00021ec0       cv_eml_init_for            0000000180022ec0 f   sfc_debug:sfcdebug.obj
 0001:00021f90       cv_eml_init_while          0000000180022f90 f   sfc_debug:sfcdebug.obj
 0001:00022060       cv_eml_init_mcdc           0000000180023060 f   sfc_debug:sfcdebug.obj
 0001:00022180       cv_eml_init_switch         0000000180023180 f   sfc_debug:sfcdebug.obj
 0001:00022280       cv_eml_eval                0000000180023280 f   sfc_debug:sfcdebug.obj
 0001:00022370       sf_debug_bm_is_a_eml_breakpoint 0000000180023370 f   sfc_debug:sfcdebug.obj
 0001:000224c0       sf_debug_temporal_threshold 00000001800234c0 f   sfc_debug:sfcdebug.obj
 0001:00022830       sf_debug_transition_conflict_error 0000000180023830 f   sfc_debug:sfcdebug.obj
 0001:00022b90       sf_debug_state_inconsistency_error 0000000180023b90 f   sfc_debug:sfcdebug.obj
 0001:00022cb0       sf_debug_check_for_state_inconsistency 0000000180023cb0 f   sfc_debug:sfcdebug.obj
 0001:00022cf0       sf_debug_cycle_detecton_error 0000000180023cf0 f   sfc_debug:sfcdebug.obj
 0001:00023440       sf_debug_size_eq_check_1d  0000000180024440 f   sfc_debug:sfcdebug.obj
 0001:00023460       sf_debug_size_eq_check_nd  0000000180024460 f   sfc_debug:sfcdebug.obj
 0001:00023660       sf_debug_dim_size_eq_check 0000000180024660 f   sfc_debug:sfcdebug.obj
 0001:00023690       sf_debug_dim_size_geq_check 0000000180024690 f   sfc_debug:sfcdebug.obj
 0001:000236c0       sf_debug_sub_assign_size_check_nd 00000001800246c0 f   sfc_debug:sfcdebug.obj
 0001:000238a0       sf_debug_matrix_matrix_index_check 00000001800248a0 f   sfc_debug:sfcdebug.obj
 0001:000238f0       sf_debug_vector_vector_index_check 00000001800248f0 f   sfc_debug:sfcdebug.obj
 0001:00023940       sf_debug_for_loop_vector_check 0000000180024940 f   sfc_debug:sfcdebug.obj
 0001:000239e0       sf_debug_runtime_error_msgid 00000001800249e0 f   sfc_debug:sfcdebug.obj
 0001:00023a80       sf_debug_data_array_bounds_error_check 0000000180024a80 f   sfc_debug:sfcdebug.obj
 0001:00023b90       sf_debug_eml_data_array_bounds_error_check 0000000180024b90 f   sfc_debug:sfcdebug.obj
 0001:00024050       sf_debug_integer_check     0000000180025050 f   sfc_debug:sfcdebug.obj
 0001:00024140       sf_debug_not_nan_check     0000000180025140 f   sfc_debug:sfcdebug.obj
 0001:00024210       sf_debug_non_negative_check 0000000180025210 f   sfc_debug:sfcdebug.obj
 0001:000242e0       sf_debug_overflow_detection 00000001800252e0 f   sfc_debug:sfcdebug.obj
 0001:00024940       sf_debug_cast_to_real32_T  0000000180025940 f   sfc_debug:sfcdebug.obj
 0001:00024a10       sf_debug_cast_to_int8_T    0000000180025a10 f   sfc_debug:sfcdebug.obj
 0001:00024ae0       sf_debug_cast_to_uint8_T   0000000180025ae0 f   sfc_debug:sfcdebug.obj
 0001:00024bb0       sf_debug_cast_to_int16_T   0000000180025bb0 f   sfc_debug:sfcdebug.obj
 0001:00024c80       sf_debug_cast_to_uint16_T  0000000180025c80 f   sfc_debug:sfcdebug.obj
 0001:00024d50       sf_debug_cast_to_int32_T   0000000180025d50 f   sfc_debug:sfcdebug.obj
 0001:00024e20       sf_debug_cast_to_uint32_T  0000000180025e20 f   sfc_debug:sfcdebug.obj
 0001:00024ef0       sf_debug_data_range_error  0000000180025ef0 f   sfc_debug:sfcdebug.obj
 0001:00025200       sf_debug_read_before_write_check 0000000180026200 f   sfc_debug:sfcdebug.obj
 0001:00025630       sf_debug_data_range_error_wrapper_min_max 0000000180026630 f   sfc_debug:sfcdebug.obj
 0001:00025750       sf_debug_data_range_error_wrapper_min 0000000180026750 f   sfc_debug:sfcdebug.obj
 0001:00025860       sf_debug_data_range_error_wrapper_max 0000000180026860 f   sfc_debug:sfcdebug.obj
 0001:00025970       sf_debug_data_range_wrapper 0000000180026970 f   sfc_debug:sfcdebug.obj
 0001:00025a30       sf_debug_set_current_status_info 0000000180026a30 f   sfc_debug:sfcdebug.obj
 0001:00025dd0       sf_debug_register_message_post_receive_info 0000000180026dd0 f   sfc_debug:sfcdebug.obj
 0001:00026020       sf_debug_call              0000000180027020 f   sfc_debug:sfcdebug.obj
 0001:00026980       sf_debug_initialize_machine 0000000180027980 f   sfc_debug:sfcdebug.obj
 0001:00026c30       sf_debug_initialize_chart  0000000180027c30 f   sfc_debug:sfcdebug.obj
 0001:00027080       sf_debug_ensure_script     0000000180028080 f   sfc_debug:sfcdebug.obj
 0001:00027130       cv_eval_saturation         0000000180028130 f   sfc_debug:sfcdebug.obj
 0001:000272b0       cv_saturation_accum        00000001800282b0 f   sfc_debug:sfcdebug.obj
 0001:000273f0       cv_script_init_script      00000001800283f0 f   sfc_debug:sfcdebug.obj
 0001:000274e0       cv_script_init_fcn         00000001800284e0 f   sfc_debug:sfcdebug.obj
 0001:000275a0       cv_script_init_testobjective 00000001800285a0 f   sfc_debug:sfcdebug.obj
 0001:00027660       cv_script_init_saturation  0000000180028660 f   sfc_debug:sfcdebug.obj
 0001:00027710       cv_script_init_if          0000000180028710 f   sfc_debug:sfcdebug.obj
 0001:000277d0       cv_script_init_for         00000001800287d0 f   sfc_debug:sfcdebug.obj
 0001:00027880       cv_script_init_while       0000000180028880 f   sfc_debug:sfcdebug.obj
 0001:00027930       cv_script_init_mcdc        0000000180028930 f   sfc_debug:sfcdebug.obj
 0001:00027a30       cv_script_init_switch      0000000180028a30 f   sfc_debug:sfcdebug.obj
 0001:00027b10       cv_script_eval             0000000180028b10 f   sfc_debug:sfcdebug.obj
 0001:00027be0       eml_debug_line_call        0000000180028be0 f   sfc_debug:sfcdebug.obj
 0001:00027db0       sf_debug_terminate         0000000180028db0 f   sfc_debug:sfcdebug.obj
 0001:00027fc0       sf_debug_set_script_cv_ids 0000000180028fc0 f   sfc_debug:sfcdebug.obj
 0001:000280f0       sf_debug_api               00000001800290f0 f   sfc_debug:sfc_api.obj
 0001:000299e0       sf_debug_sm_terminate      000000018002a9e0 f   sfc_debug:sfdb_animation.obj
 0001:00029b90       sf_debug_reset_path_objects 000000018002ab90 f   sfc_debug:sfdb_animation.obj
 0001:00029c10       sf_debug_sm_reset_object_selection_status 000000018002ac10 f   sfc_debug:sfdb_animation.obj
 0001:00029cb0       sf_debug_sm_reset_state_buffer 000000018002acb0 f   sfc_debug:sfdb_animation.obj
 0001:00029d80       sf_debug_sm_store_state_buffer 000000018002ad80 f   sfc_debug:sfdb_animation.obj
 0001:00029e00       sf_debug_sm_restore_state_buffer1 000000018002ae00 f   sfc_debug:sfdb_animation.obj
 0001:00029e70       sf_debug_sm_restore_state_buffer2 000000018002ae70 f   sfc_debug:sfdb_animation.obj
 0001:00029ee0       sf_debug_sm_chart_active   000000018002aee0 f   sfc_debug:sfdb_animation.obj
 0001:00029f30       sf_debug_sm_select_active_objects 000000018002af30 f   sfc_debug:sfdb_animation.obj
 0001:0002a400       sf_debug_sm_is_chart_active 000000018002b400 f   sfc_debug:sfdb_animation.obj
 0001:0002a440       sf_debug_sm_is_state_active 000000018002b440 f   sfc_debug:sfdb_animation.obj
 0001:0002a680       sf_debug_sm_get_active_states 000000018002b680 f   sfc_debug:sfdb_animation.obj
 0001:0002ac30       sf_debug_sm_initialize_instance 000000018002bc30 f   sfc_debug:sfdb_animation.obj
 0001:0002ae40       sf_debug_sm_change_object_selection_status 000000018002be40 f   sfc_debug:sfdb_animation.obj
 0001:0002b110       cv_create_interface        000000018002c110 f   sfc_debug:cv_sfinterface.obj
 0001:0002b420       cv_init_trans              000000018002c420 f   sfc_debug:cv_sfinterface.obj
 0001:0002b470       cv_init_saturation         000000018002c470 f   sfc_debug:cv_sfinterface.obj
 0001:0002b4b0       cv_init_testobjective      000000018002c4b0 f   sfc_debug:cv_sfinterface.obj
 0001:0002b4f0       cv_init_state              000000018002c4f0 f   sfc_debug:cv_sfinterface.obj
 0001:0002b560       cv_init_chart              000000018002c560 f   sfc_debug:cv_sfinterface.obj
 0001:0002b5b0       cv_dec_update_call         000000018002c5b0 f   sfc_debug:cv_sfinterface.obj
 0001:0002b5f0       cv_cond_update_call        000000018002c5f0 f   sfc_debug:cv_sfinterface.obj
 0001:0002b630       cv_saturation_update_call  000000018002c630 f   sfc_debug:cv_sfinterface.obj
 0001:0002b670       cv_saturation_update_accum 000000018002c670 f   sfc_debug:cv_sfinterface.obj
 0001:0002b6b0       cv_testobjective_update_call 000000018002c6b0 f   sfc_debug:cv_sfinterface.obj
 0001:0002b6f0       cv_sigrange_update         000000018002c6f0 f   sfc_debug:cv_sfinterface.obj
 0001:0002b730       cvsf_eml_eval              000000018002c730 f   sfc_debug:cv_sfinterface.obj
 0001:0002b810       cvsf_eml_init_script       000000018002c810 f   sfc_debug:cv_sfinterface.obj
 0001:0002b8a0       cvsf_eml_init_fcn          000000018002c8a0 f   sfc_debug:cv_sfinterface.obj
 0001:0002b900       cvsf_eml_init_testobjective 000000018002c900 f   sfc_debug:cv_sfinterface.obj
 0001:0002b960       cvsf_eml_init_saturation   000000018002c960 f   sfc_debug:cv_sfinterface.obj
 0001:0002b9b0       cvsf_eml_init_if           000000018002c9b0 f   sfc_debug:cv_sfinterface.obj
 0001:0002ba10       cvsf_eml_init_for          000000018002ca10 f   sfc_debug:cv_sfinterface.obj
 0001:0002ba60       cvsf_eml_init_while        000000018002ca60 f   sfc_debug:cv_sfinterface.obj
 0001:0002bab0       cvsf_eml_init_mcdc         000000018002cab0 f   sfc_debug:cv_sfinterface.obj
 0001:0002bb40       cvsf_eml_init_switch       000000018002cb40 f   sfc_debug:cv_sfinterface.obj
 0001:0002bbb0       cvsf_script_eval           000000018002cbb0 f   sfc_debug:cv_sfinterface.obj
 0001:0002bc90       cvsf_script_init_script    000000018002cc90 f   sfc_debug:cv_sfinterface.obj
 0001:0002bd20       cvsf_script_init_fcn       000000018002cd20 f   sfc_debug:cv_sfinterface.obj
 0001:0002bd80       cvsf_script_init_testobjective 000000018002cd80 f   sfc_debug:cv_sfinterface.obj
 0001:0002bde0       cvsf_script_init_saturation 000000018002cde0 f   sfc_debug:cv_sfinterface.obj
 0001:0002be30       cvsf_script_init_if        000000018002ce30 f   sfc_debug:cv_sfinterface.obj
 0001:0002be90       cvsf_script_init_for       000000018002ce90 f   sfc_debug:cv_sfinterface.obj
 0001:0002bee0       cvsf_script_init_while     000000018002cee0 f   sfc_debug:cv_sfinterface.obj
 0001:0002bf30       cvsf_script_init_mcdc      000000018002cf30 f   sfc_debug:cv_sfinterface.obj
 0001:0002bfc0       cvsf_script_init_switch    000000018002cfc0 f   sfc_debug:cv_sfinterface.obj
 0001:0002c030       cv_destroy_interface       000000018002d030 f   sfc_debug:cv_sfinterface.obj
 0001:0002c050       cv_create_instance_objects 000000018002d050 f   sfc_debug:cv_sfinterface.obj
 0001:0002c4c0       cv_is_enabled              000000018002d4c0 f   sfc_debug:cv_sfinterface.obj
 0001:0002c4d0       sf_debug_cv_initialize_script 000000018002d4d0 f   sfc_debug:cv_sfinterface.obj
 0001:0002c660       sf_debug_cv_initialize_instance 000000018002d660 f   sfc_debug:cv_sfinterface.obj
 0001:0002c9f0       sf_debug_cv_terminate_chart 000000018002d9f0 f   sfc_debug:cv_sfinterface.obj
 0001:0002cb10       cv_call_trans_test         000000018002db10 f   sfc_debug:cv_sfinterface.obj
 0001:0002cb20       cv_call_sub_cond_test      000000018002db20 f   sfc_debug:cv_sfinterface.obj
 0001:0002cb60       sf_debug_st_initialize_machine 000000018002db60 f   sfc_debug:sfdb_data_browse.obj
 0001:0002cc10       sf_debug_st_initialize_instance 000000018002dc10 f   sfc_debug:sfdb_data_browse.obj
 0001:0002ce20       sf_debug_st_terminate      000000018002de20 f   sfc_debug:sfdb_data_browse.obj
 0001:0002d1c0       sf_debug_st_set_data_value_ptr_in_machine 000000018002e1c0 f   sfc_debug:sfdb_data_browse.obj
 0001:0002d250       sf_debug_st_set_data_value_ptr_in_instance 000000018002e250 f   sfc_debug:sfdb_data_browse.obj
 0001:0002d330       sf_debug_st_unset_data_value_ptr_in_machine 000000018002e330 f   sfc_debug:sfdb_data_browse.obj
 0001:0002d3a0       sf_debug_st_unset_data_value_ptr_in_instance 000000018002e3a0 f   sfc_debug:sfdb_data_browse.obj
 0001:0002d660       sf_debug_mx_value          000000018002e660 f   sfc_debug:sfdb_data_browse.obj
 0001:0002d6c0       sf_debug_mx_packed_vector  000000018002e6c0 f   sfc_debug:sfdb_data_browse.obj
 0001:0002d7a0       sf_debug_mx_uint_vector    000000018002e7a0 f   sfc_debug:sfdb_data_browse.obj
 0001:0002d850       sf_debug_st_get_double_value_from_void_ptr_vector 000000018002e850 f   sfc_debug:sfdb_data_browse.obj
 0001:0002e330       sf_debug_st_browse_data    000000018002f330 f   sfc_debug:sfdb_data_browse.obj
 0001:0002eb70       sf_debug_hm_initialize_instance 000000018002fb70 f   sfc_debug:sfdb_handle_management.obj
 0001:0002f050       sf_debug_hm_get_object_id  0000000180030050 f   sfc_debug:sfdb_handle_management.obj
 0001:0002fc00       sf_debug_hm_update_chart_visibility 0000000180030c00 f   sfc_debug:sfdb_handle_management.obj
 0001:00030df0       sf_debug_object_is_eml_function 0000000180031df0 f   sfc_debug:sfdb_handle_management.obj
 0001:00030e60       sf_debug_hm_initialize_ids_in_machine 0000000180031e60 f   sfc_debug:sfdb_handle_management.obj
 0001:00030fd0       sf_debug_hm_initialize_ids_in_chart 0000000180031fd0 f   sfc_debug:sfdb_handle_management.obj
 0001:000310d0       sf_debug_hm_initialize_chart 00000001800320d0 f   sfc_debug:sfdb_handle_management.obj
 0001:000317d0       sf_debug_hm_terminate      00000001800327d0 f   sfc_debug:sfdb_handle_management.obj
 0001:00031830       sf_debug_hm_initialize_machine 0000000180032830 f   sfc_debug:sfdb_handle_management.obj
 0001:00031f50       sf_debug_ss_initialize     0000000180032f50 f   sfc_debug:sfdb_symbol_scope.obj
 0001:00031f70       sf_debug_ss_terminate      0000000180032f70 f   sfc_debug:sfdb_symbol_scope.obj
 0001:00032000       sf_debug_ss_push_symbol_scope 0000000180033000 f   sfc_debug:sfdb_symbol_scope.obj
 0001:00032100       sf_debug_ss_push_symbol_scope_eml 0000000180033100 f   sfc_debug:sfdb_symbol_scope.obj
 0001:00032160       sf_debug_ss_pop_symbol_scope 0000000180033160 f   sfc_debug:sfdb_symbol_scope.obj
 0001:00032210       sf_debug_ss_add_symbol     0000000180033210 f   sfc_debug:sfdb_symbol_scope.obj
 0001:00032380       sf_debug_ss_add_symbol_eml 0000000180033380 f   sfc_debug:sfdb_symbol_scope.obj
 0001:00033280       sf_debug_ss_set_data_value 0000000180034280 f   sfc_debug:sfdb_symbol_scope.obj
 0001:000336d0       getInstanceNumber          00000001800346d0 f   sfc_debug:sfdb_symbol_scope.obj
 0001:000337a0       sf_debug_ss_watch_data     00000001800347a0 f   sfc_debug:sfdb_symbol_scope.obj
 0001:00033990       sf_debug_ss_assign_data    0000000180034990 f   sfc_debug:sfdb_symbol_scope.obj
 0001:000343a0       get_data_entry_name        00000001800353a0 f   sfc_debug:sfdb_symbol_scope.obj
 0001:000343f0       sf_debug_ss_whos           00000001800353f0 f   sfc_debug:sfdb_symbol_scope.obj
 0001:00034a40       sf_debug_cc_initialize_chart 0000000180035a40 f   sfc_debug:sfdb_coverage.obj
 0001:00035430       sf_debug_cc_initialize_instance 0000000180036430 f   sfc_debug:sfdb_coverage.obj
 0001:00036170       sf_debug_cc_terminate      0000000180037170 f   sfc_debug:sfdb_coverage.obj
 0001:00036260       sf_debug_cc_set_transition_maps 0000000180037260 f   sfc_debug:sfdb_coverage.obj
 0001:00036390       sf_debug_cc_set_state_maps 0000000180037390 f   sfc_debug:sfdb_coverage.obj
 0001:00036470       sf_debug_cc_set_transition_weights 0000000180037470 f   sfc_debug:sfdb_coverage.obj
 0001:00036730       sf_debug_cc_set_state_weights 0000000180037730 f   sfc_debug:sfdb_coverage.obj
 0001:00036a00       sf_debug_cc_mark_transition_guard 0000000180037a00 f   sfc_debug:sfdb_coverage.obj
 0001:00036a90       sf_debug_cc_mark_transition_trigger 0000000180037a90 f   sfc_debug:sfdb_coverage.obj
 0001:00036b20       sf_debug_cc_mark_transition_decision 0000000180037b20 f   sfc_debug:sfdb_coverage.obj
 0001:00036b90       sf_debug_cc_mark_transition_condition_action 0000000180037b90 f   sfc_debug:sfdb_coverage.obj
 0001:00036be0       sf_debug_cc_mark_transition_transition_action 0000000180037be0 f   sfc_debug:sfdb_coverage.obj
 0001:00036c30       sf_debug_cc_mark_state_entry 0000000180037c30 f   sfc_debug:sfdb_coverage.obj
 0001:00036c80       sf_debug_cc_mark_state_during 0000000180037c80 f   sfc_debug:sfdb_coverage.obj
 0001:00036cd0       sf_debug_cc_mark_state_exit 0000000180037cd0 f   sfc_debug:sfdb_coverage.obj
 0001:00036d20       sf_debug_bm_clear_script_breakpoints 0000000180037d20 f   sfc_debug:sfdb_breakpoints.obj
 0001:00036d50       sf_debug_bm_set_script_breakpoint 0000000180037d50 f   sfc_debug:sfdb_breakpoints.obj
 0001:00036dd0       sf_debug_bm_clear_single_script_breakpoint 0000000180037dd0 f   sfc_debug:sfdb_breakpoints.obj
 0001:00036e50       sf_debug_bm_query_script_breakpoint 0000000180037e50 f   sfc_debug:sfdb_breakpoints.obj
 0001:00036ea0       sf_debug_bm_initialize_scripts 0000000180037ea0 f   sfc_debug:sfdb_breakpoints.obj
 0001:00037530       sf_debug_bm_terminate      0000000180038530 f   sfc_debug:sfdb_breakpoints.obj
 0001:00037810       sf_debug_bm_remove_all_breakpoints_in_machine 0000000180038810 f   sfc_debug:sfdb_breakpoints.obj
 0001:00037870       sf_debug_bm_remove_all_breakpoints_in_chart 0000000180038870 f   sfc_debug:sfdb_breakpoints.obj
 0001:000379c0       sf_debug_bm_initialize_global_breakpoints 00000001800389c0 f   sfc_debug:sfdb_breakpoints.obj
 0001:00037b40       sf_debug_bm_set_breakpoint 0000000180038b40 f   sfc_debug:sfdb_breakpoints.obj
 0001:00038100       sf_debug_bm_set_eml_breakpoint 0000000180039100 f   sfc_debug:sfdb_breakpoints.obj
 0001:00038190       sf_debug_bm_initialize_machine_breakpoint_map 0000000180039190 f   sfc_debug:sfdb_breakpoints.obj
 0001:000385b0       sf_debug_bm_is_a_breakpoint 00000001800395b0 f   sfc_debug:sfdb_breakpoints.obj
 0001:00038ad0       sf_debug_bm_get_all_breakpoints_in_machine 0000000180039ad0 f   sfc_debug:sfdb_breakpoints.obj
 0001:00038dd0       sf_debug_bm_get_all_breakpoints_in_chart 0000000180039dd0 f   sfc_debug:sfdb_breakpoints.obj
 0001:00039960       sf_debug_bm_initialize_machine 000000018003a960 f   sfc_debug:sfdb_breakpoints.obj
 0001:00039a30       sf_debug_bm_initialize_chart 000000018003aa30 f   sfc_debug:sfdb_breakpoints.obj
 0001:00039e20       sf_debug_sc_terminate      000000018003ae20 f   sfc_debug:sfdb_state_consistency.obj
 0001:0003a140       sf_debug_sc_is_chart_consistent 000000018003b140 f   sfc_debug:sfdb_state_consistency.obj
 0001:0003a3f0       sf_debug_sc_get_consistency_error_info 000000018003b3f0 f   sfc_debug:sfdb_state_consistency.obj
 0001:0003a800       sf_debug_tm_terminate      000000018003b800 f   sfc_debug:sfdb_call_stack.obj
 0001:0003a8b0       sf_debug_tm_push_chart_instance 000000018003b8b0 f   sfc_debug:sfdb_call_stack.obj
 0001:0003a9f0       sf_debug_tm_pop_chart_instance 000000018003b9f0 f   sfc_debug:sfdb_call_stack.obj
 0001:0003aa50       sf_debug_tm_push_trace_node 000000018003ba50 f   sfc_debug:sfdb_call_stack.obj
 0001:0003abd0       sf_debug_tm_pop_trace_node 000000018003bbd0 f   sfc_debug:sfdb_call_stack.obj
 0001:0003ac50       sf_debug_tm_get_current_global_trace_index 000000018003bc50 f   sfc_debug:sfdb_call_stack.obj
 0001:0003ac60       sf_debug_tm_get_current_local_trace_index 000000018003bc60 f   sfc_debug:sfdb_call_stack.obj
 0001:0003ac90       sf_debug_tm_set_cycle_detected_flag 000000018003bc90 f   sfc_debug:sfdb_call_stack.obj
 0001:0003acd0       sf_debug_tm_set_cycle_started_flag 000000018003bcd0 f   sfc_debug:sfdb_call_stack.obj
 0001:0003ad10       sf_debug_tm_get_chart_number_from_stack 000000018003bd10 f   sfc_debug:sfdb_call_stack.obj
 0001:0003af10       sf_debug_tm_browse_trace   000000018003bf10 f   sfc_debug:sfdb_call_stack.obj
 0001:0003b220       sf_debug_cd_initialize_instance 000000018003c220 f   sfc_debug:sfdb_cycle_detection.obj
 0001:0003b4d0       sf_debug_cd_mark_processed_transition_in_instance 000000018003c4d0 f   sfc_debug:sfdb_cycle_detection.obj
 0001:0003b570       sf_debug_cd_checksum_push  000000018003c570 f   sfc_debug:sfdb_cycle_detection.obj
 0001:0003b820       sf_debug_cd_checksum_pop   000000018003c820 f   sfc_debug:sfdb_cycle_detection.obj
 0001:0003b890       sf_debug_cd_turn_off_cycle_detection 000000018003c890 f   sfc_debug:sfdb_cycle_detection.obj
 0001:0003b8e0       sf_debug_cd_terminate      000000018003c8e0 f   sfc_debug:sfdb_cycle_detection.obj
 0001:0003bb10       md5_initialize_state       000000018003cb10 f   sfc_debug:ckmd5.obj
 0001:0003c5a0       md5_update_state           000000018003d5a0 f   sfc_debug:ckmd5.obj
 0001:0003c5c0       md5_get_hash               000000018003d5c0 f   sfc_debug:ckmd5.obj
 0001:0003c5f0       md5_get_hash_for_a_single_string 000000018003d5f0 f   sfc_debug:ckmd5.obj
 0001:0003c650       mxGetPr                    000000018003d650 f   libmx:libmx.dll
 0001:0003c656       mxCreateDoubleScalar       000000018003d656 f   libmx:libmx.dll
 0001:0003c65c       mxCreateDoubleMatrix_730   000000018003d65c f   libmx:libmx.dll
 0001:0003c662       mxSetField_730             000000018003d662 f   libmx:libmx.dll
 0001:0003c668       mxCreateString             000000018003d668 f   libmx:libmx.dll
 0001:0003c66e       mxCreateStructMatrix_730   000000018003d66e f   libmx:libmx.dll
 0001:0003c674       mxCreateCellMatrix_730     000000018003d674 f   libmx:libmx.dll
 0001:0003c67a       mxDestroyArray             000000018003d67a f   libmx:libmx.dll
 0001:0003c680       mxDuplicateArray           000000018003d680 f   libmx:libmx.dll
 0001:0003c686       mxGetString_730            000000018003d686 f   libmx:libmx.dll
 0001:0003c68c       mxIsChar                   000000018003d68c f   libmx:libmx.dll
 0001:0003c692       mxGetClassID               000000018003d692 f   libmx:libmx.dll
 0001:0003c698       mxIsNumeric                000000018003d698 f   libmx:libmx.dll
 0001:0003c69e       mxIsComplex                000000018003d69e f   libmx:libmx.dll
 0001:0003c6a4       mxGetN                     000000018003d6a4 f   libmx:libmx.dll
 0001:0003c6aa       mxGetM                     000000018003d6aa f   libmx:libmx.dll
 0001:0003c6b0       mxCalloc                   000000018003d6b0 f   libmx:libmx.dll
 0001:0003c6b6       mxGetScalar                000000018003d6b6 f   libmx:libmx.dll
 0001:0003c6bc       mxIsLogical                000000018003d6bc f   libmx:libmx.dll
 0001:0003c6c2       mxCreateDoubleMatrix_700   000000018003d6c2 f   libmx:libmx.dll
 0001:0003c6c8       mxFree                     000000018003d6c8 f   libmx:libmx.dll
 0001:0003c6ce       mxArrayToString            000000018003d6ce f   libmx:libmx.dll
 0001:0003c6d4       mxCreateCellMatrix_700     000000018003d6d4 f   libmx:libmx.dll
 0001:0003c6da       mxSetCell_700              000000018003d6da f   libmx:libmx.dll
 0001:0003c6e0       mxGetCell_700              000000018003d6e0 f   libmx:libmx.dll
 0001:0003c6e6       mxGetClassName             000000018003d6e6 f   libmx:libmx.dll
 0001:0003c6ec       mxSetField_700             000000018003d6ec f   libmx:libmx.dll
 0001:0003c6f2       mxAddField                 000000018003d6f2 f   libmx:libmx.dll
 0001:0003c6f8       mxGetField_700             000000018003d6f8 f   libmx:libmx.dll
 0001:0003c6fe       mxGetNumberOfElements      000000018003d6fe f   libmx:libmx.dll
 0001:0003c704       mxIsStruct                 000000018003d704 f   libmx:libmx.dll
 0001:0003c70a       mxIsA                      000000018003d70a f   libmx:libmx.dll
 0001:0003c710       mxIsClass                  000000018003d710 f   libmx:libmx.dll
 0001:0003c716       mxGetLogicals              000000018003d716 f   libmx:libmx.dll
 0001:0003c71c       mxIsSparse                 000000018003d71c f   libmx:libmx.dll
 0001:0003c722       mxSetFieldByNumber_700     000000018003d722 f   libmx:libmx.dll
 0001:0003c728       mxGetFieldByNumber_700     000000018003d728 f   libmx:libmx.dll
 0001:0003c72e       mxGetFieldNameByNumber     000000018003d72e f   libmx:libmx.dll
 0001:0003c734       mxGetNumberOfFields        000000018003d734 f   libmx:libmx.dll
 0001:0003c73a       mxCreateStructMatrix_700   000000018003d73a f   libmx:libmx.dll
 0001:0003c740       mxGetFieldNumber           000000018003d740 f   libmx:libmx.dll
 0001:0003c746       mxIsNaN                    000000018003d746 f   libmx:libmx.dll
 0001:0003c74c       mxIsEmpty                  000000018003d74c f   libmx:libmx.dll
 0001:0003c752       mxGetData                  000000018003d752 f   libmx:libmx.dll
 0001:0003c758       mxGetImagData              000000018003d758 f   libmx:libmx.dll
 0001:0003c75e       mxArrayClassIDName         000000018003d75e f   libmx:libmx.dll
 0001:0003c764       mxCreateNumericMatrix_700  000000018003d764 f   libmx:libmx.dll
 0001:0003c76a       mxCreateStructArray_700    000000018003d76a f   libmx:libmx.dll
 0001:0003c770       mxCalcSingleSubscript_700  000000018003d770 f   libmx:libmx.dll
 0001:0003c776       mxGetDimensions_700        000000018003d776 f   libmx:libmx.dll
 0001:0003c77c       mxGetNumberOfDimensions_700 000000018003d77c f   libmx:libmx.dll
 0001:0003c782       mxCreateNumericArray_700   000000018003d782 f   libmx:libmx.dll
 0001:0003c788       mxGetElementSize           000000018003d788 f   libmx:libmx.dll
 0001:0003c78e       mxCreateStringFromNChars_700 000000018003d78e f   libmx:libmx.dll
 0001:0003c794       mxGetString_700            000000018003d794 f   libmx:libmx.dll
 0001:0003c79a       mxIsLogicalScalarTrue      000000018003d79a f   libmx:libmx.dll
 0001:0003c7a0       mxCreateLogicalScalar      000000018003d7a0 f   libmx:libmx.dll
 0001:0003c7a6       mexUnlock                  000000018003d7a6 f   libmex:libmex.dll
 0001:0003c7ac       mexIsLocked                000000018003d7ac f   libmex:libmex.dll
 0001:0003c7b2       mexWarnMsgTxt              000000018003d7b2 f   libmex:libmex.dll
 0001:0003c7b8       mexCallMATLAB              000000018003d7b8 f   libmex:libmex.dll
 0001:0003c7be       mexErrMsgTxt               000000018003d7be f   libmex:libmex.dll
 0001:0003c7c4       mexMakeArrayPersistent     000000018003d7c4 f   libmex:libmex.dll
 0001:0003c7ca       mexSetTrapFlag             000000018003d7ca f   libmex:libmex.dll
 0001:0003c7d0       mexPutVariable             000000018003d7d0 f   libmex:libmex.dll
 0001:0003c7d6       mexGetVariable             000000018003d7d6 f   libmex:libmex.dll
 0001:0003c7dc       mexLock                    000000018003d7dc f   libmex:libmex.dll
 0001:0003c7e2       mexMakeMemoryPersistent    000000018003d7e2 f   libmex:libmex.dll
 0001:0003c7e8       mexFunctionName            000000018003d7e8 f   libmex:libmex.dll
 0001:0003c7ee       ssRegisterDataTypeFxpFSlopeFixExpBias 000000018003d7ee f   libfixedpoint:libfixedpoint.dll
 0001:0003c7f4       ssRegisterDataTypeFxpScaledDouble 000000018003d7f4 f   libfixedpoint:libfixedpoint.dll
 0001:0003c7fa       utMalloc                   000000018003d7fa f   libut:libut.dll
 0001:0003c800       utFree                     000000018003d800 f   libut:libut.dll
 0001:0003c806       utVSNprintf                000000018003d806 f   libut:libut.dll
 0001:0003c80c       utCPUtime                  000000018003d80c f   libut:libut.dll
 0001:0003c812       utCalloc                   000000018003d812 f   libut:libut.dll
 0001:0003c818       utRealloc                  000000018003d818 f   libut:libut.dll
 0001:0003c81e       muDoubleScalarAsin         000000018003d81e f   libmwmathutil:libmwmathutil.dll
 0001:0003c824       muDoubleScalarSqrt         000000018003d824 f   libmwmathutil:libmwmathutil.dll
 0001:0003c82a       muDoubleScalarAbs          000000018003d82a f   libmwmathutil:libmwmathutil.dll
 0001:0003c830       muDoubleScalarRound        000000018003d830 f   libmwmathutil:libmwmathutil.dll
 0001:0003c836       emlrtCreateRootTLS         000000018003d836 f   libemlrt:libemlrt.dll
 0001:0003c83c       emlrtDestroyRootTLS        000000018003d83c f   libemlrt:libemlrt.dll
 0001:0003c842       emlrtCheckBuiltInR2012b    000000018003d842 f   libemlrt:libemlrt.dll
 0001:0003c848       emlrtCheckVsBuiltInR2012b  000000018003d848 f   libemlrt:libemlrt.dll
 0001:0003c84e       emlrtCheckEnumR2012b       000000018003d84e f   libemlrt:libemlrt.dll
 0001:0003c854       emlrtCreateEnumR2012b      000000018003d854 f   libemlrt:libemlrt.dll
 0001:0003c85a       emlrtGetEnumElementR2009a  000000018003d85a f   libemlrt:libemlrt.dll
 0001:0003c860       emlrtCreateReference       000000018003d860 f   libemlrt:libemlrt.dll
 0001:0003c866       emlrtImportVsFiArrayR2009b 000000018003d866 f   libemlrt:libemlrt.dll
 0001:0003c86c       emlrtNameCapturePostProcessR2012a 000000018003d86c f   libemlrt:libemlrt.dll
 0001:0003c872       emlrtExtractMessageId      000000018003d872 f   libemlrt:libemlrt.dll
 0001:0003c878       emlrtTranslateMessageIDtoLCPstring 000000018003d878 f   libemlrt:libemlrt.dll
 0001:0003c87e       emlrtForLoopVectorIsValidR2011b 000000018003d87e f   libemlrt:libemlrt.dll
 0001:0003c884       emlrtTranslateUTF16MessagetoLCPstring 000000018003d884 f   libemlrt:libemlrt.dll
 0001:0003c88a       emlrtGetEnumUnderlyingArrayR2009a 000000018003d88a f   libemlrt:libemlrt.dll
 0001:0003c890       emlrtIsEnumR2009a          000000018003d890 f   libemlrt:libemlrt.dll
 0001:0003c898       __GSHandlerCheckCommon     000000018003d898 f   MSVCRT:gshandler.obj
 0001:0003c8fc       __GSHandlerCheck           000000018003d8fc f   MSVCRT:gshandler.obj
 0001:0003c91a       strlen                     000000018003d91a f   MSVCRT:MSVCR100.dll
 0001:0003c930       __security_check_cookie    000000018003d930 f   MSVCRT:amdsecgs.obj
 0001:0003c960       _alloca_probe              000000018003d960     MSVCRT:chkstk.obj
 0001:0003c960       __chkstk                   000000018003d960 f   MSVCRT:chkstk.obj
 0001:0003c9ae       memset                     000000018003d9ae f   MSVCRT:MSVCR100.dll
 0001:0003c9b4       strcmp                     000000018003d9b4 f   MSVCRT:MSVCR100.dll
 0001:0003c9ba       free                       000000018003d9ba f   MSVCRT:MSVCR100.dll
 0001:0003c9c0       sprintf                    000000018003d9c0 f   MSVCRT:MSVCR100.dll
 0001:0003c9c6       malloc                     000000018003d9c6 f   MSVCRT:MSVCR100.dll
 0001:0003c9cc       strcat                     000000018003d9cc f   MSVCRT:MSVCR100.dll
 0001:0003c9d2       memcpy                     000000018003d9d2 f   MSVCRT:MSVCR100.dll
 0001:0003c9d8       NtCurrentTeb               000000018003d9d8 f i MSVCRT:crtdll.obj
 0001:0003ca44       _CRT_INIT                  000000018003da44 f   MSVCRT:crtdll.obj
 0001:0003cddc       _DllMainCRTStartup         000000018003dddc f   MSVCRT:crtdll.obj
 0001:0003ce1a       strncpy                    000000018003de1a f   MSVCRT:MSVCR100.dll
 0001:0003ce20       longjmp                    000000018003de20 f   MSVCRT:MSVCR100.dll
 0001:0003ce26       strncmp                    000000018003de26 f   MSVCRT:MSVCR100.dll
 0001:0003ce2c       ceil                       000000018003de2c f   MSVCRT:MSVCR100.dll
 0001:0003ce32       strrchr                    000000018003de32 f   MSVCRT:MSVCR100.dll
 0001:0003ce38       _setjmp                    000000018003de38 f   MSVCRT:MSVCR100.dll
 0001:0003ce3e       ldexp                      000000018003de3e f   MSVCRT:MSVCR100.dll
 0001:0003ce44       __report_gsfailure         000000018003de44 f   MSVCRT:gs_report.obj
 0001:0003cf90       __clean_type_info_names    000000018003df90 f   MSVCRT:tncleanup.obj
 0001:0003cf9c       _onexit                    000000018003df9c f   MSVCRT:atonexit.obj
 0001:0003d04c       atexit                     000000018003e04c f   MSVCRT:atonexit.obj
 0001:0003d064       _RTC_Initialize            000000018003e064 f   MSVCRT:_initsect_.obj
 0001:0003d09c       _RTC_Terminate             000000018003e09c f   MSVCRT:_initsect_.obj
 0001:0003d0d4       _malloc_crt                000000018003e0d4 f   MSVCRT:MSVCR100.dll
 0001:0003d0e0       _ValidateImageBase         000000018003e0e0 f   MSVCRT:pesect.obj
 0001:0003d110       _FindPESection             000000018003e110 f   MSVCRT:pesect.obj
 0001:0003d160       _IsNonwritableInCurrentImage 000000018003e160 f   MSVCRT:pesect.obj
 0001:0003d1a2       _initterm                  000000018003e1a2 f   MSVCRT:MSVCR100.dll
 0001:0003d1a8       _initterm_e                000000018003e1a8 f   MSVCRT:MSVCR100.dll
 0001:0003d1ae       _encoded_null              000000018003e1ae f   MSVCRT:MSVCR100.dll
 0001:0003d1b4       _amsg_exit                 000000018003e1b4 f   MSVCRT:MSVCR100.dll
 0001:0003d1ba       __C_specific_handler       000000018003e1ba f   MSVCRT:MSVCR100.dll
 0001:0003d1c0       __CppXcptFilter            000000018003e1c0 f   MSVCRT:MSVCR100.dll
 0001:0003d1c8       DllMain                    000000018003e1c8 f   MSVCRT:dllmain.obj
 0001:0003d1ec       __security_init_cookie     000000018003e1ec f   MSVCRT:gs_support.obj
 0001:0003d2a0       __crt_debugger_hook        000000018003e2a0 f   MSVCRT:MSVCR100.dll
 0001:0003d2a6       __clean_type_info_names_internal 000000018003e2a6 f   MSVCRT:MSVCR100.dll
 0001:0003d2ac       _unlock                    000000018003e2ac f   MSVCRT:MSVCR100.dll
 0001:0003d2b2       __dllonexit                000000018003e2b2 f   MSVCRT:MSVCR100.dll
 0001:0003d2b8       _lock                      000000018003e2b8 f   MSVCRT:MSVCR100.dll
 0001:0003d2be       EncodePointer              000000018003e2be f   kernel32:KERNEL32.dll
 0001:0003d2c4       DecodePointer              000000018003e2c4 f   kernel32:KERNEL32.dll
 0001:0003d2ca       Sleep                      000000018003e2ca f   kernel32:KERNEL32.dll
 0001:0003d2d0       TerminateProcess           000000018003e2d0 f   kernel32:KERNEL32.dll
 0001:0003d2d6       GetCurrentProcess          000000018003e2d6 f   kernel32:KERNEL32.dll
 0001:0003d2dc       UnhandledExceptionFilter   000000018003e2dc f   kernel32:KERNEL32.dll
 0001:0003d2e2       SetUnhandledExceptionFilter 000000018003e2e2 f   kernel32:KERNEL32.dll
 0001:0003d2e8       IsDebuggerPresent          000000018003e2e8 f   kernel32:KERNEL32.dll
 0001:0003d2ee       RtlVirtualUnwind           000000018003e2ee f   kernel32:KERNEL32.dll
 0001:0003d2f4       RtlLookupFunctionEntry     000000018003e2f4 f   kernel32:KERNEL32.dll
 0001:0003d2fa       RtlCaptureContext          000000018003e2fa f   kernel32:KERNEL32.dll
 0001:0003d300       DisableThreadLibraryCalls  000000018003e300 f   kernel32:KERNEL32.dll
 0001:0003d306       QueryPerformanceCounter    000000018003e306 f   kernel32:KERNEL32.dll
 0001:0003d30c       GetTickCount               000000018003e30c f   kernel32:KERNEL32.dll
 0001:0003d312       GetCurrentThreadId         000000018003e312 f   kernel32:KERNEL32.dll
 0001:0003d318       GetCurrentProcessId        000000018003e318 f   kernel32:KERNEL32.dll
 0001:0003d31e       GetSystemTimeAsFileTime    000000018003e31e f   kernel32:KERNEL32.dll
 0002:00000000       __imp_RtlLookupFunctionEntry 000000018003f000     kernel32:KERNEL32.dll
 0002:00000008       __imp_RtlVirtualUnwind     000000018003f008     kernel32:KERNEL32.dll
 0002:00000010       __imp_IsDebuggerPresent    000000018003f010     kernel32:KERNEL32.dll
 0002:00000018       __imp_SetUnhandledExceptionFilter 000000018003f018     kernel32:KERNEL32.dll
 0002:00000020       __imp_UnhandledExceptionFilter 000000018003f020     kernel32:KERNEL32.dll
 0002:00000028       __imp_GetCurrentProcess    000000018003f028     kernel32:KERNEL32.dll
 0002:00000030       __imp_TerminateProcess     000000018003f030     kernel32:KERNEL32.dll
 0002:00000038       __imp_Sleep                000000018003f038     kernel32:KERNEL32.dll
 0002:00000040       __imp_DecodePointer        000000018003f040     kernel32:KERNEL32.dll
 0002:00000048       __imp_EncodePointer        000000018003f048     kernel32:KERNEL32.dll
 0002:00000050       __imp_DisableThreadLibraryCalls 000000018003f050     kernel32:KERNEL32.dll
 0002:00000058       __imp_QueryPerformanceCounter 000000018003f058     kernel32:KERNEL32.dll
 0002:00000060       __imp_GetTickCount         000000018003f060     kernel32:KERNEL32.dll
 0002:00000068       __imp_GetCurrentThreadId   000000018003f068     kernel32:KERNEL32.dll
 0002:00000070       __imp_GetCurrentProcessId  000000018003f070     kernel32:KERNEL32.dll
 0002:00000078       __imp_GetSystemTimeAsFileTime 000000018003f078     kernel32:KERNEL32.dll
 0002:00000080       __imp_RtlCaptureContext    000000018003f080     kernel32:KERNEL32.dll
 0002:00000088       \177KERNEL32_NULL_THUNK_DATA 000000018003f088     kernel32:KERNEL32.dll
 0002:00000090       __imp__onexit              000000018003f090     MSVCRT:MSVCR100.dll
 0002:00000098       __imp__lock                000000018003f098     MSVCRT:MSVCR100.dll
 0002:000000a0       __imp___dllonexit          000000018003f0a0     MSVCRT:MSVCR100.dll
 0002:000000a8       __imp__unlock              000000018003f0a8     MSVCRT:MSVCR100.dll
 0002:000000b0       __imp___clean_type_info_names_internal 000000018003f0b0     MSVCRT:MSVCR100.dll
 0002:000000b8       __imp___crt_debugger_hook  000000018003f0b8     MSVCRT:MSVCR100.dll
 0002:000000c0       __imp___CppXcptFilter      000000018003f0c0     MSVCRT:MSVCR100.dll
 0002:000000c8       __imp___C_specific_handler 000000018003f0c8     MSVCRT:MSVCR100.dll
 0002:000000d0       __imp__amsg_exit           000000018003f0d0     MSVCRT:MSVCR100.dll
 0002:000000d8       __imp__encoded_null        000000018003f0d8     MSVCRT:MSVCR100.dll
 0002:000000e0       __imp__initterm_e          000000018003f0e0     MSVCRT:MSVCR100.dll
 0002:000000e8       __imp__initterm            000000018003f0e8     MSVCRT:MSVCR100.dll
 0002:000000f0       __imp__malloc_crt          000000018003f0f0     MSVCRT:MSVCR100.dll
 0002:000000f8       __imp_ldexp                000000018003f0f8     MSVCRT:MSVCR100.dll
 0002:00000100       __imp__setjmp              000000018003f100     MSVCRT:MSVCR100.dll
 0002:00000108       __imp_strrchr              000000018003f108     MSVCRT:MSVCR100.dll
 0002:00000110       __imp_ceil                 000000018003f110     MSVCRT:MSVCR100.dll
 0002:00000118       __imp_strncmp              000000018003f118     MSVCRT:MSVCR100.dll
 0002:00000120       __imp_longjmp              000000018003f120     MSVCRT:MSVCR100.dll
 0002:00000128       __imp_strncpy              000000018003f128     MSVCRT:MSVCR100.dll
 0002:00000130       __imp_memcpy               000000018003f130     MSVCRT:MSVCR100.dll
 0002:00000138       __imp_strcat               000000018003f138     MSVCRT:MSVCR100.dll
 0002:00000140       __imp_malloc               000000018003f140     MSVCRT:MSVCR100.dll
 0002:00000148       __imp_sprintf              000000018003f148     MSVCRT:MSVCR100.dll
 0002:00000150       __imp_free                 000000018003f150     MSVCRT:MSVCR100.dll
 0002:00000158       __imp_strcmp               000000018003f158     MSVCRT:MSVCR100.dll
 0002:00000160       __imp_memset               000000018003f160     MSVCRT:MSVCR100.dll
 0002:00000168       __imp_strlen               000000018003f168     MSVCRT:MSVCR100.dll
 0002:00000170       \177MSVCR100_NULL_THUNK_DATA 000000018003f170     MSVCRT:MSVCR100.dll
 0002:00000178       __imp_emlrtIsEnumR2009a    000000018003f178     libemlrt:libemlrt.dll
 0002:00000180       __imp_emlrtGetEnumUnderlyingArrayR2009a 000000018003f180     libemlrt:libemlrt.dll
 0002:00000188       __imp_emlrtTranslateUTF16MessagetoLCPstring 000000018003f188     libemlrt:libemlrt.dll
 0002:00000190       __imp_emlrtForLoopVectorIsValidR2011b 000000018003f190     libemlrt:libemlrt.dll
 0002:00000198       __imp_emlrtTranslateMessageIDtoLCPstring 000000018003f198     libemlrt:libemlrt.dll
 0002:000001a0       __imp_emlrtExtractMessageId 000000018003f1a0     libemlrt:libemlrt.dll
 0002:000001a8       __imp_emlrtNameCapturePostProcessR2012a 000000018003f1a8     libemlrt:libemlrt.dll
 0002:000001b0       __imp_emlrtImportVsFiArrayR2009b 000000018003f1b0     libemlrt:libemlrt.dll
 0002:000001b8       __imp_emlrtCreateReference 000000018003f1b8     libemlrt:libemlrt.dll
 0002:000001c0       __imp_emlrtGetEnumElementR2009a 000000018003f1c0     libemlrt:libemlrt.dll
 0002:000001c8       __imp_emlrtCreateEnumR2012b 000000018003f1c8     libemlrt:libemlrt.dll
 0002:000001d0       __imp_emlrtCheckEnumR2012b 000000018003f1d0     libemlrt:libemlrt.dll
 0002:000001d8       __imp_emlrtCheckVsBuiltInR2012b 000000018003f1d8     libemlrt:libemlrt.dll
 0002:000001e0       __imp_emlrtCheckBuiltInR2012b 000000018003f1e0     libemlrt:libemlrt.dll
 0002:000001e8       __imp_emlrtDestroyRootTLS  000000018003f1e8     libemlrt:libemlrt.dll
 0002:000001f0       __imp_emlrtCreateRootTLS   000000018003f1f0     libemlrt:libemlrt.dll
 0002:000001f8       \177libemlrt_NULL_THUNK_DATA 000000018003f1f8     libemlrt:libemlrt.dll
 0002:00000200       __imp_ssRegisterDataTypeFxpFSlopeFixExpBias 000000018003f200     libfixedpoint:libfixedpoint.dll
 0002:00000208       __imp_ssRegisterDataTypeFxpScaledDouble 000000018003f208     libfixedpoint:libfixedpoint.dll
 0002:00000210       \177libfixedpoint_NULL_THUNK_DATA 000000018003f210     libfixedpoint:libfixedpoint.dll
 0002:00000218       __imp_mexLock              000000018003f218     libmex:libmex.dll
 0002:00000220       __imp_mexMakeMemoryPersistent 000000018003f220     libmex:libmex.dll
 0002:00000228       __imp_mexFunctionName      000000018003f228     libmex:libmex.dll
 0002:00000230       __imp_mexIsLocked          000000018003f230     libmex:libmex.dll
 0002:00000238       __imp_mexGetVariable       000000018003f238     libmex:libmex.dll
 0002:00000240       __imp_mexPutVariable       000000018003f240     libmex:libmex.dll
 0002:00000248       __imp_mexWarnMsgTxt        000000018003f248     libmex:libmex.dll
 0002:00000250       __imp_mexSetTrapFlag       000000018003f250     libmex:libmex.dll
 0002:00000258       __imp_mexCallMATLAB        000000018003f258     libmex:libmex.dll
 0002:00000260       __imp_mexErrMsgTxt         000000018003f260     libmex:libmex.dll
 0002:00000268       __imp_mexMakeArrayPersistent 000000018003f268     libmex:libmex.dll
[...]
 0001:00012fe0       sf_mex_check_complex       0000000180013fe0 f   sfc_mex:sfc_mex.obj
 0001:00013070       sf_mex_check_sparse        0000000180014070 f   sfc_mex:sfc_mex.obj
 0001:000130d0       sf_mex_check_numerictype   00000001800140d0 f   sfc_mex:sfc_mex.obj
 0001:00013260       sf_mex_check_fimath        0000000180014260 f   sfc_mex:sfc_mex.obj
 0001:00013dc0       size_mismatch_error        0000000180014dc0 f   sfc_mex:sfc_mex.obj
 0001:00014830       check_array_dimensions     0000000180015830 f   sfc_mex:sfc_mex.obj
 0001:000148a0       check_input_mxarray        00000001800158a0 f   sfc_mex:sfc_mex.obj
 0001:00014fe0       sf_numeric_value_to_double 0000000180015fe0 f   sfc_mex:sfc_mex.obj
 0001:00015030       ml_generic_out_of_bounds_check 0000000180016030 f   sfc_mex:sfc_mex.obj
 0001:000151f0       ml_get_element_value_from_array 00000001800161f0 f   sfc_mex:sfc_mex.obj
 0001:00015590       _ml_generic_castability_check 0000000180016590 f   sfc_mex:sfc_mex.obj
 0001:00015ce0       ml_generic_castability_check 0000000180016ce0 f   sfc_mex:sfc_mex.obj
 0001:00015d80       ml_check_mx_array_for_single_castability 0000000180016d80 f   sfc_mex:sfc_mex.obj
 0001:00015e20       ml_check_mx_array_for_logical_castability 0000000180016e20 f   sfc_mex:sfc_mex.obj
 0001:00015ec0       ml_check_mx_array_for_int8_castability 0000000180016ec0 f   sfc_mex:sfc_mex.obj
 0001:00015f70       ml_check_mx_array_for_uint8_castability 0000000180016f70 f   sfc_mex:sfc_mex.obj
 0001:00015fd0       ml_check_mx_array_for_int16_castability 0000000180016fd0 f   sfc_mex:sfc_mex.obj
 0001:00016030       ml_check_mx_array_for_uint16_castability 0000000180017030 f   sfc_mex:sfc_mex.obj
 0001:00016090       ml_check_mx_array_for_int32_castability 0000000180017090 f   sfc_mex:sfc_mex.obj
 0001:000160f0       ml_check_mx_array_for_uint32_castability 00000001800170f0 f   sfc_mex:sfc_mex.obj
 0001:00016150       ml_check_mx_array_for_castability 0000000180017150 f   sfc_mex:sfc_mex.obj
 0001:00016970       set_data_value             0000000180017970 f   sfc_mex:sfc_mex.obj
 0001:00016ce0       get_data_value             0000000180017ce0 f   sfc_mex:sfc_mex.obj
 0001:00016df0       get_next_element_address   0000000180017df0 f   sfc_mex:sfc_mex.obj
 0001:00016ec0       sf_normalize_index         0000000180017ec0 f   sfc_mex:sfc_mex.obj
 0001:00017270       ml_array_index_bound_check 0000000180018270 f   sfc_mex:sfc_mex.obj
 0001:00017df0       mx_value                   0000000180018df0 f   sfc_mex:sfc_mex.obj
 0001:00017e40       sf_create_numeric_array    0000000180018e40 f   sfc_mex:sfc_mex.obj
 0001:00017ee0       sf_mex_assign_to_mx_array  0000000180018ee0 f   sfc_mex:sfc_mex.obj
 0001:00018250       assign_from_mx_array       0000000180019250 f   sfc_mex:sfc_mex.obj
 0001:000189b0       sf_mex_import_v            00000001800199b0 f   sfc_mex:sfc_mex.obj
 0001:000190c0       get_machine_and_chart_file_number 000000018001a0c0 f   sfc_mex:sfc_sf.obj
 0001:000191b0       get_sfun_block_specialization 000000018001a1b0 f   sfc_mex:sfc_sf.obj
 0001:00019260       call_sf_machine_global_method_dispatcher 000000018001a260 f   sfc_mex:sfc_sf.obj
 0001:000194b0       mdl_zeroCrossings_processing 000000018001a4b0 f   sfc_mex:sfc_sf.obj
 0001:00019590       mdl_derivatives_processing 000000018001a590 f   sfc_mex:sfc_sf.obj
 0001:00019870       mdl_outputs_continuous_legacy 000000018001a870 f   sfc_mex:sfc_sf.obj
 0001:000198f0       mdl_outputs_processing     000000018001a8f0 f   sfc_mex:sfc_sf.obj
 0001:00019b60       mdl_enable_processing      000000018001ab60 f   sfc_mex:sfc_sf.obj
 0001:00019c40       mdl_disable_processing     000000018001ac40 f   sfc_mex:sfc_sf.obj
 0001:0001aad0       sf_call_output_fcn_enable_disable 000000018001bad0 f   sfc_mex:sfc_sf.obj
 0001:0001ad50       set_dwork_information_from_mx_array 000000018001bd50 f   sfc_mex:sfc_sf.obj
 0001:0001b640       ptr2mxStruct               000000018001c640 f   sfc_mex:sfc_sf.obj
 0001:0001b950       SNPRINTF_WRAPPER           000000018001c950 f   sfc_debug:sfcdebug.obj
 0001:0001b980       sf_debug_chart_instance_initialized 000000018001c980 f   sfc_debug:sfcdebug.obj
 0001:0001bb20       sfrtAddSize                000000018001cb20 f   sfc_debug:sfcdebug.obj
 0001:0001bbe0       sfrtGenSizeString          000000018001cbe0 f   sfc_debug:sfcdebug.obj
 0001:0001c330       fill_single_message_info   000000018001d330 f   sfc_debug:sfcdebug.obj
 0001:0001c5b0       sf_debug_sim_status_listener 000000018001d5b0 f   sfc_debug:sfcdebug.obj
 0001:0001cb40       sf_debug_form_mask_bits    000000018001db40 f   sfc_debug:sfcdebug.obj
 0001:0001cb60       sf_debug_form_sf_data_type_offsets 000000018001db60 f   sfc_debug:sfcdebug.obj
 0001:0001cc20       sf_debug_free_all          000000018001dc20 f   sfc_debug:sfcdebug.obj
 0001:0001cdb0       sf_debug_append_debugger_context 000000018001ddb0 f   sfc_debug:sfcdebug.obj
 0001:0001d120       local_strdup               000000018001e120 f   sfc_debug:sfcdebug.obj
 0001:0001e0a0       sf_debug_em_terminate      000000018001f0a0 f   sfc_debug:sfcdebug.obj
 0001:0001e0e0       sf_debug_push_eml_function 000000018001f0e0 f   sfc_debug:sfcdebug.obj
 0001:0001e180       sf_debug_pop_eml_function  000000018001f180 f   sfc_debug:sfcdebug.obj
 0001:0001ee20       sf_debug_get_machine_number_from_id_or_name 000000018001fe20 f   sfc_debug:sfcdebug.obj
 0001:0001ef70       sf_debug_get_chart_number_from_id 000000018001ff70 f   sfc_debug:sfcdebug.obj
 0001:0001fd50       sf_debug_transfer_control_to_debugger_GUI 0000000180020d50 f   sfc_debug:sfcdebug.obj
 0001:00020cc0       sf_debug_scripts_rehash    0000000180021cc0 f   sfc_debug:sfcdebug.obj
 0001:00020ed0       sf_debug_get_script_line_count 0000000180021ed0 f   sfc_debug:sfcdebug.obj
 0001:00021920       cv_eml_state_cvId          0000000180022920 f   sfc_debug:sfcdebug.obj
 0001:00021990       cv_eml_trans_cvId          0000000180022990 f   sfc_debug:sfcdebug.obj
 0001:00022e10       sf_debug_data_array_bounds_error 0000000180023e10 f   sfc_debug:sfcdebug.obj
 0001:000231c0       eml_debug_runtime_error_doclink 00000001800241c0 f   sfc_debug:sfcdebug.obj
 0001:00023330       sf_debug_runtime_error     0000000180024330 f   sfc_debug:sfcdebug.obj
 0001:000233a0       sf_debug_matlab_error      00000001800243a0 f   sfc_debug:sfcdebug.obj
 0001:00023d10       sf_debug_data_value_error  0000000180024d10 f   sfc_debug:sfcdebug.obj
 0001:000245e0       sf_debug_data_loss_error   00000001800255e0 f   sfc_debug:sfcdebug.obj
 0001:00025500       call_cv_range_check        0000000180026500 f   sfc_debug:sfcdebug.obj
 0001:00025d60       sf_debug_invoke_cycle_detection_code 0000000180026d60 f   sfc_debug:sfcdebug.obj
 0001:000268d0       sf_reset_debug_info_struct 00000001800278d0 f   sfc_debug:sfcdebug.obj
 0001:000270c0       cv_script_cvId             00000001800280c0 f   sfc_debug:sfcdebug.obj
 0001:00028280       sfc_api_chart_visible      0000000180029280 f   sfc_debug:sfc_api.obj
 0001:00028310       sfc_api_active_instance    0000000180029310 f   sfc_debug:sfc_api.obj
 0001:000283a0       sfc_api_machine_load       00000001800293a0 f   sfc_debug:sfc_api.obj
 0001:00028490       sfc_api_debugger_alive     0000000180029490 f   sfc_debug:sfc_api.obj
 0001:000284a0       sfc_api_go                 00000001800294a0 f   sfc_debug:sfc_api.obj
 0001:000284b0       sfc_api_step_over          00000001800294b0 f   sfc_debug:sfc_api.obj
 0001:000284c0       sfc_api_step_out           00000001800294c0 f   sfc_debug:sfc_api.obj
 0001:000284d0       sfc_api_resume             00000001800294d0 f   sfc_debug:sfc_api.obj
 0001:000284e0       sfc_api_break              00000001800294e0 f   sfc_debug:sfc_api.obj
 0001:000284f0       sfc_api_stop_debugging     00000001800294f0 f   sfc_debug:sfc_api.obj
 0001:00028550       sfc_api_is_cycle_detected  0000000180029550 f   sfc_debug:sfc_api.obj
 0001:000285b0       sfc_api_is_array_bounds_detected 00000001800295b0 f   sfc_debug:sfc_api.obj
 0001:00028610       sfc_api_set_disable_all_breakpoints 0000000180029610 f   sfc_debug:sfc_api.obj
 0001:00028690       sfc_api_disable_all_breakpoints_and_go 0000000180029690 f   sfc_debug:sfc_api.obj
 0001:000286a0       sfc_api_close              00000001800296a0 f   sfc_debug:sfc_api.obj
 0001:000286b0       sfc_api_browse_data        00000001800296b0 f   sfc_debug:sfc_api.obj
 0001:00028730       sfc_api_watch_data         0000000180029730 f   sfc_debug:sfc_api.obj
 0001:00028840       sfc_api_extract_message_post_receive_info 0000000180029840 f   sfc_debug:sfc_api.obj
 0001:00028860       sfc_api_assign_data        0000000180029860 f   sfc_debug:sfc_api.obj
 0001:00028910       sfc_api_whos               0000000180029910 f   sfc_debug:sfc_api.obj
 0001:000289a0       sfc_api_get_consistency_info 00000001800299a0 f   sfc_debug:sfc_api.obj
 0001:000289b0       sfc_api_browse_trace       00000001800299b0 f   sfc_debug:sfc_api.obj
 0001:000289c0       sfc_api_break_on_chart_entry 00000001800299c0 f   sfc_debug:sfc_api.obj
 0001:000289f0       sfc_api_break_on_event_broadcast 00000001800299f0 f   sfc_debug:sfc_api.obj
 0001:00028a20       sfc_api_break_on_state_entry 0000000180029a20 f   sfc_debug:sfc_api.obj
 0001:00028a50       sfc_api_set_watch          0000000180029a50 f   sfc_debug:sfc_api.obj
 0001:00028b00       sfc_api_set_breakpoints    0000000180029b00 f   sfc_debug:sfc_api.obj
 0001:00028bc0       sfc_api_set_eml_breakpoints 0000000180029bc0 f   sfc_debug:sfc_api.obj
 0001:00028c60       sfc_api_set_script_breakpoints 0000000180029c60 f   sfc_debug:sfc_api.obj
 0001:00028cc0       sfc_api_add_script_breakpoints 0000000180029cc0 f   sfc_debug:sfc_api.obj
 0001:00028d20       sfc_api_clear_script_breakpoints 0000000180029d20 f   sfc_debug:sfc_api.obj
 0001:00028d80       sfc_api_query_script_breakpoints 0000000180029d80 f   sfc_debug:sfc_api.obj
 0001:00028df0       sfc_api_get_script_id      0000000180029df0 f   sfc_debug:sfc_api.obj
 0001:00028eb0       sfc_api_get_active_states  0000000180029eb0 f   sfc_debug:sfc_api.obj
 0001:00028f40       sfc_api_break_between_times 0000000180029f40 f   sfc_debug:sfc_api.obj
 0001:00028fb0       sfc_api_get_instance_handle 0000000180029fb0 f   sfc_debug:sfc_api.obj
 0001:00029080       sfc_api_set_animation      000000018002a080 f   sfc_debug:sfc_api.obj
 0001:000290d0       sfc_api_select_chart       000000018002a0d0 f   sfc_debug:sfc_api.obj
 0001:00029140       sfc_api_select_charts      000000018002a140 f   sfc_debug:sfc_api.obj
 0001:00029170       sfc_api_cycle_detection_check 000000018002a170 f   sfc_debug:sfc_api.obj
 0001:000291c0       sfc_api_data_range_check   000000018002a1c0 f   sfc_debug:sfc_api.obj
 0001:00029210       sfc_api_transition_conflict_check 000000018002a210 f   sfc_debug:sfc_api.obj
 0001:00029260       sfc_api_state_consistency_check 000000018002a260 f   sfc_debug:sfc_api.obj
 0001:000292b0       sfc_api_set_instance_cv_ids 000000018002a2b0 f   sfc_debug:sfc_api.obj
 0001:000293e0       sfc_api_set_script_cv_ids  000000018002a3e0 f   sfc_debug:sfc_api.obj
 0001:000294b0       sfc_api_get_current_machine_id 000000018002a4b0 f   sfc_debug:sfc_api.obj
 0001:000294e0       sfc_api_get_current_machine_number 000000018002a4e0 f   sfc_debug:sfc_api.obj
 0001:00029510       sfc_api_get_current_chart_number 000000018002a510 f   sfc_debug:sfc_api.obj
 0001:00029540       sfc_api_get_current_instance_number 000000018002a540 f   sfc_debug:sfc_api.obj
 0001:00029570       sfc_api_get_current_instance_handle 000000018002a570 f   sfc_debug:sfc_api.obj
 0001:00029590       sfc_api_get_current_is_minor_time_step 000000018002a590 f   sfc_debug:sfc_api.obj
 0001:000295c0       sfc_api_get_current_machine_name 000000018002a5c0 f   sfc_debug:sfc_api.obj
 0001:000295e0       sfc_api_get_current_chart_id 000000018002a5e0 f   sfc_debug:sfc_api.obj
 0001:00029610       sfc_api_get_current_object_type 000000018002a610 f   sfc_debug:sfc_api.obj
 0001:00029640       sfc_api_get_current_event_type 000000018002a640 f   sfc_debug:sfc_api.obj
 0001:00029670       sfc_api_get_current_object_id 000000018002a670 f   sfc_debug:sfc_api.obj
 0001:000296a0       sfc_get_current_active_event_type 000000018002a6a0 f   sfc_debug:sfc_api.obj
 0001:000296d0       sfc_api_get_current_active_event_id 000000018002a6d0 f   sfc_debug:sfc_api.obj
 0001:00029700       sfc_api_get_current_simulation_time 000000018002a700 f   sfc_debug:sfc_api.obj
 0001:00029720       sfc_get_current_tag_type   000000018002a720 f   sfc_debug:sfc_api.obj
 0001:00029750       sfc_get_current_coverage_percentage 000000018002a750 f   sfc_debug:sfc_api.obj
 0001:00029770       sfc_get_current_statement_context 000000018002a770 f   sfc_debug:sfc_api.obj
 0001:00029790       sfc_get_current_optional_integer 000000018002a790 f   sfc_debug:sfc_api.obj
 0001:000297c0       sfc_get_current_statement_info 000000018002a7c0 f   sfc_debug:sfc_api.obj
 0001:00029860       sfc_api_get                000000018002a860 f   sfc_debug:sfc_api.obj
 0001:0002a4c0       sf_debug_sm_fill_state_activity_data 000000018002b4c0 f   sfc_debug:sfdb_animation.obj
 0001:0002cd00       void_ptr_stack_vector_free_total 000000018002dd00 f   sfc_debug:sfdb_data_browse.obj
 0001:0002cd80       sf_debug_st_terminate_machine 000000018002dd80 f   sfc_debug:sfdb_data_browse.obj
 0001:0002cdc0       sf_debug_st_terminate_instance 000000018002ddc0 f   sfc_debug:sfdb_data_browse.obj
 0001:0002d170       push_on_to_void_ptr_stack  000000018002e170 f   sfc_debug:sfdb_data_browse.obj
 0001:0002d300       pop_from_void_ptr_stack    000000018002e300 f   sfc_debug:sfdb_data_browse.obj
 0001:0002d430       sf_debug_st_get_data_value 000000018002e430 f   sfc_debug:sfdb_data_browse.obj
 0001:0002d960       mx_value                   000000018002e960 f   sfc_debug:sfdb_data_browse.obj
 0001:0002d9a0       sf_debug_st_fill_data_struct 000000018002e9a0 f   sfc_debug:sfdb_data_browse.obj
 0001:0002dce0       data_type_format_strings   000000018002ece0 f   sfc_debug:sfdb_data_browse.obj
 0001:0002dd90       sf_debug_st_fill_data      000000018002ed90 f   sfc_debug:sfdb_data_browse.obj
 0001:0002ea80       sf_debug_hm_get_simulink_handle 000000018002fa80 f   sfc_debug:sfdb_handle_management.obj
 0001:0002f530       sf_debug_hm_initialize_globals 0000000180030530 f   sfc_debug:sfdb_handle_management.obj
 0001:0002f630       sf_debug_hm_get_machine_debug_flag 0000000180030630 f   sfc_debug:sfdb_handle_management.obj
 0001:0002f7a0       sf_debug_hm_get_machine_id 00000001800307a0 f   sfc_debug:sfdb_handle_management.obj
 0001:0002f8c0       sf_debug_hm_get_chart_id   00000001800308c0 f   sfc_debug:sfdb_handle_management.obj
 0001:0002fa60       sf_debug_hm_register_executing_SFunction 0000000180030a60 f   sfc_debug:sfdb_handle_management.obj
 0001:0002fdf0       sf_debug_hm_form_object_boolean_properties 0000000180030df0 f   sfc_debug:sfdb_handle_management.obj
 0001:000300c0       sf_debug_hm_form_object_properties 00000001800310c0 f   sfc_debug:sfdb_handle_management.obj
 0001:00030300       sf_debug_hm_terminate_charts 0000000180031300 f   sfc_debug:sfdb_handle_management.obj
 0001:000309e0       sf_debug_hm_terminate_machines 00000001800319e0 f   sfc_debug:sfdb_handle_management.obj
 0001:00032450       sf_debug_ss_copy_dimension 0000000180033450 f   sfc_debug:sfdb_symbol_scope.obj
 0001:00032510       sf_debug_ss_get_number_elements 0000000180033510 f   sfc_debug:sfdb_symbol_scope.obj
 0001:00032530       sf_debug_ss_fill_data_struct 0000000180033530 f   sfc_debug:sfdb_symbol_scope.obj
 0001:00032880       sf_debug_ss_reset_data_info 0000000180033880 f   sfc_debug:sfdb_symbol_scope.obj
 0001:000328e0       sf_debug_fill_data_info_by_symbol_scope_entry 00000001800338e0 f   sfc_debug:sfdb_symbol_scope.obj
 0001:000329a0       sf_debug_fill_data_info_by_data_vector 00000001800339a0 f   sfc_debug:sfdb_symbol_scope.obj
 0001:00032bf0       get_data_info_helper       0000000180033bf0 f   sfc_debug:sfdb_symbol_scope.obj
 0001:00032ee0       sf_debug_ss_get_data_info  0000000180033ee0 f   sfc_debug:sfdb_symbol_scope.obj
 0001:00033100       sf_debug_select_mex_function 0000000180034100 f   sfc_debug:sfdb_symbol_scope.obj
 0001:00033130       sf_debug_is_dyn_matrix_initialized 0000000180034130 f   sfc_debug:sfdb_symbol_scope.obj
 0001:00033150       sf_debug_ss_set_data_value_try 0000000180034150 f   sfc_debug:sfdb_symbol_scope.obj
 0001:00033340       sf_debug_ss_get_data_value 0000000180034340 f   sfc_debug:sfdb_symbol_scope.obj
 0001:00033aa0       sf_debug_ss_data_bytes_string 0000000180034aa0 f   sfc_debug:sfdb_symbol_scope.obj
 0001:00033b30       sf_debug_ss_data_class_string 0000000180034b30 f   sfc_debug:sfdb_symbol_scope.obj
 0001:00033eb0       sf_debug_ss_data_size_string 0000000180034eb0 f   sfc_debug:sfdb_symbol_scope.obj
 0001:00033f90       sf_debug_ss_data_create_data_info_struct 0000000180034f90 f   sfc_debug:sfdb_symbol_scope.obj
 0001:00034240       sf_debug_ss_data_create_name_value_pair 0000000180035240 f   sfc_debug:sfdb_symbol_scope.obj
 0001:000342e0       sf_debug_ss_data_get_whos_info 00000001800352e0 f   sfc_debug:sfdb_symbol_scope.obj
 0001:000342f0       same_named_data_in_data_array 00000001800352f0 f   sfc_debug:sfdb_symbol_scope.obj
 0001:00035a80       sf_debug_cc_terminate_chart 0000000180036a80 f   sfc_debug:sfdb_coverage.obj
 0001:00035d90       sf_debug_cc_terminate_instance 0000000180036d90 f   sfc_debug:sfdb_coverage.obj
 0001:00036960       sf_debug_cc_mark_object_if_needed 0000000180037960 f   sfc_debug:sfdb_coverage.obj
 0001:000371e0       sf_debug_bm_initialize_eml 00000001800381e0 f   sfc_debug:sfdb_breakpoints.obj
 0001:000382a0       sf_debug_bm_map_debug_tag_to_breakpoint_tag 00000001800392a0 f   sfc_debug:sfdb_breakpoints.obj
 0001:00038380       sf_debug_bm_is_a_eml_breakpoint_impl 0000000180039380 f   sfc_debug:sfdb_breakpoints.obj
 0001:00039cb0       sf_debug_sc_push_on_error_stack 000000018003acb0 f   sfc_debug:sfdb_state_consistency.obj
 0001:00039dd0       sf_debug_sc_reset_error_stack 000000018003add0 f   sfc_debug:sfdb_state_consistency.obj
 0001:00039f60       sf_debug_sc_is_state_inconsistent 000000018003af60 f   sfc_debug:sfdb_state_consistency.obj
 0001:0003a250       sf_debug_sc_fill_consistency_info 000000018003b250 f   sfc_debug:sfdb_state_consistency.obj
 0001:0003a7f0       void_assertion_fcn         000000018003b7f0 f   sfc_debug:sfdb_call_stack.obj
 0001:0003ad40       sf_debug_tm_fill_local_trace 000000018003bd40 f   sfc_debug:sfdb_call_stack.obj
 0001:0003b2e0       sf_debug_cd_terminate_instance 000000018003c2e0 f   sfc_debug:sfdb_cycle_detection.obj
 0001:0003b340       sf_debug_cd_free_checksum_stack 000000018003c340 f   sfc_debug:sfdb_cycle_detection.obj
 0001:0003b390       sf_debug_cd_reset_pack_strings 000000018003c390 f   sfc_debug:sfdb_cycle_detection.obj
 0001:0003ba30       md5file_clear              000000018003ca30 f   sfc_debug:ckmd5.obj
 0001:0003ba60       Encode                     000000018003ca60 f   sfc_debug:ckmd5.obj
 0001:0003bab0       Decode                     000000018003cab0 f   sfc_debug:ckmd5.obj
 0001:0003bb50       MD5Transform               000000018003cb50 f   sfc_debug:ckmd5.obj
 0001:0003c3b0       md5file_addn               000000018003d3b0 f   sfc_debug:ckmd5.obj
 0001:0003c480       md5file_hash               000000018003d480 f   sfc_debug:ckmd5.obj
 0001:0003c9e4       pre_c_init                 000000018003d9e4 f   MSVCRT:crtdll.obj
 0001:0003cca0       __DllMainCRTStartup        000000018003dca0 f   MSVCRT:crtdll.obj
 0001:0003d330       __DllMainCRTStartup$filt$0 000000018003e330 f   MSVCRT:crtdll.obj
 0001:0003d360       __DllMainCRTStartup$fin$1  000000018003e360 f   MSVCRT:crtdll.obj
 0001:0003d37a       _onexit$fin$0              000000018003e37a f   MSVCRT:atonexit.obj
 0001:0003d3a0       _IsNonwritableInCurrentImage$filt$0 000000018003e3a0 f   MSVCRT:pesect.obj
